Archive member included to satisfy reference by file (symbol)

D:\Users\hunti_000\AppData\Roaming\GNU Tools ARM Embedded\7 2017-q4-major\lib\gcc\arm-none-eabi\7.2.1\thumb\v6-m\libgcc.a(_udivsi3.o)
                              Motor_control.o (__aeabi_uidiv)
D:\Users\hunti_000\AppData\Roaming\GNU Tools ARM Embedded\7 2017-q4-major\lib\gcc\arm-none-eabi\7.2.1\thumb\v6-m\libgcc.a(_divsi3.o)
                              serial.o (__aeabi_idiv)
D:\Users\hunti_000\AppData\Roaming\GNU Tools ARM Embedded\7 2017-q4-major\lib\gcc\arm-none-eabi\7.2.1\thumb\v6-m\libgcc.a(_dvmd_tls.o)
                              D:\Users\hunti_000\AppData\Roaming\GNU Tools ARM Embedded\7 2017-q4-major\lib\gcc\arm-none-eabi\7.2.1\thumb\v6-m\libgcc.a(_udivsi3.o) (__aeabi_idiv0)
D:\Users\hunti_000\AppData\Roaming\GNU Tools ARM Embedded\7 2017-q4-major\arm-none-eabi\lib\thumb\v6-m\libc_nano.a(lib_a-getchar.o)
                              Motor_control.o (getchar)
D:\Users\hunti_000\AppData\Roaming\GNU Tools ARM Embedded\7 2017-q4-major\arm-none-eabi\lib\thumb\v6-m\libc_nano.a(lib_a-impure.o)
                              D:\Users\hunti_000\AppData\Roaming\GNU Tools ARM Embedded\7 2017-q4-major\arm-none-eabi\lib\thumb\v6-m\libc_nano.a(lib_a-getchar.o) (_impure_ptr)
D:\Users\hunti_000\AppData\Roaming\GNU Tools ARM Embedded\7 2017-q4-major\arm-none-eabi\lib\thumb\v6-m\libc_nano.a(lib_a-printf.o)
                              main.o (printf)
D:\Users\hunti_000\AppData\Roaming\GNU Tools ARM Embedded\7 2017-q4-major\arm-none-eabi\lib\thumb\v6-m\libc_nano.a(lib_a-puts.o)
                              main.o (puts)
D:\Users\hunti_000\AppData\Roaming\GNU Tools ARM Embedded\7 2017-q4-major\arm-none-eabi\lib\thumb\v6-m\libc_nano.a(lib_a-reent.o)
                              newlib_stubs.o (errno)
D:\Users\hunti_000\AppData\Roaming\GNU Tools ARM Embedded\7 2017-q4-major\arm-none-eabi\lib\thumb\v6-m\libc_nano.a(lib_a-wbuf.o)
                              D:\Users\hunti_000\AppData\Roaming\GNU Tools ARM Embedded\7 2017-q4-major\arm-none-eabi\lib\thumb\v6-m\libc_nano.a(lib_a-puts.o) (__swbuf_r)
D:\Users\hunti_000\AppData\Roaming\GNU Tools ARM Embedded\7 2017-q4-major\arm-none-eabi\lib\thumb\v6-m\libc_nano.a(lib_a-wsetup.o)
                              D:\Users\hunti_000\AppData\Roaming\GNU Tools ARM Embedded\7 2017-q4-major\arm-none-eabi\lib\thumb\v6-m\libc_nano.a(lib_a-puts.o) (__swsetup_r)
D:\Users\hunti_000\AppData\Roaming\GNU Tools ARM Embedded\7 2017-q4-major\arm-none-eabi\lib\thumb\v6-m\libc_nano.a(lib_a-fflush.o)
                              D:\Users\hunti_000\AppData\Roaming\GNU Tools ARM Embedded\7 2017-q4-major\arm-none-eabi\lib\thumb\v6-m\libc_nano.a(lib_a-wbuf.o) (_fflush_r)
D:\Users\hunti_000\AppData\Roaming\GNU Tools ARM Embedded\7 2017-q4-major\arm-none-eabi\lib\thumb\v6-m\libc_nano.a(lib_a-findfp.o)
                              D:\Users\hunti_000\AppData\Roaming\GNU Tools ARM Embedded\7 2017-q4-major\arm-none-eabi\lib\thumb\v6-m\libc_nano.a(lib_a-getchar.o) (__sinit)
D:\Users\hunti_000\AppData\Roaming\GNU Tools ARM Embedded\7 2017-q4-major\arm-none-eabi\lib\thumb\v6-m\libc_nano.a(lib_a-fwalk.o)
                              D:\Users\hunti_000\AppData\Roaming\GNU Tools ARM Embedded\7 2017-q4-major\arm-none-eabi\lib\thumb\v6-m\libc_nano.a(lib_a-findfp.o) (_fwalk)
D:\Users\hunti_000\AppData\Roaming\GNU Tools ARM Embedded\7 2017-q4-major\arm-none-eabi\lib\thumb\v6-m\libc_nano.a(lib_a-getc.o)
                              D:\Users\hunti_000\AppData\Roaming\GNU Tools ARM Embedded\7 2017-q4-major\arm-none-eabi\lib\thumb\v6-m\libc_nano.a(lib_a-getchar.o) (_getc_r)
D:\Users\hunti_000\AppData\Roaming\GNU Tools ARM Embedded\7 2017-q4-major\arm-none-eabi\lib\thumb\v6-m\libc_nano.a(lib_a-makebuf.o)
                              D:\Users\hunti_000\AppData\Roaming\GNU Tools ARM Embedded\7 2017-q4-major\arm-none-eabi\lib\thumb\v6-m\libc_nano.a(lib_a-wsetup.o) (__smakebuf_r)
D:\Users\hunti_000\AppData\Roaming\GNU Tools ARM Embedded\7 2017-q4-major\arm-none-eabi\lib\thumb\v6-m\libc_nano.a(lib_a-memset.o)
                              D:\Users\hunti_000\AppData\Roaming\GNU Tools ARM Embedded\7 2017-q4-major\arm-none-eabi\lib\thumb\v6-m\libc_nano.a(lib_a-findfp.o) (memset)
D:\Users\hunti_000\AppData\Roaming\GNU Tools ARM Embedded\7 2017-q4-major\arm-none-eabi\lib\thumb\v6-m\libc_nano.a(lib_a-nano-freer.o)
                              D:\Users\hunti_000\AppData\Roaming\GNU Tools ARM Embedded\7 2017-q4-major\arm-none-eabi\lib\thumb\v6-m\libc_nano.a(lib_a-reent.o) (_free_r)
D:\Users\hunti_000\AppData\Roaming\GNU Tools ARM Embedded\7 2017-q4-major\arm-none-eabi\lib\thumb\v6-m\libc_nano.a(lib_a-nano-mallocr.o)
                              D:\Users\hunti_000\AppData\Roaming\GNU Tools ARM Embedded\7 2017-q4-major\arm-none-eabi\lib\thumb\v6-m\libc_nano.a(lib_a-findfp.o) (_malloc_r)
D:\Users\hunti_000\AppData\Roaming\GNU Tools ARM Embedded\7 2017-q4-major\arm-none-eabi\lib\thumb\v6-m\libc_nano.a(lib_a-nano-vfprintf.o)
[...]
Memory Configuration

Name             Origin             Length             Attributes
flash            0x08000000         0x00010000
ram              0x20000000         0x00002000
*default*        0x00000000         0xffffffff

Linker script and memory map

LOAD main.o
LOAD serial.o
LOAD startup.o
LOAD newlib_stubs.o
LOAD USART2.o
LOAD Motor_control.o
LOAD Servo_control.o
START GROUP
LOAD D:\Users\hunti_000\AppData\Roaming\GNU Tools ARM Embedded\7 2017-q4-major\lib\gcc\arm-none-eabi\7.2.1\thumb\v6-m\libgcc.a
LOAD D:\Users\hunti_000\AppData\Roaming\GNU Tools ARM Embedded\7 2017-q4-major\arm-none-eabi\lib\thumb\v6-m\libc_nano.a
LOAD D:\Users\hunti_000\AppData\Roaming\GNU Tools ARM Embedded\7 2017-q4-major\arm-none-eabi\lib\thumb\v6-m\libm.a
END GROUP

.text           0x08000000     0x369c
 *(.vectors)
 .vectors       0x08000000       0xc0 startup.o
                0x08000000                Vectors
 *(.after_vectors*)
 .after_vectors
                0x080000c0       0x20 startup.o
                0x080000c0                ResetInit
 *(.text*)
 .text          0x080000e0      0x368 main.o
                0x080000e0                SysInit
                0x080001d0                lights
                0x08000280                Extract_op_val
                0x0800037c                main
 .text          0x08000448      0x508 serial.o
                0x08000448                ReadCom
                0x080004bc                WriteCom
                0x08000560                initUART
                0x080006a8                isr_usart1
                0x080006d4                usart_rx
                0x08000704                usart_tx
                0x0800077c                PutBuf
                0x080007da                GetBuf
                0x0800082c                GetBufCount
                0x08000840                eputs
                0x0800087c                eputc
                0x0800089a                egetc
                0x080008b4                egets
 .text          0x08000950      0x148 startup.o
                0x080009c4                initClock
                0x08000a70                Default_Handler
                0x08000a84                Hard_Fault_Handler
 .text          0x08000a98      0x2a8 newlib_stubs.o
                0x08000a98                _exit
                0x08000aa2                _close
                0x08000ab6                _execve
                0x08000ad8                _fork
                0x08000af0                _fstat
                0x08000b0c                _getpid
                0x08000b18                _kill
                0x08000b38                _link
                0x08000b58                _lseek
                0x08000b6e                _stat
                0x08000b8a                _times
                0x08000b9e                _unlink
                0x08000bbc                _wait
                0x08000bdc                _isatty
                0x08000c04                _sbrk
                0x08000c74                _read
                0x08000cec                _write
 .text          0x08000d40      0x194 USART2.o
                0x08000d40                initUSART2
                0x08000e3c                isr_usart2
                0x08000e68                usart2_rx
                0x08000e90                usart2_rxo
                0x08000eb4                putc2
 .text          0x08000ed4      0x994 Motor_control.o
                0x08000ed4                getsn
                0x08000f42                Timer1ISR
                0x08000f60                TogglePins
                0x08001020                go_straight
                0x08001060                go_reverse
                0x080010a0                turn_west
                0x080010e0                turn_east
                0x08001120                turn_NW
                0x08001170                turn_NE
                0x080011c0                turn_NNE
                0x08001204                turn_NNW
                0x08001248                turn_NEE
                0x08001294                turn_NWW
                0x080012e0                turn_SW
                0x0800132c                turn_SE
                0x08001378                turn_SSE
                0x080013bc                turn_SSW
                0x08001400                turn_SEE
                0x0800144c                turn_SWW
                0x08001498                stop
                0x080014cc                drive
 .text          0x08001868      0x108 Servo_control.o
                0x08001868                Timer2ISR
                0x08001894                Servo_PWM
                0x080018fc                servo_update
 .text          0x08001970      0x114 D:\Users\hunti_000\AppData\Roaming\GNU Tools ARM Embedded\7 2017-q4-major\lib\gcc\arm-none-eabi\7.2.1\thumb\v6-m\libgcc.a(_udivsi3.o)
                0x08001970                __aeabi_uidiv
                0x08001970                __udivsi3
                0x08001a7c                __aeabi_uidivmod
 .text          0x08001a84      0x1d4 D:\Users\hunti_000\AppData\Roaming\GNU Tools ARM Embedded\7 2017-q4-major\lib\gcc\arm-none-eabi\7.2.1\thumb\v6-m\libgcc.a(_divsi3.o)
                0x08001a84                __divsi3
                0x08001a84                __aeabi_idiv
                0x08001c50                __aeabi_idivmod
 .text          0x08001c58        0x4 D:\Users\hunti_000\AppData\Roaming\GNU Tools ARM Embedded\7 2017-q4-major\lib\gcc\arm-none-eabi\7.2.1\thumb\v6-m\libgcc.a(_dvmd_tls.o)
                0x08001c58                __aeabi_idiv0
                0x08001c58                __aeabi_ldiv0
 .text          0x08001c5c        0x0 D:\Users\hunti_000\AppData\Roaming\GNU Tools ARM Embedded\7 2017-q4-major\arm-none-eabi\lib\thumb\v6-m\libc_nano.a(lib_a-getchar.o)
 .text._getchar_r
                0x08001c5c       0x1a D:\Users\hunti_000\AppData\Roaming\GNU Tools ARM Embedded\7 2017-q4-major\arm-none-eabi\lib\thumb\v6-m\libc_nano.a(lib_a-getchar.o)
                0x08001c5c                _getchar_r
 *fill*         0x08001c76        0x2 
 .text.getchar  0x08001c78       0x24 D:\Users\hunti_000\AppData\Roaming\GNU Tools ARM Embedded\7 2017-q4-major\arm-none-eabi\lib\thumb\v6-m\libc_nano.a(lib_a-getchar.o)
                0x08001c78                getchar
 .text          0x08001c9c        0x0 D:\Users\hunti_000\AppData\Roaming\GNU Tools ARM Embedded\7 2017-q4-major\arm-none-eabi\lib\thumb\v6-m\libc_nano.a(lib_a-impure.o)
 .text          0x08001c9c        0x0 D:\Users\hunti_000\AppData\Roaming\GNU Tools ARM Embedded\7 2017-q4-major\arm-none-eabi\lib\thumb\v6-m\libc_nano.a(lib_a-printf.o)
 .text._printf_r
                0x08001c9c       0x28 D:\Users\hunti_000\AppData\Roaming\GNU Tools ARM Embedded\7 2017-q4-major\arm-none-eabi\lib\thumb\v6-m\libc_nano.a(lib_a-printf.o)
                0x08001c9c                _iprintf_r
                0x08001c9c                _printf_r
 .text.printf   0x08001cc4       0x34 D:\Users\hunti_000\AppData\Roaming\GNU Tools ARM Embedded\7 2017-q4-major\arm-none-eabi\lib\thumb\v6-m\libc_nano.a(lib_a-printf.o)
                0x08001cc4                iprintf
                0x08001cc4                printf
 .text          0x08001cf8        0x0 D:\Users\hunti_000\AppData\Roaming\GNU Tools ARM Embedded\7 2017-q4-major\arm-none-eabi\lib\thumb\v6-m\libc_nano.a(lib_a-puts.o)
 .text._puts_r  0x08001cf8       0xc0 D:\Users\hunti_000\AppData\Roaming\GNU Tools ARM Embedded\7 2017-q4-major\arm-none-eabi\lib\thumb\v6-m\libc_nano.a(lib_a-puts.o)
                0x08001cf8                _puts_r
 .text.puts     0x08001db8       0x14 D:\Users\hunti_000\AppData\Roaming\GNU Tools ARM Embedded\7 2017-q4-major\arm-none-eabi\lib\thumb\v6-m\libc_nano.a(lib_a-puts.o)
                0x08001db8                puts
 .text          0x08001dcc        0x0 D:\Users\hunti_000\AppData\Roaming\GNU Tools ARM Embedded\7 2017-q4-major\arm-none-eabi\lib\thumb\v6-m\libc_nano.a(lib_a-reent.o)
 .text.cleanup_glue
                0x08001dcc       0x1a D:\Users\hunti_000\AppData\Roaming\GNU Tools ARM Embedded\7 2017-q4-major\arm-none-eabi\lib\thumb\v6-m\libc_nano.a(lib_a-reent.o)
                0x08001dcc                cleanup_glue
 *fill*         0x08001de6        0x2 
 .text._reclaim_reent
                0x08001de8       0xcc D:\Users\hunti_000\AppData\Roaming\GNU Tools ARM Embedded\7 2017-q4-major\arm-none-eabi\lib\thumb\v6-m\libc_nano.a(lib_a-reent.o)
                0x08001de8                _reclaim_reent
 .text          0x08001eb4        0x0 D:\Users\hunti_000\AppData\Roaming\GNU Tools ARM Embedded\7 2017-q4-major\arm-none-eabi\lib\thumb\v6-m\libc_nano.a(lib_a-wbuf.o)
 .text.__swbuf_r
                0x08001eb4       0xac D:\Users\hunti_000\AppData\Roaming\GNU Tools ARM Embedded\7 2017-q4-major\arm-none-eabi\lib\thumb\v6-m\libc_nano.a(lib_a-wbuf.o)
                0x08001eb4                __swbuf_r
 .text.__swbuf  0x08001f60       0x14 D:\Users\hunti_000\AppData\Roaming\GNU Tools ARM Embedded\7 2017-q4-major\arm-none-eabi\lib\thumb\v6-m\libc_nano.a(lib_a-wbuf.o)
                0x08001f60                __swbuf
 .text          0x08001f74        0x0 D:\Users\hunti_000\AppData\Roaming\GNU Tools ARM Embedded\7 2017-q4-major\arm-none-eabi\lib\thumb\v6-m\libc_nano.a(lib_a-wsetup.o)
 .text.__swsetup_r
                0x08001f74       0xec D:\Users\hunti_000\AppData\Roaming\GNU Tools ARM Embedded\7 2017-q4-major\arm-none-eabi\lib\thumb\v6-m\libc_nano.a(lib_a-wsetup.o)
                0x08001f74                __swsetup_r
 .text          0x08002060        0x0 D:\Users\hunti_000\AppData\Roaming\GNU Tools ARM Embedded\7 2017-q4-major\arm-none-eabi\lib\thumb\v6-m\libc_nano.a(lib_a-fflush.o)
 .text.__sflush_r
                0x08002060      0x114 D:\Users\hunti_000\AppData\Roaming\GNU Tools ARM Embedded\7 2017-q4-major\arm-none-eabi\lib\thumb\v6-m\libc_nano.a(lib_a-fflush.o)
                0x08002060                __sflush_r
 .text._fflush_r
                0x08002174       0x58 D:\Users\hunti_000\AppData\Roaming\GNU Tools ARM Embedded\7 2017-q4-major\arm-none-eabi\lib\thumb\v6-m\libc_nano.a(lib_a-fflush.o)
                0x08002174                _fflush_r
 .text.fflush   0x080021cc       0x28 D:\Users\hunti_000\AppData\Roaming\GNU Tools ARM Embedded\7 2017-q4-major\arm-none-eabi\lib\thumb\v6-m\libc_nano.a(lib_a-fflush.o)
                0x080021cc                fflush
 .text          0x080021f4        0x0 D:\Users\hunti_000\AppData\Roaming\GNU Tools ARM Embedded\7 2017-q4-major\arm-none-eabi\lib\thumb\v6-m\libc_nano.a(lib_a-findfp.o)
 .text.__fp_lock
                0x080021f4        0x4 D:\Users\hunti_000\AppData\Roaming\GNU Tools ARM Embedded\7 2017-q4-major\arm-none-eabi\lib\thumb\v6-m\libc_nano.a(lib_a-findfp.o)
 .text.std      0x080021f8       0x48 D:\Users\hunti_000\AppData\Roaming\GNU Tools ARM Embedded\7 2017-q4-major\arm-none-eabi\lib\thumb\v6-m\libc_nano.a(lib_a-findfp.o)
 .text._cleanup_r
                0x08002240       0x10 D:\Users\hunti_000\AppData\Roaming\GNU Tools ARM Embedded\7 2017-q4-major\arm-none-eabi\lib\thumb\v6-m\libc_nano.a(lib_a-findfp.o)
                0x08002240                _cleanup_r
 .text.__fp_unlock
                0x08002250        0x4 D:\Users\hunti_000\AppData\Roaming\GNU Tools ARM Embedded\7 2017-q4-major\arm-none-eabi\lib\thumb\v6-m\libc_nano.a(lib_a-findfp.o)
 .text.__sfmoreglue
                0x08002254       0x2c D:\Users\hunti_000\AppData\Roaming\GNU Tools ARM Embedded\7 2017-q4-major\arm-none-eabi\lib\thumb\v6-m\libc_nano.a(lib_a-findfp.o)
                0x08002254                __sfmoreglue
 .text._cleanup
                0x08002280       0x10 D:\Users\hunti_000\AppData\Roaming\GNU Tools ARM Embedded\7 2017-q4-major\arm-none-eabi\lib\thumb\v6-m\libc_nano.a(lib_a-findfp.o)
                0x08002280                _cleanup
 .text.__sinit  0x08002290       0x68 D:\Users\hunti_000\AppData\Roaming\GNU Tools ARM Embedded\7 2017-q4-major\arm-none-eabi\lib\thumb\v6-m\libc_nano.a(lib_a-findfp.o)
                0x08002290                __sinit
 .text.__sfp    0x080022f8       0x7c D:\Users\hunti_000\AppData\Roaming\GNU Tools ARM Embedded\7 2017-q4-major\arm-none-eabi\lib\thumb\v6-m\libc_nano.a(lib_a-findfp.o)
                0x080022f8                __sfp
 .text.__sfp_lock_acquire
                0x08002374        0x2 D:\Users\hunti_000\AppData\Roaming\GNU Tools ARM Embedded\7 2017-q4-major\arm-none-eabi\lib\thumb\v6-m\libc_nano.a(lib_a-findfp.o)
                0x08002374                __sfp_lock_acquire
 .text.__sfp_lock_release
                0x08002376        0x2 D:\Users\hunti_000\AppData\Roaming\GNU Tools ARM Embedded\7 2017-q4-major\arm-none-eabi\lib\thumb\v6-m\libc_nano.a(lib_a-findfp.o)
                0x08002376                __sfp_lock_release
 .text.__sinit_lock_acquire
                0x08002378        0x2 D:\Users\hunti_000\AppData\Roaming\GNU Tools ARM Embedded\7 2017-q4-major\arm-none-eabi\lib\thumb\v6-m\libc_nano.a(lib_a-findfp.o)
                0x08002378                __sinit_lock_acquire
 .text.__sinit_lock_release
                0x0800237a        0x2 D:\Users\hunti_000\AppData\Roaming\GNU Tools ARM Embedded\7 2017-q4-major\arm-none-eabi\lib\thumb\v6-m\libc_nano.a(lib_a-findfp.o)
                0x0800237a                __sinit_lock_release
 .text.__fp_lock_all
                0x0800237c       0x18 D:\Users\hunti_000\AppData\Roaming\GNU Tools ARM Embedded\7 2017-q4-major\arm-none-eabi\lib\thumb\v6-m\libc_nano.a(lib_a-findfp.o)
                0x0800237c                __fp_lock_all
 .text.__fp_unlock_all
                0x08002394       0x18 D:\Users\hunti_000\AppData\Roaming\GNU Tools ARM Embedded\7 2017-q4-major\arm-none-eabi\lib\thumb\v6-m\libc_nano.a(lib_a-findfp.o)
                0x08002394                __fp_unlock_all
 .text          0x080023ac        0x0 D:\Users\hunti_000\AppData\Roaming\GNU Tools ARM Embedded\7 2017-q4-major\arm-none-eabi\lib\thumb\v6-m\libc_nano.a(lib_a-fwalk.o)
 .text._fwalk   0x080023ac       0x38 D:\Users\hunti_000\AppData\Roaming\GNU Tools ARM Embedded\7 2017-q4-major\arm-none-eabi\lib\thumb\v6-m\libc_nano.a(lib_a-fwalk.o)
                0x080023ac                _fwalk
 .text._fwalk_reent
                0x080023e4       0x42 D:\Users\hunti_000\AppData\Roaming\GNU Tools ARM Embedded\7 2017-q4-major\arm-none-eabi\lib\thumb\v6-m\libc_nano.a(lib_a-fwalk.o)
                0x080023e4                _fwalk_reent
 .text          0x08002426        0x0 D:\Users\hunti_000\AppData\Roaming\GNU Tools ARM Embedded\7 2017-q4-major\arm-none-eabi\lib\thumb\v6-m\libc_nano.a(lib_a-getc.o)
 *fill*         0x08002426        0x2 
 .text._getc_r  0x08002428       0x5c D:\Users\hunti_000\AppData\Roaming\GNU Tools ARM Embedded\7 2017-q4-major\arm-none-eabi\lib\thumb\v6-m\libc_nano.a(lib_a-getc.o)
                0x08002428                _getc_r
 .text.getc     0x08002484       0x64 D:\Users\hunti_000\AppData\Roaming\GNU Tools ARM Embedded\7 2017-q4-major\arm-none-eabi\lib\thumb\v6-m\libc_nano.a(lib_a-getc.o)
                0x08002484                getc
 .text          0x080024e8        0x0 D:\Users\hunti_000\AppData\Roaming\GNU Tools ARM Embedded\7 2017-q4-major\arm-none-eabi\lib\thumb\v6-m\libc_nano.a(lib_a-makebuf.o)
 .text.__swhatbuf_r
                0x080024e8       0x50 D:\Users\hunti_000\AppData\Roaming\GNU Tools ARM Embedded\7 2017-q4-major\arm-none-eabi\lib\thumb\v6-m\libc_nano.a(lib_a-makebuf.o)
                0x080024e8                __swhatbuf_r
 .text.__smakebuf_r
                0x08002538       0x88 D:\Users\hunti_000\AppData\Roaming\GNU Tools ARM Embedded\7 2017-q4-major\arm-none-eabi\lib\thumb\v6-m\libc_nano.a(lib_a-makebuf.o)
                0x08002538                __smakebuf_r
 .text          0x080025c0        0x0 D:\Users\hunti_000\AppData\Roaming\GNU Tools ARM Embedded\7 2017-q4-major\arm-none-eabi\lib\thumb\v6-m\libc_nano.a(lib_a-memset.o)
 .text.memset   0x080025c0       0x10 D:\Users\hunti_000\AppData\Roaming\GNU Tools ARM Embedded\7 2017-q4-major\arm-none-eabi\lib\thumb\v6-m\libc_nano.a(lib_a-memset.o)
                0x080025c0                memset
 .text          0x080025d0        0x0 D:\Users\hunti_000\AppData\Roaming\GNU Tools ARM Embedded\7 2017-q4-major\arm-none-eabi\lib\thumb\v6-m\libc_nano.a(lib_a-nano-freer.o)
 .text._free_r  0x080025d0       0x94 D:\Users\hunti_000\AppData\Roaming\GNU Tools ARM Embedded\7 2017-q4-major\arm-none-eabi\lib\thumb\v6-m\libc_nano.a(lib_a-nano-freer.o)
                0x080025d0                _free_r
 .text          0x08002664        0x0 D:\Users\hunti_000\AppData\Roaming\GNU Tools ARM Embedded\7 2017-q4-major\arm-none-eabi\lib\thumb\v6-m\libc_nano.a(lib_a-nano-mallocr.o)
 .text._malloc_r
                0x08002664       0xbc D:\Users\hunti_000\AppData\Roaming\GNU Tools ARM Embedded\7 2017-q4-major\arm-none-eabi\lib\thumb\v6-m\libc_nano.a(lib_a-nano-mallocr.o)
                0x08002664                _malloc_r
 .text          0x08002720        0x0 D:\Users\hunti_000\AppData\Roaming\GNU Tools ARM Embedded\7 2017-q4-major\arm-none-eabi\lib\thumb\v6-m\libc_nano.a(lib_a-nano-vfprintf.o)
 .text.__sfputc_r
                0x08002720       0x2a D:\Users\hunti_000\AppData\Roaming\GNU Tools ARM Embedded\7 2017-q4-major\arm-none-eabi\lib\thumb\v6-m\libc_nano.a(lib_a-nano-vfprintf.o)
 .text.__sfputs_r
                0x0800274a       0x24 D:\Users\hunti_000\AppData\Roaming\GNU Tools ARM Embedded\7 2017-q4-major\arm-none-eabi\lib\thumb\v6-m\libc_nano.a(lib_a-nano-vfprintf.o)
                0x0800274a                __sfputs_r
 .text.__sprint_r
                0x0800276e       0x1c D:\Users\hunti_000\AppData\Roaming\GNU Tools ARM Embedded\7 2017-q4-major\arm-none-eabi\lib\thumb\v6-m\libc_nano.a(lib_a-nano-vfprintf.o)
                0x0800276e                __sprint_r
 *fill*         0x0800278a        0x2 
 .text._vfprintf_r
                0x0800278c      0x22c D:\Users\hunti_000\AppData\Roaming\GNU Tools ARM Embedded\7 2017-q4-major\arm-none-eabi\lib\thumb\v6-m\libc_nano.a(lib_a-nano-vfprintf.o)
                0x0800278c                _vfprintf_r
                0x0800278c                _vfiprintf_r
 .text.vfprintf
                0x080029b8       0x18 D:\Users\hunti_000\AppData\Roaming\GNU Tools ARM Embedded\7 2017-q4-major\arm-none-eabi\lib\thumb\v6-m\libc_nano.a(lib_a-nano-vfprintf.o)
                0x080029b8                vfprintf
                0x080029b8                vfiprintf
 .text          0x080029d0        0x0 D:\Users\hunti_000\AppData\Roaming\GNU Tools ARM Embedded\7 2017-q4-major\arm-none-eabi\lib\thumb\v6-m\libc_nano.a(lib_a-nano-vfprintf_i.o)
 .text._printf_common
                0x080029d0       0xda D:\Users\hunti_000\AppData\Roaming\GNU Tools ARM Embedded\7 2017-q4-major\arm-none-eabi\lib\thumb\v6-m\libc_nano.a(lib_a-nano-vfprintf_i.o)
                0x080029d0                _printf_common
 *fill*         0x08002aaa        0x2 
 .text._printf_i
                0x08002aac      0x210 D:\Users\hunti_000\AppData\Roaming\GNU Tools ARM Embedded\7 2017-q4-major\arm-none-eabi\lib\thumb\v6-m\libc_nano.a(lib_a-nano-vfprintf_i.o)
                0x08002aac                _printf_i
 .text          0x08002cbc        0x0 D:\Users\hunti_000\AppData\Roaming\GNU Tools ARM Embedded\7 2017-q4-major\arm-none-eabi\lib\thumb\v6-m\libc_nano.a(lib_a-rget.o)
 .text.__srget_r
                0x08002cbc       0x60 D:\Users\hunti_000\AppData\Roaming\GNU Tools ARM Embedded\7 2017-q4-major\arm-none-eabi\lib\thumb\v6-m\libc_nano.a(lib_a-rget.o)
                0x08002cbc                __srget_r
 .text.__srget  0x08002d1c       0x14 D:\Users\hunti_000\AppData\Roaming\GNU Tools ARM Embedded\7 2017-q4-major\arm-none-eabi\lib\thumb\v6-m\libc_nano.a(lib_a-rget.o)
                0x08002d1c                __srget
 .text          0x08002d30        0x0 D:\Users\hunti_000\AppData\Roaming\GNU Tools ARM Embedded\7 2017-q4-major\arm-none-eabi\lib\thumb\v6-m\libc_nano.a(lib_a-sbrkr.o)
 .text._sbrk_r  0x08002d30       0x24 D:\Users\hunti_000\AppData\Roaming\GNU Tools ARM Embedded\7 2017-q4-major\arm-none-eabi\lib\thumb\v6-m\libc_nano.a(lib_a-sbrkr.o)
                0x08002d30                _sbrk_r
 .text          0x08002d54        0x0 D:\Users\hunti_000\AppData\Roaming\GNU Tools ARM Embedded\7 2017-q4-major\arm-none-eabi\lib\thumb\v6-m\libc_nano.a(lib_a-stdio.o)
 .text.__sread  0x08002d54       0x28 D:\Users\hunti_000\AppData\Roaming\GNU Tools ARM Embedded\7 2017-q4-major\arm-none-eabi\lib\thumb\v6-m\libc_nano.a(lib_a-stdio.o)
                0x08002d54                __sread
 .text.__seofread
                0x08002d7c        0x4 D:\Users\hunti_000\AppData\Roaming\GNU Tools ARM Embedded\7 2017-q4-major\arm-none-eabi\lib\thumb\v6-m\libc_nano.a(lib_a-stdio.o)
                0x08002d7c                __seofread
 .text.__swrite
                0x08002d80       0x38 D:\Users\hunti_000\AppData\Roaming\GNU Tools ARM Embedded\7 2017-q4-major\arm-none-eabi\lib\thumb\v6-m\libc_nano.a(lib_a-stdio.o)
                0x08002d80                __swrite
 .text.__sseek  0x08002db8       0x2c D:\Users\hunti_000\AppData\Roaming\GNU Tools ARM Embedded\7 2017-q4-major\arm-none-eabi\lib\thumb\v6-m\libc_nano.a(lib_a-stdio.o)
                0x08002db8                __sseek
 .text.__sclose
                0x08002de4        0xc D:\Users\hunti_000\AppData\Roaming\GNU Tools ARM Embedded\7 2017-q4-major\arm-none-eabi\lib\thumb\v6-m\libc_nano.a(lib_a-stdio.o)
                0x08002de4                __sclose
 .text          0x08002df0        0x0 D:\Users\hunti_000\AppData\Roaming\GNU Tools ARM Embedded\7 2017-q4-major\arm-none-eabi\lib\thumb\v6-m\libc_nano.a(lib_a-writer.o)
 .text._write_r
                0x08002df0       0x28 D:\Users\hunti_000\AppData\Roaming\GNU Tools ARM Embedded\7 2017-q4-major\arm-none-eabi\lib\thumb\v6-m\libc_nano.a(lib_a-writer.o)
                0x08002df0                _write_r
 .text          0x08002e18        0x0 D:\Users\hunti_000\AppData\Roaming\GNU Tools ARM Embedded\7 2017-q4-major\arm-none-eabi\lib\thumb\v6-m\libc_nano.a(lib_a-closer.o)
 .text._close_r
                0x08002e18       0x24 D:\Users\hunti_000\AppData\Roaming\GNU Tools ARM Embedded\7 2017-q4-major\arm-none-eabi\lib\thumb\v6-m\libc_nano.a(lib_a-closer.o)
                0x08002e18                _close_r
 .text          0x08002e3c        0x0 D:\Users\hunti_000\AppData\Roaming\GNU Tools ARM Embedded\7 2017-q4-major\arm-none-eabi\lib\thumb\v6-m\libc_nano.a(lib_a-fstatr.o)
 .text._fstat_r
                0x08002e3c       0x24 D:\Users\hunti_000\AppData\Roaming\GNU Tools ARM Embedded\7 2017-q4-major\arm-none-eabi\lib\thumb\v6-m\libc_nano.a(lib_a-fstatr.o)
                0x08002e3c                _fstat_r
 .text          0x08002e60        0x0 D:\Users\hunti_000\AppData\Roaming\GNU Tools ARM Embedded\7 2017-q4-major\arm-none-eabi\lib\thumb\v6-m\libc_nano.a(lib_a-fvwrite.o)
 .text.__sfvwrite_r
                0x08002e60      0x2c0 D:\Users\hunti_000\AppData\Roaming\GNU Tools ARM Embedded\7 2017-q4-major\arm-none-eabi\lib\thumb\v6-m\libc_nano.a(lib_a-fvwrite.o)
                0x08002e60                __sfvwrite_r
 .text          0x08003120        0x0 D:\Users\hunti_000\AppData\Roaming\GNU Tools ARM Embedded\7 2017-q4-major\arm-none-eabi\lib\thumb\v6-m\libc_nano.a(lib_a-isattyr.o)
 .text._isatty_r
                0x08003120       0x24 D:\Users\hunti_000\AppData\Roaming\GNU Tools ARM Embedded\7 2017-q4-major\arm-none-eabi\lib\thumb\v6-m\libc_nano.a(lib_a-isattyr.o)
                0x08003120                _isatty_r
 .text          0x08003144        0x0 D:\Users\hunti_000\AppData\Roaming\GNU Tools ARM Embedded\7 2017-q4-major\arm-none-eabi\lib\thumb\v6-m\libc_nano.a(lib_a-lseekr.o)
 .text._lseek_r
                0x08003144       0x28 D:\Users\hunti_000\AppData\Roaming\GNU Tools ARM Embedded\7 2017-q4-major\arm-none-eabi\lib\thumb\v6-m\libc_nano.a(lib_a-lseekr.o)
                0x08003144                _lseek_r
 .text          0x0800316c        0x0 D:\Users\hunti_000\AppData\Roaming\GNU Tools ARM Embedded\7 2017-q4-major\arm-none-eabi\lib\thumb\v6-m\libc_nano.a(lib_a-memchr-stub.o)
 .text.memchr   0x0800316c       0x16 D:\Users\hunti_000\AppData\Roaming\GNU Tools ARM Embedded\7 2017-q4-major\arm-none-eabi\lib\thumb\v6-m\libc_nano.a(lib_a-memchr-stub.o)
                0x0800316c                memchr
 .text          0x08003182        0x0 D:\Users\hunti_000\AppData\Roaming\GNU Tools ARM Embedded\7 2017-q4-major\arm-none-eabi\lib\thumb\v6-m\libc_nano.a(lib_a-memcpy-stub.o)
 .text.memcpy   0x08003182       0x12 D:\Users\hunti_000\AppData\Roaming\GNU Tools ARM Embedded\7 2017-q4-major\arm-none-eabi\lib\thumb\v6-m\libc_nano.a(lib_a-memcpy-stub.o)
                0x08003182                memcpy
 .text          0x08003194        0x0 D:\Users\hunti_000\AppData\Roaming\GNU Tools ARM Embedded\7 2017-q4-major\arm-none-eabi\lib\thumb\v6-m\libc_nano.a(lib_a-memmove.o)
 .text.memmove  0x08003194       0x26 D:\Users\hunti_000\AppData\Roaming\GNU Tools ARM Embedded\7 2017-q4-major\arm-none-eabi\lib\thumb\v6-m\libc_nano.a(lib_a-memmove.o)
                0x08003194                memmove
 .text          0x080031ba        0x0 D:\Users\hunti_000\AppData\Roaming\GNU Tools ARM Embedded\7 2017-q4-major\arm-none-eabi\lib\thumb\v6-m\libc_nano.a(lib_a-mlock.o)
 .text.__malloc_lock
                0x080031ba        0x2 D:\Users\hunti_000\AppData\Roaming\GNU Tools ARM Embedded\7 2017-q4-major\arm-none-eabi\lib\thumb\v6-m\libc_nano.a(lib_a-mlock.o)
                0x080031ba                __malloc_lock
 .text.__malloc_unlock
                0x080031bc        0x2 D:\Users\hunti_000\AppData\Roaming\GNU Tools ARM Embedded\7 2017-q4-major\arm-none-eabi\lib\thumb\v6-m\libc_nano.a(lib_a-mlock.o)
                0x080031bc                __malloc_unlock
 .text          0x080031be        0x0 D:\Users\hunti_000\AppData\Roaming\GNU Tools ARM Embedded\7 2017-q4-major\arm-none-eabi\lib\thumb\v6-m\libc_nano.a(lib_a-nano-reallocr.o)
 .text._realloc_r
                0x080031be       0x4c D:\Users\hunti_000\AppData\Roaming\GNU Tools ARM Embedded\7 2017-q4-major\arm-none-eabi\lib\thumb\v6-m\libc_nano.a(lib_a-nano-reallocr.o)
                0x080031be                _realloc_r
 .text          0x0800320a        0x0 D:\Users\hunti_000\AppData\Roaming\GNU Tools ARM Embedded\7 2017-q4-major\arm-none-eabi\lib\thumb\v6-m\libc_nano.a(lib_a-readr.o)
 *fill*         0x0800320a        0x2 
 .text._read_r  0x0800320c       0x28 D:\Users\hunti_000\AppData\Roaming\GNU Tools ARM Embedded\7 2017-q4-major\arm-none-eabi\lib\thumb\v6-m\libc_nano.a(lib_a-readr.o)
                0x0800320c                _read_r
 .text          0x08003234        0x0 D:\Users\hunti_000\AppData\Roaming\GNU Tools ARM Embedded\7 2017-q4-major\arm-none-eabi\lib\thumb\v6-m\libc_nano.a(lib_a-refill.o)
 .text.lflush   0x08003234       0x18 D:\Users\hunti_000\AppData\Roaming\GNU Tools ARM Embedded\7 2017-q4-major\arm-none-eabi\lib\thumb\v6-m\libc_nano.a(lib_a-refill.o)
 .text.__srefill_r
                0x0800324c      0x124 D:\Users\hunti_000\AppData\Roaming\GNU Tools ARM Embedded\7 2017-q4-major\arm-none-eabi\lib\thumb\v6-m\libc_nano.a(lib_a-refill.o)
                0x0800324c                __srefill_r
 .text          0x08003370        0x0 D:\Users\hunti_000\AppData\Roaming\GNU Tools ARM Embedded\7 2017-q4-major\arm-none-eabi\lib\thumb\v6-m\libc_nano.a(lib_a-nano-msizer.o)
 .text._malloc_usable_size_r
                0x08003370       0x10 D:\Users\hunti_000\AppData\Roaming\GNU Tools ARM Embedded\7 2017-q4-major\arm-none-eabi\lib\thumb\v6-m\libc_nano.a(lib_a-nano-msizer.o)
                0x08003370                _malloc_usable_size_r
 *(.rodata*)
 .rodata        0x08003380       0xde main.o
 *fill*         0x0800345e        0x2 
 .rodata        0x08003460       0x4c startup.o
 .rodata        0x080034ac      0x158 Motor_control.o
 .rodata._global_impure_ptr
                0x08003604        0x4 D:\Users\hunti_000\AppData\Roaming\GNU Tools ARM Embedded\7 2017-q4-major\arm-none-eabi\lib\thumb\v6-m\libc_nano.a(lib_a-impure.o)
                0x08003604                _global_impure_ptr
 .rodata.__sf_fake_stderr
                0x08003608       0x20 D:\Users\hunti_000\AppData\Roaming\GNU Tools ARM Embedded\7 2017-q4-major\arm-none-eabi\lib\thumb\v6-m\libc_nano.a(lib_a-findfp.o)
                0x08003608                __sf_fake_stderr
 .rodata.__sf_fake_stdin
                0x08003628       0x20 D:\Users\hunti_000\AppData\Roaming\GNU Tools ARM Embedded\7 2017-q4-major\arm-none-eabi\lib\thumb\v6-m\libc_nano.a(lib_a-findfp.o)
                0x08003628                __sf_fake_stdin
 .rodata.__sf_fake_stdout
                0x08003648       0x20 D:\Users\hunti_000\AppData\Roaming\GNU Tools ARM Embedded\7 2017-q4-major\arm-none-eabi\lib\thumb\v6-m\libc_nano.a(lib_a-findfp.o)
                0x08003648                __sf_fake_stdout
 .rodata._vfprintf_r.str1.1
                0x08003668       0x11 D:\Users\hunti_000\AppData\Roaming\GNU Tools ARM Embedded\7 2017-q4-major\arm-none-eabi\lib\thumb\v6-m\libc_nano.a(lib_a-nano-vfprintf.o)
 .rodata._printf_i.str1.1
                0x08003679       0x22 D:\Users\hunti_000\AppData\Roaming\GNU Tools ARM Embedded\7 2017-q4-major\arm-none-eabi\lib\thumb\v6-m\libc_nano.a(lib_a-nano-vfprintf_i.o)
                0x0800369c                . = ALIGN (0x4)
 *fill*         0x0800369b        0x1 
                0x0800369c                PROVIDE (__init_array_start, .)
 *(SORT_BY_NAME(.init_array.*))
 *(.init_array)
                0x0800369c                PROVIDE (__init_array_end, .)
                0x0800369c                . = ALIGN (0x4)
                0x0800369c                _etext = .

.glue_7         0x0800369c        0x0
 .glue_7        0x0800369c        0x0 linker stubs

.glue_7t        0x0800369c        0x0
 .glue_7t       0x0800369c        0x0 linker stubs

.vfp11_veneer   0x0800369c        0x0
 .vfp11_veneer  0x0800369c        0x0 linker stubs

.v4_bx          0x0800369c        0x0
 .v4_bx         0x0800369c        0x0 linker stubs

.iplt           0x0800369c        0x0
 .iplt          0x0800369c        0x0 main.o

.rel.dyn        0x0800369c        0x0
 .rel.iplt      0x0800369c        0x0 main.o

.data           0x20000000       0x70 load address 0x0800369c
                0x20000000                . = ALIGN (0x4)
                0x20000000                _data = .
 *(.data*)
 .data          0x20000000        0x0 main.o
 .data          0x20000000        0x0 serial.o
 .data          0x20000000        0x0 startup.o
 .data          0x20000000        0x4 newlib_stubs.o
                0x20000000                environ
 .data          0x20000004        0x0 USART2.o
 .data          0x20000004        0x2 Motor_control.o
                0x20000004                duty_cycleLF
                0x20000005                duty_cycleRF
 .data          0x20000006        0x3 Servo_control.o
                0x20000006                servo_duty_cycle
                0x20000007                duty_cycleLiftDOWN
                0x20000008                duty_cycleLiftUP
 .data          0x20000009        0x0 D:\Users\hunti_000\AppData\Roaming\GNU Tools ARM Embedded\7 2017-q4-major\lib\gcc\arm-none-eabi\7.2.1\thumb\v6-m\libgcc.a(_udivsi3.o)
 .data          0x20000009        0x0 D:\Users\hunti_000\AppData\Roaming\GNU Tools ARM Embedded\7 2017-q4-major\lib\gcc\arm-none-eabi\7.2.1\thumb\v6-m\libgcc.a(_divsi3.o)
 .data          0x20000009        0x0 D:\Users\hunti_000\AppData\Roaming\GNU Tools ARM Embedded\7 2017-q4-major\lib\gcc\arm-none-eabi\7.2.1\thumb\v6-m\libgcc.a(_dvmd_tls.o)
 .data          0x20000009        0x0 D:\Users\hunti_000\AppData\Roaming\GNU Tools ARM Embedded\7 2017-q4-major\arm-none-eabi\lib\thumb\v6-m\libc_nano.a(lib_a-getchar.o)
 .data          0x20000009        0x0 D:\Users\hunti_000\AppData\Roaming\GNU Tools ARM Embedded\7 2017-q4-major\arm-none-eabi\lib\thumb\v6-m\libc_nano.a(lib_a-impure.o)
 *fill*         0x20000009        0x3 
 .data._impure_ptr
                0x2000000c        0x4 D:\Users\hunti_000\AppData\Roaming\GNU Tools ARM Embedded\7 2017-q4-major\arm-none-eabi\lib\thumb\v6-m\libc_nano.a(lib_a-impure.o)
                0x2000000c                _impure_ptr
 .data.impure_data
                0x20000010       0x60 D:\Users\hunti_000\AppData\Roaming\GNU Tools ARM Embedded\7 2017-q4-major\arm-none-eabi\lib\thumb\v6-m\libc_nano.a(lib_a-impure.o)
 .data          0x20000070        0x0 D:\Users\hunti_000\AppData\Roaming\GNU Tools ARM Embedded\7 2017-q4-major\arm-none-eabi\lib\thumb\v6-m\libc_nano.a(lib_a-printf.o)
 .data          0x20000070        0x0 D:\Users\hunti_000\AppData\Roaming\GNU Tools ARM Embedded\7 2017-q4-major\arm-none-eabi\lib\thumb\v6-m\libc_nano.a(lib_a-puts.o)
 .data          0x20000070        0x0 D:\Users\hunti_000\AppData\Roaming\GNU Tools ARM Embedded\7 2017-q4-major\arm-none-eabi\lib\thumb\v6-m\libc_nano.a(lib_a-reent.o)
 .data          0x20000070        0x0 D:\Users\hunti_000\AppData\Roaming\GNU Tools ARM Embedded\7 2017-q4-major\arm-none-eabi\lib\thumb\v6-m\libc_nano.a(lib_a-wbuf.o)
 .data          0x20000070        0x0 D:\Users\hunti_000\AppData\Roaming\GNU Tools ARM Embedded\7 2017-q4-major\arm-none-eabi\lib\thumb\v6-m\libc_nano.a(lib_a-wsetup.o)
 .data          0x20000070        0x0 D:\Users\hunti_000\AppData\Roaming\GNU Tools ARM Embedded\7 2017-q4-major\arm-none-eabi\lib\thumb\v6-m\libc_nano.a(lib_a-fflush.o)
 .data          0x20000070        0x0 D:\Users\hunti_000\AppData\Roaming\GNU Tools ARM Embedded\7 2017-q4-major\arm-none-eabi\lib\thumb\v6-m\libc_nano.a(lib_a-findfp.o)
 .data          0x20000070        0x0 D:\Users\hunti_000\AppData\Roaming\GNU Tools ARM Embedded\7 2017-q4-major\arm-none-eabi\lib\thumb\v6-m\libc_nano.a(lib_a-fwalk.o)
 .data          0x20000070        0x0 D:\Users\hunti_000\AppData\Roaming\GNU Tools ARM Embedded\7 2017-q4-major\arm-none-eabi\lib\thumb\v6-m\libc_nano.a(lib_a-getc.o)
 .data          0x20000070        0x0 D:\Users\hunti_000\AppData\Roaming\GNU Tools ARM Embedded\7 2017-q4-major\arm-none-eabi\lib\thumb\v6-m\libc_nano.a(lib_a-makebuf.o)
 .data          0x20000070        0x0 D:\Users\hunti_000\AppData\Roaming\GNU Tools ARM Embedded\7 2017-q4-major\arm-none-eabi\lib\thumb\v6-m\libc_nano.a(lib_a-memset.o)
 .data          0x20000070        0x0 D:\Users\hunti_000\AppData\Roaming\GNU Tools ARM Embedded\7 2017-q4-major\arm-none-eabi\lib\thumb\v6-m\libc_nano.a(lib_a-nano-freer.o)
 .data          0x20000070        0x0 D:\Users\hunti_000\AppData\Roaming\GNU Tools ARM Embedded\7 2017-q4-major\arm-none-eabi\lib\thumb\v6-m\libc_nano.a(lib_a-nano-mallocr.o)
 .data          0x20000070        0x0 D:\Users\hunti_000\AppData\Roaming\GNU Tools ARM Embedded\7 2017-q4-major\arm-none-eabi\lib\thumb\v6-m\libc_nano.a(lib_a-nano-vfprintf.o)
 .data          0x20000070        0x0 D:\Users\hunti_000\AppData\Roaming\GNU Tools ARM Embedded\7 2017-q4-major\arm-none-eabi\lib\thumb\v6-m\libc_nano.a(lib_a-nano-vfprintf_i.o)
 .data          0x20000070        0x0 D:\Users\hunti_000\AppData\Roaming\GNU Tools ARM Embedded\7 2017-q4-major\arm-none-eabi\lib\thumb\v6-m\libc_nano.a(lib_a-rget.o)
 .data          0x20000070        0x0 D:\Users\hunti_000\AppData\Roaming\GNU Tools ARM Embedded\7 2017-q4-major\arm-none-eabi\lib\thumb\v6-m\libc_nano.a(lib_a-sbrkr.o)
 .data          0x20000070        0x0 D:\Users\hunti_000\AppData\Roaming\GNU Tools ARM Embedded\7 2017-q4-major\arm-none-eabi\lib\thumb\v6-m\libc_nano.a(lib_a-stdio.o)
 .data          0x20000070        0x0 D:\Users\hunti_000\AppData\Roaming\GNU Tools ARM Embedded\7 2017-q4-major\arm-none-eabi\lib\thumb\v6-m\libc_nano.a(lib_a-writer.o)
 .data          0x20000070        0x0 D:\Users\hunti_000\AppData\Roaming\GNU Tools ARM Embedded\7 2017-q4-major\arm-none-eabi\lib\thumb\v6-m\libc_nano.a(lib_a-closer.o)
 .data          0x20000070        0x0 D:\Users\hunti_000\AppData\Roaming\GNU Tools ARM Embedded\7 2017-q4-major\arm-none-eabi\lib\thumb\v6-m\libc_nano.a(lib_a-fstatr.o)
 .data          0x20000070        0x0 D:\Users\hunti_000\AppData\Roaming\GNU Tools ARM Embedded\7 2017-q4-major\arm-none-eabi\lib\thumb\v6-m\libc_nano.a(lib_a-fvwrite.o)
 .data          0x20000070        0x0 D:\Users\hunti_000\AppData\Roaming\GNU Tools ARM Embedded\7 2017-q4-major\arm-none-eabi\lib\thumb\v6-m\libc_nano.a(lib_a-isattyr.o)
 .data          0x20000070        0x0 D:\Users\hunti_000\AppData\Roaming\GNU Tools ARM Embedded\7 2017-q4-major\arm-none-eabi\lib\thumb\v6-m\libc_nano.a(lib_a-lseekr.o)
 .data          0x20000070        0x0 D:\Users\hunti_000\AppData\Roaming\GNU Tools ARM Embedded\7 2017-q4-major\arm-none-eabi\lib\thumb\v6-m\libc_nano.a(lib_a-memchr-stub.o)
 .data          0x20000070        0x0 D:\Users\hunti_000\AppData\Roaming\GNU Tools ARM Embedded\7 2017-q4-major\arm-none-eabi\lib\thumb\v6-m\libc_nano.a(lib_a-memcpy-stub.o)
 .data          0x20000070        0x0 D:\Users\hunti_000\AppData\Roaming\GNU Tools ARM Embedded\7 2017-q4-major\arm-none-eabi\lib\thumb\v6-m\libc_nano.a(lib_a-memmove.o)
 .data          0x20000070        0x0 D:\Users\hunti_000\AppData\Roaming\GNU Tools ARM Embedded\7 2017-q4-major\arm-none-eabi\lib\thumb\v6-m\libc_nano.a(lib_a-mlock.o)
 .data          0x20000070        0x0 D:\Users\hunti_000\AppData\Roaming\GNU Tools ARM Embedded\7 2017-q4-major\arm-none-eabi\lib\thumb\v6-m\libc_nano.a(lib_a-nano-reallocr.o)
 .data          0x20000070        0x0 D:\Users\hunti_000\AppData\Roaming\GNU Tools ARM Embedded\7 2017-q4-major\arm-none-eabi\lib\thumb\v6-m\libc_nano.a(lib_a-readr.o)
 .data          0x20000070        0x0 D:\Users\hunti_000\AppData\Roaming\GNU Tools ARM Embedded\7 2017-q4-major\arm-none-eabi\lib\thumb\v6-m\libc_nano.a(lib_a-refill.o)
 .data          0x20000070        0x0 D:\Users\hunti_000\AppData\Roaming\GNU Tools ARM Embedded\7 2017-q4-major\arm-none-eabi\lib\thumb\v6-m\libc_nano.a(lib_a-nano-msizer.o)
                0x20000070                . = ALIGN (0x4)
                0x20000070                _edata = .

.igot.plt       0x20000070        0x0 load address 0x0800370c
 .igot.plt      0x20000070        0x0 main.o

.bss            0x20000070       0xc4 load address 0x0800370c
                0x20000070                _bss = .
 *(.bss*)
 .bss           0x20000070        0x0 main.o
 .bss           0x20000070        0x0 serial.o
 .bss           0x20000070        0x0 startup.o
 .bss           0x20000070        0x8 newlib_stubs.o
                0x20000070                __env
 .bss           0x20000078        0x3 USART2.o
                0x20000078                U2_RX_flag
                0x20000079                U2_RXO_flag
                0x2000007a                RX_data
 .bss           0x2000007b        0x7 Motor_control.o
                0x2000007b                count
                0x2000007c                duty_cycleLR
                0x2000007d                duty_cycleRR
                0x2000007e                headflag
                0x2000007f                tailflag
                0x20000080                Rindicflag
                0x20000081                Lindicflag
 .bss           0x20000082        0x1 Servo_control.o
                0x20000082                count_servo
 .bss           0x20000083        0x0 D:\Users\hunti_000\AppData\Roaming\GNU Tools ARM Embedded\7 2017-q4-major\lib\gcc\arm-none-eabi\7.2.1\thumb\v6-m\libgcc.a(_udivsi3.o)
 .bss           0x20000083        0x0 D:\Users\hunti_000\AppData\Roaming\GNU Tools ARM Embedded\7 2017-q4-major\lib\gcc\arm-none-eabi\7.2.1\thumb\v6-m\libgcc.a(_divsi3.o)
 .bss           0x20000083        0x0 D:\Users\hunti_000\AppData\Roaming\GNU Tools ARM Embedded\7 2017-q4-major\lib\gcc\arm-none-eabi\7.2.1\thumb\v6-m\libgcc.a(_dvmd_tls.o)
 .bss           0x20000083        0x0 D:\Users\hunti_000\AppData\Roaming\GNU Tools ARM Embedded\7 2017-q4-major\arm-none-eabi\lib\thumb\v6-m\libc_nano.a(lib_a-getchar.o)
 .bss           0x20000083        0x0 D:\Users\hunti_000\AppData\Roaming\GNU Tools ARM Embedded\7 2017-q4-major\arm-none-eabi\lib\thumb\v6-m\libc_nano.a(lib_a-impure.o)
 .bss           0x20000083        0x0 D:\Users\hunti_000\AppData\Roaming\GNU Tools ARM Embedded\7 2017-q4-major\arm-none-eabi\lib\thumb\v6-m\libc_nano.a(lib_a-printf.o)
 .bss           0x20000083        0x0 D:\Users\hunti_000\AppData\Roaming\GNU Tools ARM Embedded\7 2017-q4-major\arm-none-eabi\lib\thumb\v6-m\libc_nano.a(lib_a-puts.o)
 .bss           0x20000083        0x0 D:\Users\hunti_000\AppData\Roaming\GNU Tools ARM Embedded\7 2017-q4-major\arm-none-eabi\lib\thumb\v6-m\libc_nano.a(lib_a-reent.o)
 .bss           0x20000083        0x0 D:\Users\hunti_000\AppData\Roaming\GNU Tools ARM Embedded\7 2017-q4-major\arm-none-eabi\lib\thumb\v6-m\libc_nano.a(lib_a-wbuf.o)
 .bss           0x20000083        0x0 D:\Users\hunti_000\AppData\Roaming\GNU Tools ARM Embedded\7 2017-q4-major\arm-none-eabi\lib\thumb\v6-m\libc_nano.a(lib_a-wsetup.o)
 .bss           0x20000083        0x0 D:\Users\hunti_000\AppData\Roaming\GNU Tools ARM Embedded\7 2017-q4-major\arm-none-eabi\lib\thumb\v6-m\libc_nano.a(lib_a-fflush.o)
 .bss           0x20000083        0x0 D:\Users\hunti_000\AppData\Roaming\GNU Tools ARM Embedded\7 2017-q4-major\arm-none-eabi\lib\thumb\v6-m\libc_nano.a(lib_a-findfp.o)
 .bss           0x20000083        0x0 D:\Users\hunti_000\AppData\Roaming\GNU Tools ARM Embedded\7 2017-q4-major\arm-none-eabi\lib\thumb\v6-m\libc_nano.a(lib_a-fwalk.o)
 .bss           0x20000083        0x0 D:\Users\hunti_000\AppData\Roaming\GNU Tools ARM Embedded\7 2017-q4-major\arm-none-eabi\lib\thumb\v6-m\libc_nano.a(lib_a-getc.o)
 .bss           0x20000083        0x0 D:\Users\hunti_000\AppData\Roaming\GNU Tools ARM Embedded\7 2017-q4-major\arm-none-eabi\lib\thumb\v6-m\libc_nano.a(lib_a-makebuf.o)
 .bss           0x20000083        0x0 D:\Users\hunti_000\AppData\Roaming\GNU Tools ARM Embedded\7 2017-q4-major\arm-none-eabi\lib\thumb\v6-m\libc_nano.a(lib_a-memset.o)
 .bss           0x20000083        0x0 D:\Users\hunti_000\AppData\Roaming\GNU Tools ARM Embedded\7 2017-q4-major\arm-none-eabi\lib\thumb\v6-m\libc_nano.a(lib_a-nano-freer.o)
 .bss           0x20000083        0x0 D:\Users\hunti_000\AppData\Roaming\GNU Tools ARM Embedded\7 2017-q4-major\arm-none-eabi\lib\thumb\v6-m\libc_nano.a(lib_a-nano-mallocr.o)
 *fill*         0x20000083        0x1 
 .bss.__malloc_free_list
                0x20000084        0x4 D:\Users\hunti_000\AppData\Roaming\GNU Tools ARM Embedded\7 2017-q4-major\arm-none-eabi\lib\thumb\v6-m\libc_nano.a(lib_a-nano-mallocr.o)
                0x20000084                __malloc_free_list
 .bss.__malloc_sbrk_start
                0x20000088        0x4 D:\Users\hunti_000\AppData\Roaming\GNU Tools ARM Embedded\7 2017-q4-major\arm-none-eabi\lib\thumb\v6-m\libc_nano.a(lib_a-nano-mallocr.o)
                0x20000088                __malloc_sbrk_start
 .bss           0x2000008c        0x0 D:\Users\hunti_000\AppData\Roaming\GNU Tools ARM Embedded\7 2017-q4-major\arm-none-eabi\lib\thumb\v6-m\libc_nano.a(lib_a-nano-vfprintf.o)
 .bss           0x2000008c        0x0 D:\Users\hunti_000\AppData\Roaming\GNU Tools ARM Embedded\7 2017-q4-major\arm-none-eabi\lib\thumb\v6-m\libc_nano.a(lib_a-nano-vfprintf_i.o)
 .bss           0x2000008c        0x0 D:\Users\hunti_000\AppData\Roaming\GNU Tools ARM Embedded\7 2017-q4-major\arm-none-eabi\lib\thumb\v6-m\libc_nano.a(lib_a-rget.o)
 .bss           0x2000008c        0x0 D:\Users\hunti_000\AppData\Roaming\GNU Tools ARM Embedded\7 2017-q4-major\arm-none-eabi\lib\thumb\v6-m\libc_nano.a(lib_a-sbrkr.o)
 .bss           0x2000008c        0x0 D:\Users\hunti_000\AppData\Roaming\GNU Tools ARM Embedded\7 2017-q4-major\arm-none-eabi\lib\thumb\v6-m\libc_nano.a(lib_a-stdio.o)
 .bss           0x2000008c        0x0 D:\Users\hunti_000\AppData\Roaming\GNU Tools ARM Embedded\7 2017-q4-major\arm-none-eabi\lib\thumb\v6-m\libc_nano.a(lib_a-writer.o)
 .bss           0x2000008c        0x0 D:\Users\hunti_000\AppData\Roaming\GNU Tools ARM Embedded\7 2017-q4-major\arm-none-eabi\lib\thumb\v6-m\libc_nano.a(lib_a-closer.o)
 .bss           0x2000008c        0x0 D:\Users\hunti_000\AppData\Roaming\GNU Tools ARM Embedded\7 2017-q4-major\arm-none-eabi\lib\thumb\v6-m\libc_nano.a(lib_a-fstatr.o)
 .bss           0x2000008c        0x0 D:\Users\hunti_000\AppData\Roaming\GNU Tools ARM Embedded\7 2017-q4-major\arm-none-eabi\lib\thumb\v6-m\libc_nano.a(lib_a-fvwrite.o)
 .bss           0x2000008c        0x0 D:\Users\hunti_000\AppData\Roaming\GNU Tools ARM Embedded\7 2017-q4-major\arm-none-eabi\lib\thumb\v6-m\libc_nano.a(lib_a-isattyr.o)
 .bss           0x2000008c        0x0 D:\Users\hunti_000\AppData\Roaming\GNU Tools ARM Embedded\7 2017-q4-major\arm-none-eabi\lib\thumb\v6-m\libc_nano.a(lib_a-lseekr.o)
 .bss           0x2000008c        0x0 D:\Users\hunti_000\AppData\Roaming\GNU Tools ARM Embedded\7 2017-q4-major\arm-none-eabi\lib\thumb\v6-m\libc_nano.a(lib_a-memchr-stub.o)
 .bss           0x2000008c        0x0 D:\Users\hunti_000\AppData\Roaming\GNU Tools ARM Embedded\7 2017-q4-major\arm-none-eabi\lib\thumb\v6-m\libc_nano.a(lib_a-memcpy-stub.o)
 .bss           0x2000008c        0x0 D:\Users\hunti_000\AppData\Roaming\GNU Tools ARM Embedded\7 2017-q4-major\arm-none-eabi\lib\thumb\v6-m\libc_nano.a(lib_a-memmove.o)
 .bss           0x2000008c        0x0 D:\Users\hunti_000\AppData\Roaming\GNU Tools ARM Embedded\7 2017-q4-major\arm-none-eabi\lib\thumb\v6-m\libc_nano.a(lib_a-mlock.o)
 .bss           0x2000008c        0x0 D:\Users\hunti_000\AppData\Roaming\GNU Tools ARM Embedded\7 2017-q4-major\arm-none-eabi\lib\thumb\v6-m\libc_nano.a(lib_a-nano-reallocr.o)
 .bss           0x2000008c        0x0 D:\Users\hunti_000\AppData\Roaming\GNU Tools ARM Embedded\7 2017-q4-major\arm-none-eabi\lib\thumb\v6-m\libc_nano.a(lib_a-readr.o)
 .bss           0x2000008c        0x0 D:\Users\hunti_000\AppData\Roaming\GNU Tools ARM Embedded\7 2017-q4-major\arm-none-eabi\lib\thumb\v6-m\libc_nano.a(lib_a-refill.o)
 .bss           0x2000008c        0x0 D:\Users\hunti_000\AppData\Roaming\GNU Tools ARM Embedded\7 2017-q4-major\arm-none-eabi\lib\thumb\v6-m\libc_nano.a(lib_a-nano-msizer.o)
 *(COMMON)
 COMMON         0x2000008c       0xa4 serial.o
                0x2000008c                ComError
                0x20000090                ComRXBuffer
                0x200000dc                ComTXBuffer
                0x20000128                ComOpen
                0x2000012c                ComBusy
 COMMON         0x20000130        0x4 D:\Users\hunti_000\AppData\Roaming\GNU Tools ARM Embedded\7 2017-q4-major\arm-none-eabi\lib\thumb\v6-m\libc_nano.a(lib_a-reent.o)
                0x20000130                errno
                0x20000134                . = ALIGN (0x4)
                0x20000134                _ebss = .
                [!provide]                PROVIDE (end, .)
                0x20000134                PROVIDE (_HeapStart, .)
                0x20002000                PROVIDE (_StackTop, (ORIGIN (ram) + LENGTH (ram)))
OUTPUT(main.elf elf32-littlearm)

.debug_info     0x00000000     0x4f69
 .debug_info    0x00000000      0xaac main.o
 .debug_info    0x00000aac      0xb77 serial.o
 .debug_info    0x00001623      0xa51 startup.o
 .debug_info    0x00002074      0xf58 newlib_stubs.o
 .debug_info    0x00002fcc      0x970 USART2.o
 .debug_info    0x0000393c      0xc6c Motor_control.o
 .debug_info    0x000045a8      0x9c1 Servo_control.o

.debug_abbrev   0x00000000      0xfa7
 .debug_abbrev  0x00000000      0x238 main.o
 .debug_abbrev  0x00000238      0x27a serial.o
 .debug_abbrev  0x000004b2      0x210 startup.o
 .debug_abbrev  0x000006c2      0x26b newlib_stubs.o
 .debug_abbrev  0x0000092d      0x232 USART2.o
 .debug_abbrev  0x00000b5f      0x264 Motor_control.o
 .debug_abbrev  0x00000dc3      0x1e4 Servo_control.o

.debug_aranges  0x00000000       0xe8
 .debug_aranges
                0x00000000       0x20 main.o
 .debug_aranges
                0x00000020       0x20 serial.o
 .debug_aranges
                0x00000040       0x28 startup.o
 .debug_aranges
                0x00000068       0x20 newlib_stubs.o
 .debug_aranges
                0x00000088       0x20 USART2.o
 .debug_aranges
                0x000000a8       0x20 Motor_control.o
 .debug_aranges
                0x000000c8       0x20 Servo_control.o

.debug_line     0x00000000     0x1059
 .debug_line    0x00000000      0x21e main.o
 .debug_line    0x0000021e      0x296 serial.o
 .debug_line    0x000004b4      0x22e startup.o
 .debug_line    0x000006e2      0x2db newlib_stubs.o
 .debug_line    0x000009bd      0x1d3 USART2.o
 .debug_line    0x00000b90      0x2dd Motor_control.o
 .debug_line    0x00000e6d      0x1ec Servo_control.o

.debug_str      0x00000000      0xae1
 .debug_str     0x00000000      0x5d2 main.o
                                0x652 (size before relaxing)
 .debug_str     0x000005d2       0xd8 serial.o
                                0x61c (size before relaxing)
 .debug_str     0x000006aa       0x9a startup.o
                                0x689 (size before relaxing)
 .debug_str     0x00000744      0x25a newlib_stubs.o
                                0x7f6 (size before relaxing)
 .debug_str     0x0000099e       0x3a USART2.o
                                0x59f (size before relaxing)
 .debug_str     0x000009d8       0xce Motor_control.o
                                0x66d (size before relaxing)
 .debug_str     0x00000aa6       0x3b Servo_control.o
                                0x611 (size before relaxing)

.comment        0x00000000       0x7e
 .comment       0x00000000       0x7e main.o
                                 0x7f (size before relaxing)
 .comment       0x0000007e       0x7f serial.o
 .comment       0x0000007e       0x7f startup.o
 .comment       0x0000007e       0x7f newlib_stubs.o
 .comment       0x0000007e       0x7f USART2.o
 .comment       0x0000007e       0x7f Motor_control.o
 .comment       0x0000007e       0x7f Servo_control.o

.ARM.attributes
                0x00000000       0x31
 .ARM.attributes
                0x00000000       0x31 main.o
 .ARM.attributes
                0x00000031       0x31 serial.o
 .ARM.attributes
                0x00000062       0x31 startup.o
 .ARM.attributes
                0x00000093       0x31 newlib_stubs.o
 .ARM.attributes
                0x000000c4       0x31 USART2.o
 .ARM.attributes
                0x000000f5       0x31 Motor_control.o
 .ARM.attributes
                0x00000126       0x31 Servo_control.o
 .ARM.attributes
                0x00000157       0x1e D:\Users\hunti_000\AppData\Roaming\GNU Tools ARM Embedded\7 2017-q4-major\lib\gcc\arm-none-eabi\7.2.1\thumb\v6-m\libgcc.a(_udivsi3.o)
 .ARM.attributes
                0x00000175       0x1e D:\Users\hunti_000\AppData\Roaming\GNU Tools ARM Embedded\7 2017-q4-major\lib\gcc\arm-none-eabi\7.2.1\thumb\v6-m\libgcc.a(_divsi3.o)
 .ARM.attributes
                0x00000193       0x1e D:\Users\hunti_000\AppData\Roaming\GNU Tools ARM Embedded\7 2017-q4-major\lib\gcc\arm-none-eabi\7.2.1\thumb\v6-m\libgcc.a(_dvmd_tls.o)
 .ARM.attributes
                0x000001b1       0x2c D:\Users\hunti_000\AppData\Roaming\GNU Tools ARM Embedded\7 2017-q4-major\arm-none-eabi\lib\thumb\v6-m\libc_nano.a(lib_a-getchar.o)
 .ARM.attributes
                0x000001dd       0x2c D:\Users\hunti_000\AppData\Roaming\GNU Tools ARM Embedded\7 2017-q4-major\arm-none-eabi\lib\thumb\v6-m\libc_nano.a(lib_a-impure.o)
 .ARM.attributes
                0x00000209       0x2c D:\Users\hunti_000\AppData\Roaming\GNU Tools ARM Embedded\7 2017-q4-major\arm-none-eabi\lib\thumb\v6-m\libc_nano.a(lib_a-printf.o)
 .ARM.attributes
                0x00000235       0x2c D:\Users\hunti_000\AppData\Roaming\GNU Tools ARM Embedded\7 2017-q4-major\arm-none-eabi\lib\thumb\v6-m\libc_nano.a(lib_a-puts.o)
 .ARM.attributes
                0x00000261       0x2c D:\Users\hunti_000\AppData\Roaming\GNU Tools ARM Embedded\7 2017-q4-major\arm-none-eabi\lib\thumb\v6-m\libc_nano.a(lib_a-reent.o)
 .ARM.attributes
                0x0000028d       0x2c D:\Users\hunti_000\AppData\Roaming\GNU Tools ARM Embedded\7 2017-q4-major\arm-none-eabi\lib\thumb\v6-m\libc_nano.a(lib_a-wbuf.o)
 .ARM.attributes
                0x000002b9       0x2c D:\Users\hunti_000\AppData\Roaming\GNU Tools ARM Embedded\7 2017-q4-major\arm-none-eabi\lib\thumb\v6-m\libc_nano.a(lib_a-wsetup.o)
 .ARM.attributes
                0x000002e5       0x2c D:\Users\hunti_000\AppData\Roaming\GNU Tools ARM Embedded\7 2017-q4-major\arm-none-eabi\lib\thumb\v6-m\libc_nano.a(lib_a-fflush.o)
 .ARM.attributes
                0x00000311       0x2c D:\Users\hunti_000\AppData\Roaming\GNU Tools ARM Embedded\7 2017-q4-major\arm-none-eabi\lib\thumb\v6-m\libc_nano.a(lib_a-findfp.o)
 .ARM.attributes
                0x0000033d       0x2c D:\Users\hunti_000\AppData\Roaming\GNU Tools ARM Embedded\7 2017-q4-major\arm-none-eabi\lib\thumb\v6-m\libc_nano.a(lib_a-fwalk.o)
 .ARM.attributes
                0x00000369       0x2c D:\Users\hunti_000\AppData\Roaming\GNU Tools ARM Embedded\7 2017-q4-major\arm-none-eabi\lib\thumb\v6-m\libc_nano.a(lib_a-getc.o)
 .ARM.attributes
                0x00000395       0x2c D:\Users\hunti_000\AppData\Roaming\GNU Tools ARM Embedded\7 2017-q4-major\arm-none-eabi\lib\thumb\v6-m\libc_nano.a(lib_a-makebuf.o)
 .ARM.attributes
                0x000003c1       0x2c D:\Users\hunti_000\AppData\Roaming\GNU Tools ARM Embedded\7 2017-q4-major\arm-none-eabi\lib\thumb\v6-m\libc_nano.a(lib_a-memset.o)
 .ARM.attributes
                0x000003ed       0x2c D:\Users\hunti_000\AppData\Roaming\GNU Tools ARM Embedded\7 2017-q4-major\arm-none-eabi\lib\thumb\v6-m\libc_nano.a(lib_a-nano-freer.o)
 .ARM.attributes
                0x00000419       0x2c D:\Users\hunti_000\AppData\Roaming\GNU Tools ARM Embedded\7 2017-q4-major\arm-none-eabi\lib\thumb\v6-m\libc_nano.a(lib_a-nano-mallocr.o)
 .ARM.attributes
                0x00000445       0x2c D:\Users\hunti_000\AppData\Roaming\GNU Tools ARM Embedded\7 2017-q4-major\arm-none-eabi\lib\thumb\v6-m\libc_nano.a(lib_a-nano-vfprintf.o)
 .ARM.attributes
                0x00000471       0x2c D:\Users\hunti_000\AppData\Roaming\GNU Tools ARM Embedded\7 2017-q4-major\arm-none-eabi\lib\thumb\v6-m\libc_nano.a(lib_a-nano-vfprintf_i.o)
 .ARM.attributes
                0x0000049d       0x2c D:\Users\hunti_000\AppData\Roaming\GNU Tools ARM Embedded\7 2017-q4-major\arm-none-eabi\lib\thumb\v6-m\libc_nano.a(lib_a-rget.o)
 .ARM.attributes
                0x000004c9       0x2c D:\Users\hunti_000\AppData\Roaming\GNU Tools ARM Embedded\7 2017-q4-major\arm-none-eabi\lib\thumb\v6-m\libc_nano.a(lib_a-sbrkr.o)
 .ARM.attributes
                0x000004f5       0x2c D:\Users\hunti_000\AppData\Roaming\GNU Tools ARM Embedded\7 2017-q4-major\arm-none-eabi\lib\thumb\v6-m\libc_nano.a(lib_a-stdio.o)
 .ARM.attributes
                0x00000521       0x2c D:\Users\hunti_000\AppData\Roaming\GNU Tools ARM Embedded\7 2017-q4-major\arm-none-eabi\lib\thumb\v6-m\libc_nano.a(lib_a-writer.o)
 .ARM.attributes
                0x0000054d       0x2c D:\Users\hunti_000\AppData\Roaming\GNU Tools ARM Embedded\7 2017-q4-major\arm-none-eabi\lib\thumb\v6-m\libc_nano.a(lib_a-closer.o)
 .ARM.attributes
                0x00000579       0x2c D:\Users\hunti_000\AppData\Roaming\GNU Tools ARM Embedded\7 2017-q4-major\arm-none-eabi\lib\thumb\v6-m\libc_nano.a(lib_a-fstatr.o)
 .ARM.attributes
                0x000005a5       0x2c D:\Users\hunti_000\AppData\Roaming\GNU Tools ARM Embedded\7 2017-q4-major\arm-none-eabi\lib\thumb\v6-m\libc_nano.a(lib_a-fvwrite.o)
 .ARM.attributes
                0x000005d1       0x2c D:\Users\hunti_000\AppData\Roaming\GNU Tools ARM Embedded\7 2017-q4-major\arm-none-eabi\lib\thumb\v6-m\libc_nano.a(lib_a-isattyr.o)
 .ARM.attributes
                0x000005fd       0x2c D:\Users\hunti_000\AppData\Roaming\GNU Tools ARM Embedded\7 2017-q4-major\arm-none-eabi\lib\thumb\v6-m\libc_nano.a(lib_a-lseekr.o)
 .ARM.attributes
                0x00000629       0x2c D:\Users\hunti_000\AppData\Roaming\GNU Tools ARM Embedded\7 2017-q4-major\arm-none-eabi\lib\thumb\v6-m\libc_nano.a(lib_a-memchr-stub.o)
 .ARM.attributes
                0x00000655       0x2c D:\Users\hunti_000\AppData\Roaming\GNU Tools ARM Embedded\7 2017-q4-major\arm-none-eabi\lib\thumb\v6-m\libc_nano.a(lib_a-memcpy-stub.o)
 .ARM.attributes
                0x00000681       0x2c D:\Users\hunti_000\AppData\Roaming\GNU Tools ARM Embedded\7 2017-q4-major\arm-none-eabi\lib\thumb\v6-m\libc_nano.a(lib_a-memmove.o)
 .ARM.attributes
                0x000006ad       0x2c D:\Users\hunti_000\AppData\Roaming\GNU Tools ARM Embedded\7 2017-q4-major\arm-none-eabi\lib\thumb\v6-m\libc_nano.a(lib_a-mlock.o)
 .ARM.attributes
                0x000006d9       0x2c D:\Users\hunti_000\AppData\Roaming\GNU Tools ARM Embedded\7 2017-q4-major\arm-none-eabi\lib\thumb\v6-m\libc_nano.a(lib_a-nano-reallocr.o)
 .ARM.attributes
                0x00000705       0x2c D:\Users\hunti_000\AppData\Roaming\GNU Tools ARM Embedded\7 2017-q4-major\arm-none-eabi\lib\thumb\v6-m\libc_nano.a(lib_a-readr.o)
 .ARM.attributes
                0x00000731       0x2c D:\Users\hunti_000\AppData\Roaming\GNU Tools ARM Embedded\7 2017-q4-major\arm-none-eabi\lib\thumb\v6-m\libc_nano.a(lib_a-refill.o)
 .ARM.attributes
                0x0000075d       0x2c D:\Users\hunti_000\AppData\Roaming\GNU Tools ARM Embedded\7 2017-q4-major\arm-none-eabi\lib\thumb\v6-m\libc_nano.a(lib_a-nano-msizer.o)

.debug_frame    0x00000000     0x11ec
 .debug_frame   0x00000000       0x94 main.o
 .debug_frame   0x00000094      0x1a4 serial.o
 .debug_frame   0x00000238       0x94 startup.o
 .debug_frame   0x000002cc      0x228 newlib_stubs.o
 .debug_frame   0x000004f4       0xa4 USART2.o
 .debug_frame   0x00000598      0x2a4 Motor_control.o
 .debug_frame   0x0000083c       0x6c Servo_control.o
 .debug_frame   0x000008a8       0x20 D:\Users\hunti_000\AppData\Roaming\GNU Tools ARM Embedded\7 2017-q4-major\lib\gcc\arm-none-eabi\7.2.1\thumb\v6-m\libgcc.a(_udivsi3.o)
 .debug_frame   0x000008c8       0x20 D:\Users\hunti_000\AppData\Roaming\GNU Tools ARM Embedded\7 2017-q4-major\lib\gcc\arm-none-eabi\7.2.1\thumb\v6-m\libgcc.a(_divsi3.o)
 .debug_frame   0x000008e8       0x40 D:\Users\hunti_000\AppData\Roaming\GNU Tools ARM Embedded\7 2017-q4-major\arm-none-eabi\lib\thumb\v6-m\libc_nano.a(lib_a-getchar.o)
 .debug_frame   0x00000928       0x50 D:\Users\hunti_000\AppData\Roaming\GNU Tools ARM Embedded\7 2017-q4-major\arm-none-eabi\lib\thumb\v6-m\libc_nano.a(lib_a-printf.o)
 .debug_frame   0x00000978       0x44 D:\Users\hunti_000\AppData\Roaming\GNU Tools ARM Embedded\7 2017-q4-major\arm-none-eabi\lib\thumb\v6-m\libc_nano.a(lib_a-puts.o)
 .debug_frame   0x000009bc       0x48 D:\Users\hunti_000\AppData\Roaming\GNU Tools ARM Embedded\7 2017-q4-major\arm-none-eabi\lib\thumb\v6-m\libc_nano.a(lib_a-reent.o)
 .debug_frame   0x00000a04       0x48 D:\Users\hunti_000\AppData\Roaming\GNU Tools ARM Embedded\7 2017-q4-major\arm-none-eabi\lib\thumb\v6-m\libc_nano.a(lib_a-wbuf.o)
 .debug_frame   0x00000a4c       0x2c D:\Users\hunti_000\AppData\Roaming\GNU Tools ARM Embedded\7 2017-q4-major\arm-none-eabi\lib\thumb\v6-m\libc_nano.a(lib_a-wsetup.o)
 .debug_frame   0x00000a78       0x68 D:\Users\hunti_000\AppData\Roaming\GNU Tools ARM Embedded\7 2017-q4-major\arm-none-eabi\lib\thumb\v6-m\libc_nano.a(lib_a-fflush.o)
 .debug_frame   0x00000ae0      0x140 D:\Users\hunti_000\AppData\Roaming\GNU Tools ARM Embedded\7 2017-q4-major\arm-none-eabi\lib\thumb\v6-m\libc_nano.a(lib_a-findfp.o)
 .debug_frame   0x00000c20       0x58 D:\Users\hunti_000\AppData\Roaming\GNU Tools ARM Embedded\7 2017-q4-major\arm-none-eabi\lib\thumb\v6-m\libc_nano.a(lib_a-fwalk.o)
 .debug_frame   0x00000c78       0x48 D:\Users\hunti_000\AppData\Roaming\GNU Tools ARM Embedded\7 2017-q4-major\arm-none-eabi\lib\thumb\v6-m\libc_nano.a(lib_a-getc.o)
 .debug_frame   0x00000cc0       0x54 D:\Users\hunti_000\AppData\Roaming\GNU Tools ARM Embedded\7 2017-q4-major\arm-none-eabi\lib\thumb\v6-m\libc_nano.a(lib_a-makebuf.o)
 .debug_frame   0x00000d14       0x20 D:\Users\hunti_000\AppData\Roaming\GNU Tools ARM Embedded\7 2017-q4-major\arm-none-eabi\lib\thumb\v6-m\libc_nano.a(lib_a-memset.o)
 .debug_frame   0x00000d34       0x2c D:\Users\hunti_000\AppData\Roaming\GNU Tools ARM Embedded\7 2017-q4-major\arm-none-eabi\lib\thumb\v6-m\libc_nano.a(lib_a-nano-freer.o)
 .debug_frame   0x00000d60       0x2c D:\Users\hunti_000\AppData\Roaming\GNU Tools ARM Embedded\7 2017-q4-major\arm-none-eabi\lib\thumb\v6-m\libc_nano.a(lib_a-nano-mallocr.o)
 .debug_frame   0x00000d8c       0x9c D:\Users\hunti_000\AppData\Roaming\GNU Tools ARM Embedded\7 2017-q4-major\arm-none-eabi\lib\thumb\v6-m\libc_nano.a(lib_a-nano-vfprintf.o)
 .debug_frame   0x00000e28       0x54 D:\Users\hunti_000\AppData\Roaming\GNU Tools ARM Embedded\7 2017-q4-major\arm-none-eabi\lib\thumb\v6-m\libc_nano.a(lib_a-nano-vfprintf_i.o)
 .debug_frame   0x00000e7c       0x44 D:\Users\hunti_000\AppData\Roaming\GNU Tools ARM Embedded\7 2017-q4-major\arm-none-eabi\lib\thumb\v6-m\libc_nano.a(lib_a-rget.o)
 .debug_frame   0x00000ec0       0x2c D:\Users\hunti_000\AppData\Roaming\GNU Tools ARM Embedded\7 2017-q4-major\arm-none-eabi\lib\thumb\v6-m\libc_nano.a(lib_a-sbrkr.o)
 .debug_frame   0x00000eec       0x90 D:\Users\hunti_000\AppData\Roaming\GNU Tools ARM Embedded\7 2017-q4-major\arm-none-eabi\lib\thumb\v6-m\libc_nano.a(lib_a-stdio.o)
 .debug_frame   0x00000f7c       0x2c D:\Users\hunti_000\AppData\Roaming\GNU Tools ARM Embedded\7 2017-q4-major\arm-none-eabi\lib\thumb\v6-m\libc_nano.a(lib_a-writer.o)
 .debug_frame   0x00000fa8       0x2c D:\Users\hunti_000\AppData\Roaming\GNU Tools ARM Embedded\7 2017-q4-major\arm-none-eabi\lib\thumb\v6-m\libc_nano.a(lib_a-closer.o)
 .debug_frame   0x00000fd4       0x2c D:\Users\hunti_000\AppData\Roaming\GNU Tools ARM Embedded\7 2017-q4-major\arm-none-eabi\lib\thumb\v6-m\libc_nano.a(lib_a-fstatr.o)
 .debug_frame   0x00001000       0x30 D:\Users\hunti_000\AppData\Roaming\GNU Tools ARM Embedded\7 2017-q4-major\arm-none-eabi\lib\thumb\v6-m\libc_nano.a(lib_a-fvwrite.o)
 .debug_frame   0x00001030       0x2c D:\Users\hunti_000\AppData\Roaming\GNU Tools ARM Embedded\7 2017-q4-major\arm-none-eabi\lib\thumb\v6-m\libc_nano.a(lib_a-isattyr.o)
 .debug_frame   0x0000105c       0x2c D:\Users\hunti_000\AppData\Roaming\GNU Tools ARM Embedded\7 2017-q4-major\arm-none-eabi\lib\thumb\v6-m\libc_nano.a(lib_a-lseekr.o)
 .debug_frame   0x00001088       0x20 D:\Users\hunti_000\AppData\Roaming\GNU Tools ARM Embedded\7 2017-q4-major\arm-none-eabi\lib\thumb\v6-m\libc_nano.a(lib_a-memchr-stub.o)
 .debug_frame   0x000010a8       0x28 D:\Users\hunti_000\AppData\Roaming\GNU Tools ARM Embedded\7 2017-q4-major\arm-none-eabi\lib\thumb\v6-m\libc_nano.a(lib_a-memcpy-stub.o)
 .debug_frame   0x000010d0       0x28 D:\Users\hunti_000\AppData\Roaming\GNU Tools ARM Embedded\7 2017-q4-major\arm-none-eabi\lib\thumb\v6-m\libc_nano.a(lib_a-memmove.o)
 .debug_frame   0x000010f8       0x30 D:\Users\hunti_000\AppData\Roaming\GNU Tools ARM Embedded\7 2017-q4-major\arm-none-eabi\lib\thumb\v6-m\libc_nano.a(lib_a-mlock.o)
 .debug_frame   0x00001128       0x30 D:\Users\hunti_000\AppData\Roaming\GNU Tools ARM Embedded\7 2017-q4-major\arm-none-eabi\lib\thumb\v6-m\libc_nano.a(lib_a-nano-reallocr.o)
 .debug_frame   0x00001158       0x2c D:\Users\hunti_000\AppData\Roaming\GNU Tools ARM Embedded\7 2017-q4-major\arm-none-eabi\lib\thumb\v6-m\libc_nano.a(lib_a-readr.o)
 .debug_frame   0x00001184       0x48 D:\Users\hunti_000\AppData\Roaming\GNU Tools ARM Embedded\7 2017-q4-major\arm-none-eabi\lib\thumb\v6-m\libc_nano.a(lib_a-refill.o)
 .debug_frame   0x000011cc       0x20 D:\Users\hunti_000\AppData\Roaming\GNU Tools ARM Embedded\7 2017-q4-major\arm-none-eabi\lib\thumb\v6-m\libc_nano.a(lib_a-nano-msizer.o)

.debug_ranges   0x00000000       0x18
 .debug_ranges  0x00000000       0x18 startup.o

Cross Reference Table

Symbol                                            File
ComBusy                                           serial.o
ComError                                          serial.o
ComOpen                                           serial.o
ComRXBuffer                                       serial.o
ComTXBuffer                                       serial.o
Default_Handler                                   startup.o
Extract_op_val                                    main.o
GetBuf                                            serial.o
GetBufCount                                       serial.o
Hard_Fault_Handler                                startup.o
Lindicflag                                        Motor_control.o
                                                  main.o
PutBuf                                            serial.o
RX_data                                           USART2.o
                                                  main.o
ReadCom                                           serial.o
ResetInit                                         startup.o
Rindicflag                                        Motor_control.o
                                                  main.o
Servo_PWM                                         Servo_control.o
SysInit                                           main.o
Timer1ISR                                         Motor_control.o
                                                  startup.o
Timer2ISR                                         Servo_control.o
                                                  startup.o
TogglePins                                        Motor_control.o
U2_RXO_flag                                       USART2.o
                                                  main.o
U2_RX_flag                                        USART2.o
                                                  main.o
Vectors                                           startup.o
WriteCom                                          serial.o
_HeapStart                                        newlib_stubs.o
_StackTop                                         newlib_stubs.o
                                                  startup.o
__aeabi_idiv                                      D:\Users\hunti_000\AppData\Roaming\GNU Tools ARM Embedded\7 2017-q4-major\lib\gcc\arm-none-eabi\7.2.1\thumb\v6-m\libgcc.a(_divsi3.o)
                                                  D:\Users\hunti_000\AppData\Roaming\GNU Tools ARM Embedded\7 2017-q4-major\arm-none-eabi\lib\thumb\v6-m\libc_nano.a(lib_a-fvwrite.o)
                                                  USART2.o
                                                  serial.o
__aeabi_idiv0                                     D:\Users\hunti_000\AppData\Roaming\GNU Tools ARM Embedded\7 2017-q4-major\lib\gcc\arm-none-eabi\7.2.1\thumb\v6-m\libgcc.a(_dvmd_tls.o)
                                                  D:\Users\hunti_000\AppData\Roaming\GNU Tools ARM Embedded\7 2017-q4-major\lib\gcc\arm-none-eabi\7.2.1\thumb\v6-m\libgcc.a(_divsi3.o)
                                                  D:\Users\hunti_000\AppData\Roaming\GNU Tools ARM Embedded\7 2017-q4-major\lib\gcc\arm-none-eabi\7.2.1\thumb\v6-m\libgcc.a(_udivsi3.o)
__aeabi_idivmod                                   D:\Users\hunti_000\AppData\Roaming\GNU Tools ARM Embedded\7 2017-q4-major\lib\gcc\arm-none-eabi\7.2.1\thumb\v6-m\libgcc.a(_divsi3.o)
__aeabi_ldiv0                                     D:\Users\hunti_000\AppData\Roaming\GNU Tools ARM Embedded\7 2017-q4-major\lib\gcc\arm-none-eabi\7.2.1\thumb\v6-m\libgcc.a(_dvmd_tls.o)
__aeabi_uidiv                                     D:\Users\hunti_000\AppData\Roaming\GNU Tools ARM Embedded\7 2017-q4-major\lib\gcc\arm-none-eabi\7.2.1\thumb\v6-m\libgcc.a(_udivsi3.o)
                                                  Motor_control.o
__aeabi_uidivmod                                  D:\Users\hunti_000\AppData\Roaming\GNU Tools ARM Embedded\7 2017-q4-major\lib\gcc\arm-none-eabi\7.2.1\thumb\v6-m\libgcc.a(_udivsi3.o)
                                                  D:\Users\hunti_000\AppData\Roaming\GNU Tools ARM Embedded\7 2017-q4-major\arm-none-eabi\lib\thumb\v6-m\libc_nano.a(lib_a-nano-vfprintf_i.o)
__divsi3                                          D:\Users\hunti_000\AppData\Roaming\GNU Tools ARM Embedded\7 2017-q4-major\lib\gcc\arm-none-eabi\7.2.1\thumb\v6-m\libgcc.a(_divsi3.o)
__env                                             newlib_stubs.o
__fp_lock_all                                     D:\Users\hunti_000\AppData\Roaming\GNU Tools ARM Embedded\7 2017-q4-major\arm-none-eabi\lib\thumb\v6-m\libc_nano.a(lib_a-findfp.o)
__fp_unlock_all                                   D:\Users\hunti_000\AppData\Roaming\GNU Tools ARM Embedded\7 2017-q4-major\arm-none-eabi\lib\thumb\v6-m\libc_nano.a(lib_a-findfp.o)
__init_array_end                                  startup.o
__init_array_start                                startup.o
__malloc_free_list                                D:\Users\hunti_000\AppData\Roaming\GNU Tools ARM Embedded\7 2017-q4-major\arm-none-eabi\lib\thumb\v6-m\libc_nano.a(lib_a-nano-mallocr.o)
                                                  D:\Users\hunti_000\AppData\Roaming\GNU Tools ARM Embedded\7 2017-q4-major\arm-none-eabi\lib\thumb\v6-m\libc_nano.a(lib_a-nano-freer.o)
__malloc_lock                                     D:\Users\hunti_000\AppData\Roaming\GNU Tools ARM Embedded\7 2017-q4-major\arm-none-eabi\lib\thumb\v6-m\libc_nano.a(lib_a-mlock.o)
                                                  D:\Users\hunti_000\AppData\Roaming\GNU Tools ARM Embedded\7 2017-q4-major\arm-none-eabi\lib\thumb\v6-m\libc_nano.a(lib_a-nano-mallocr.o)
                                                  D:\Users\hunti_000\AppData\Roaming\GNU Tools ARM Embedded\7 2017-q4-major\arm-none-eabi\lib\thumb\v6-m\libc_nano.a(lib_a-nano-freer.o)
__malloc_sbrk_start                               D:\Users\hunti_000\AppData\Roaming\GNU Tools ARM Embedded\7 2017-q4-major\arm-none-eabi\lib\thumb\v6-m\libc_nano.a(lib_a-nano-mallocr.o)
__malloc_unlock                                   D:\Users\hunti_000\AppData\Roaming\GNU Tools ARM Embedded\7 2017-q4-major\arm-none-eabi\lib\thumb\v6-m\libc_nano.a(lib_a-mlock.o)
                                                  D:\Users\hunti_000\AppData\Roaming\GNU Tools ARM Embedded\7 2017-q4-major\arm-none-eabi\lib\thumb\v6-m\libc_nano.a(lib_a-nano-mallocr.o)
                                                  D:\Users\hunti_000\AppData\Roaming\GNU Tools ARM Embedded\7 2017-q4-major\arm-none-eabi\lib\thumb\v6-m\libc_nano.a(lib_a-nano-freer.o)
__sclose                                          D:\Users\hunti_000\AppData\Roaming\GNU Tools ARM Embedded\7 2017-q4-major\arm-none-eabi\lib\thumb\v6-m\libc_nano.a(lib_a-stdio.o)
                                                  D:\Users\hunti_000\AppData\Roaming\GNU Tools ARM Embedded\7 2017-q4-major\arm-none-eabi\lib\thumb\v6-m\libc_nano.a(lib_a-findfp.o)
__seofread                                        D:\Users\hunti_000\AppData\Roaming\GNU Tools ARM Embedded\7 2017-q4-major\arm-none-eabi\lib\thumb\v6-m\libc_nano.a(lib_a-stdio.o)
__sf_fake_stderr                                  D:\Users\hunti_000\AppData\Roaming\GNU Tools ARM Embedded\7 2017-q4-major\arm-none-eabi\lib\thumb\v6-m\libc_nano.a(lib_a-findfp.o)
                                                  D:\Users\hunti_000\AppData\Roaming\GNU Tools ARM Embedded\7 2017-q4-major\arm-none-eabi\lib\thumb\v6-m\libc_nano.a(lib_a-refill.o)
                                                  D:\Users\hunti_000\AppData\Roaming\GNU Tools ARM Embedded\7 2017-q4-major\arm-none-eabi\lib\thumb\v6-m\libc_nano.a(lib_a-rget.o)
                                                  D:\Users\hunti_000\AppData\Roaming\GNU Tools ARM Embedded\7 2017-q4-major\arm-none-eabi\lib\thumb\v6-m\libc_nano.a(lib_a-nano-vfprintf.o)
                                                  D:\Users\hunti_000\AppData\Roaming\GNU Tools ARM Embedded\7 2017-q4-major\arm-none-eabi\lib\thumb\v6-m\libc_nano.a(lib_a-getc.o)
                                                  D:\Users\hunti_000\AppData\Roaming\GNU Tools ARM Embedded\7 2017-q4-major\arm-none-eabi\lib\thumb\v6-m\libc_nano.a(lib_a-fflush.o)
                                                  D:\Users\hunti_000\AppData\Roaming\GNU Tools ARM Embedded\7 2017-q4-major\arm-none-eabi\lib\thumb\v6-m\libc_nano.a(lib_a-wsetup.o)
                                                  D:\Users\hunti_000\AppData\Roaming\GNU Tools ARM Embedded\7 2017-q4-major\arm-none-eabi\lib\thumb\v6-m\libc_nano.a(lib_a-wbuf.o)
                                                  D:\Users\hunti_000\AppData\Roaming\GNU Tools ARM Embedded\7 2017-q4-major\arm-none-eabi\lib\thumb\v6-m\libc_nano.a(lib_a-puts.o)
                                                  D:\Users\hunti_000\AppData\Roaming\GNU Tools ARM Embedded\7 2017-q4-major\arm-none-eabi\lib\thumb\v6-m\libc_nano.a(lib_a-impure.o)
__sf_fake_stdin                                   D:\Users\hunti_000\AppData\Roaming\GNU Tools ARM Embedded\7 2017-q4-major\arm-none-eabi\lib\thumb\v6-m\libc_nano.a(lib_a-findfp.o)
                                                  D:\Users\hunti_000\AppData\Roaming\GNU Tools ARM Embedded\7 2017-q4-major\arm-none-eabi\lib\thumb\v6-m\libc_nano.a(lib_a-refill.o)
                                                  D:\Users\hunti_000\AppData\Roaming\GNU Tools ARM Embedded\7 2017-q4-major\arm-none-eabi\lib\thumb\v6-m\libc_nano.a(lib_a-rget.o)
                                                  D:\Users\hunti_000\AppData\Roaming\GNU Tools ARM Embedded\7 2017-q4-major\arm-none-eabi\lib\thumb\v6-m\libc_nano.a(lib_a-nano-vfprintf.o)
                                                  D:\Users\hunti_000\AppData\Roaming\GNU Tools ARM Embedded\7 2017-q4-major\arm-none-eabi\lib\thumb\v6-m\libc_nano.a(lib_a-getc.o)
                                                  D:\Users\hunti_000\AppData\Roaming\GNU Tools ARM Embedded\7 2017-q4-major\arm-none-eabi\lib\thumb\v6-m\libc_nano.a(lib_a-fflush.o)
                                                  D:\Users\hunti_000\AppData\Roaming\GNU Tools ARM Embedded\7 2017-q4-major\arm-none-eabi\lib\thumb\v6-m\libc_nano.a(lib_a-wsetup.o)
                                                  D:\Users\hunti_000\AppData\Roaming\GNU Tools ARM Embedded\7 2017-q4-major\arm-none-eabi\lib\thumb\v6-m\libc_nano.a(lib_a-wbuf.o)
                                                  D:\Users\hunti_000\AppData\Roaming\GNU Tools ARM Embedded\7 2017-q4-major\arm-none-eabi\lib\thumb\v6-m\libc_nano.a(lib_a-puts.o)
                                                  D:\Users\hunti_000\AppData\Roaming\GNU Tools ARM Embedded\7 2017-q4-major\arm-none-eabi\lib\thumb\v6-m\libc_nano.a(lib_a-impure.o)
__sf_fake_stdout                                  D:\Users\hunti_000\AppData\Roaming\GNU Tools ARM Embedded\7 2017-q4-major\arm-none-eabi\lib\thumb\v6-m\libc_nano.a(lib_a-findfp.o)
                                                  D:\Users\hunti_000\AppData\Roaming\GNU Tools ARM Embedded\7 2017-q4-major\arm-none-eabi\lib\thumb\v6-m\libc_nano.a(lib_a-refill.o)
                                                  D:\Users\hunti_000\AppData\Roaming\GNU Tools ARM Embedded\7 2017-q4-major\arm-none-eabi\lib\thumb\v6-m\libc_nano.a(lib_a-rget.o)
                                                  D:\Users\hunti_000\AppData\Roaming\GNU Tools ARM Embedded\7 2017-q4-major\arm-none-eabi\lib\thumb\v6-m\libc_nano.a(lib_a-nano-vfprintf.o)
                                                  D:\Users\hunti_000\AppData\Roaming\GNU Tools ARM Embedded\7 2017-q4-major\arm-none-eabi\lib\thumb\v6-m\libc_nano.a(lib_a-getc.o)
                                                  D:\Users\hunti_000\AppData\Roaming\GNU Tools ARM Embedded\7 2017-q4-major\arm-none-eabi\lib\thumb\v6-m\libc_nano.a(lib_a-fflush.o)
                                                  D:\Users\hunti_000\AppData\Roaming\GNU Tools ARM Embedded\7 2017-q4-major\arm-none-eabi\lib\thumb\v6-m\libc_nano.a(lib_a-wsetup.o)
                                                  D:\Users\hunti_000\AppData\Roaming\GNU Tools ARM Embedded\7 2017-q4-major\arm-none-eabi\lib\thumb\v6-m\libc_nano.a(lib_a-wbuf.o)
                                                  D:\Users\hunti_000\AppData\Roaming\GNU Tools ARM Embedded\7 2017-q4-major\arm-none-eabi\lib\thumb\v6-m\libc_nano.a(lib_a-puts.o)
                                                  D:\Users\hunti_000\AppData\Roaming\GNU Tools ARM Embedded\7 2017-q4-major\arm-none-eabi\lib\thumb\v6-m\libc_nano.a(lib_a-impure.o)
__sflush_r                                        D:\Users\hunti_000\AppData\Roaming\GNU Tools ARM Embedded\7 2017-q4-major\arm-none-eabi\lib\thumb\v6-m\libc_nano.a(lib_a-fflush.o)
                                                  D:\Users\hunti_000\AppData\Roaming\GNU Tools ARM Embedded\7 2017-q4-major\arm-none-eabi\lib\thumb\v6-m\libc_nano.a(lib_a-refill.o)
__sfmoreglue                                      D:\Users\hunti_000\AppData\Roaming\GNU Tools ARM Embedded\7 2017-q4-major\arm-none-eabi\lib\thumb\v6-m\libc_nano.a(lib_a-findfp.o)
__sfp                                             D:\Users\hunti_000\AppData\Roaming\GNU Tools ARM Embedded\7 2017-q4-major\arm-none-eabi\lib\thumb\v6-m\libc_nano.a(lib_a-findfp.o)
__sfp_lock_acquire                                D:\Users\hunti_000\AppData\Roaming\GNU Tools ARM Embedded\7 2017-q4-major\arm-none-eabi\lib\thumb\v6-m\libc_nano.a(lib_a-findfp.o)
__sfp_lock_release                                D:\Users\hunti_000\AppData\Roaming\GNU Tools ARM Embedded\7 2017-q4-major\arm-none-eabi\lib\thumb\v6-m\libc_nano.a(lib_a-findfp.o)
__sfputs_r                                        D:\Users\hunti_000\AppData\Roaming\GNU Tools ARM Embedded\7 2017-q4-major\arm-none-eabi\lib\thumb\v6-m\libc_nano.a(lib_a-nano-vfprintf.o)
__sfvwrite_r                                      D:\Users\hunti_000\AppData\Roaming\GNU Tools ARM Embedded\7 2017-q4-major\arm-none-eabi\lib\thumb\v6-m\libc_nano.a(lib_a-fvwrite.o)
                                                  D:\Users\hunti_000\AppData\Roaming\GNU Tools ARM Embedded\7 2017-q4-major\arm-none-eabi\lib\thumb\v6-m\libc_nano.a(lib_a-nano-vfprintf.o)
__sinit                                           D:\Users\hunti_000\AppData\Roaming\GNU Tools ARM Embedded\7 2017-q4-major\arm-none-eabi\lib\thumb\v6-m\libc_nano.a(lib_a-findfp.o)
                                                  D:\Users\hunti_000\AppData\Roaming\GNU Tools ARM Embedded\7 2017-q4-major\arm-none-eabi\lib\thumb\v6-m\libc_nano.a(lib_a-refill.o)
                                                  D:\Users\hunti_000\AppData\Roaming\GNU Tools ARM Embedded\7 2017-q4-major\arm-none-eabi\lib\thumb\v6-m\libc_nano.a(lib_a-rget.o)
                                                  D:\Users\hunti_000\AppData\Roaming\GNU Tools ARM Embedded\7 2017-q4-major\arm-none-eabi\lib\thumb\v6-m\libc_nano.a(lib_a-nano-vfprintf.o)
                                                  D:\Users\hunti_000\AppData\Roaming\GNU Tools ARM Embedded\7 2017-q4-major\arm-none-eabi\lib\thumb\v6-m\libc_nano.a(lib_a-getc.o)
                                                  D:\Users\hunti_000\AppData\Roaming\GNU Tools ARM Embedded\7 2017-q4-major\arm-none-eabi\lib\thumb\v6-m\libc_nano.a(lib_a-fflush.o)
                                                  D:\Users\hunti_000\AppData\Roaming\GNU Tools ARM Embedded\7 2017-q4-major\arm-none-eabi\lib\thumb\v6-m\libc_nano.a(lib_a-wsetup.o)
                                                  D:\Users\hunti_000\AppData\Roaming\GNU Tools ARM Embedded\7 2017-q4-major\arm-none-eabi\lib\thumb\v6-m\libc_nano.a(lib_a-wbuf.o)
                                                  D:\Users\hunti_000\AppData\Roaming\GNU Tools ARM Embedded\7 2017-q4-major\arm-none-eabi\lib\thumb\v6-m\libc_nano.a(lib_a-puts.o)
                                                  D:\Users\hunti_000\AppData\Roaming\GNU Tools ARM Embedded\7 2017-q4-major\arm-none-eabi\lib\thumb\v6-m\libc_nano.a(lib_a-printf.o)
                                                  D:\Users\hunti_000\AppData\Roaming\GNU Tools ARM Embedded\7 2017-q4-major\arm-none-eabi\lib\thumb\v6-m\libc_nano.a(lib_a-getchar.o)
__sinit_lock_acquire                              D:\Users\hunti_000\AppData\Roaming\GNU Tools ARM Embedded\7 2017-q4-major\arm-none-eabi\lib\thumb\v6-m\libc_nano.a(lib_a-findfp.o)
__sinit_lock_release                              D:\Users\hunti_000\AppData\Roaming\GNU Tools ARM Embedded\7 2017-q4-major\arm-none-eabi\lib\thumb\v6-m\libc_nano.a(lib_a-findfp.o)
__smakebuf_r                                      D:\Users\hunti_000\AppData\Roaming\GNU Tools ARM Embedded\7 2017-q4-major\arm-none-eabi\lib\thumb\v6-m\libc_nano.a(lib_a-makebuf.o)
                                                  D:\Users\hunti_000\AppData\Roaming\GNU Tools ARM Embedded\7 2017-q4-major\arm-none-eabi\lib\thumb\v6-m\libc_nano.a(lib_a-refill.o)
                                                  D:\Users\hunti_000\AppData\Roaming\GNU Tools ARM Embedded\7 2017-q4-major\arm-none-eabi\lib\thumb\v6-m\libc_nano.a(lib_a-wsetup.o)
__sprint_r                                        D:\Users\hunti_000\AppData\Roaming\GNU Tools ARM Embedded\7 2017-q4-major\arm-none-eabi\lib\thumb\v6-m\libc_nano.a(lib_a-nano-vfprintf.o)
__sread                                           D:\Users\hunti_000\AppData\Roaming\GNU Tools ARM Embedded\7 2017-q4-major\arm-none-eabi\lib\thumb\v6-m\libc_nano.a(lib_a-stdio.o)
                                                  D:\Users\hunti_000\AppData\Roaming\GNU Tools ARM Embedded\7 2017-q4-major\arm-none-eabi\lib\thumb\v6-m\libc_nano.a(lib_a-findfp.o)
__srefill_r                                       D:\Users\hunti_000\AppData\Roaming\GNU Tools ARM Embedded\7 2017-q4-major\arm-none-eabi\lib\thumb\v6-m\libc_nano.a(lib_a-refill.o)
                                                  D:\Users\hunti_000\AppData\Roaming\GNU Tools ARM Embedded\7 2017-q4-major\arm-none-eabi\lib\thumb\v6-m\libc_nano.a(lib_a-rget.o)
__srget                                           D:\Users\hunti_000\AppData\Roaming\GNU Tools ARM Embedded\7 2017-q4-major\arm-none-eabi\lib\thumb\v6-m\libc_nano.a(lib_a-rget.o)
__srget_r                                         D:\Users\hunti_000\AppData\Roaming\GNU Tools ARM Embedded\7 2017-q4-major\arm-none-eabi\lib\thumb\v6-m\libc_nano.a(lib_a-rget.o)
                                                  D:\Users\hunti_000\AppData\Roaming\GNU Tools ARM Embedded\7 2017-q4-major\arm-none-eabi\lib\thumb\v6-m\libc_nano.a(lib_a-getc.o)
__sseek                                           D:\Users\hunti_000\AppData\Roaming\GNU Tools ARM Embedded\7 2017-q4-major\arm-none-eabi\lib\thumb\v6-m\libc_nano.a(lib_a-stdio.o)
                                                  D:\Users\hunti_000\AppData\Roaming\GNU Tools ARM Embedded\7 2017-q4-major\arm-none-eabi\lib\thumb\v6-m\libc_nano.a(lib_a-findfp.o)
__swbuf                                           D:\Users\hunti_000\AppData\Roaming\GNU Tools ARM Embedded\7 2017-q4-major\arm-none-eabi\lib\thumb\v6-m\libc_nano.a(lib_a-wbuf.o)
__swbuf_r                                         D:\Users\hunti_000\AppData\Roaming\GNU Tools ARM Embedded\7 2017-q4-major\arm-none-eabi\lib\thumb\v6-m\libc_nano.a(lib_a-wbuf.o)
                                                  D:\Users\hunti_000\AppData\Roaming\GNU Tools ARM Embedded\7 2017-q4-major\arm-none-eabi\lib\thumb\v6-m\libc_nano.a(lib_a-nano-vfprintf.o)
                                                  D:\Users\hunti_000\AppData\Roaming\GNU Tools ARM Embedded\7 2017-q4-major\arm-none-eabi\lib\thumb\v6-m\libc_nano.a(lib_a-puts.o)
__swhatbuf_r                                      D:\Users\hunti_000\AppData\Roaming\GNU Tools ARM Embedded\7 2017-q4-major\arm-none-eabi\lib\thumb\v6-m\libc_nano.a(lib_a-makebuf.o)
__swrite                                          D:\Users\hunti_000\AppData\Roaming\GNU Tools ARM Embedded\7 2017-q4-major\arm-none-eabi\lib\thumb\v6-m\libc_nano.a(lib_a-stdio.o)
                                                  D:\Users\hunti_000\AppData\Roaming\GNU Tools ARM Embedded\7 2017-q4-major\arm-none-eabi\lib\thumb\v6-m\libc_nano.a(lib_a-findfp.o)
__swsetup_r                                       D:\Users\hunti_000\AppData\Roaming\GNU Tools ARM Embedded\7 2017-q4-major\arm-none-eabi\lib\thumb\v6-m\libc_nano.a(lib_a-wsetup.o)
                                                  D:\Users\hunti_000\AppData\Roaming\GNU Tools ARM Embedded\7 2017-q4-major\arm-none-eabi\lib\thumb\v6-m\libc_nano.a(lib_a-fvwrite.o)
                                                  D:\Users\hunti_000\AppData\Roaming\GNU Tools ARM Embedded\7 2017-q4-major\arm-none-eabi\lib\thumb\v6-m\libc_nano.a(lib_a-nano-vfprintf.o)
                                                  D:\Users\hunti_000\AppData\Roaming\GNU Tools ARM Embedded\7 2017-q4-major\arm-none-eabi\lib\thumb\v6-m\libc_nano.a(lib_a-wbuf.o)
                                                  D:\Users\hunti_000\AppData\Roaming\GNU Tools ARM Embedded\7 2017-q4-major\arm-none-eabi\lib\thumb\v6-m\libc_nano.a(lib_a-puts.o)
__udivsi3                                         D:\Users\hunti_000\AppData\Roaming\GNU Tools ARM Embedded\7 2017-q4-major\lib\gcc\arm-none-eabi\7.2.1\thumb\v6-m\libgcc.a(_udivsi3.o)
_cleanup                                          D:\Users\hunti_000\AppData\Roaming\GNU Tools ARM Embedded\7 2017-q4-major\arm-none-eabi\lib\thumb\v6-m\libc_nano.a(lib_a-findfp.o)
_cleanup_r                                        D:\Users\hunti_000\AppData\Roaming\GNU Tools ARM Embedded\7 2017-q4-major\arm-none-eabi\lib\thumb\v6-m\libc_nano.a(lib_a-findfp.o)
                                                  D:\Users\hunti_000\AppData\Roaming\GNU Tools ARM Embedded\7 2017-q4-major\arm-none-eabi\lib\thumb\v6-m\libc_nano.a(lib_a-makebuf.o)
_close                                            newlib_stubs.o
                                                  D:\Users\hunti_000\AppData\Roaming\GNU Tools ARM Embedded\7 2017-q4-major\arm-none-eabi\lib\thumb\v6-m\libc_nano.a(lib_a-closer.o)
_close_r                                          D:\Users\hunti_000\AppData\Roaming\GNU Tools ARM Embedded\7 2017-q4-major\arm-none-eabi\lib\thumb\v6-m\libc_nano.a(lib_a-closer.o)
                                                  D:\Users\hunti_000\AppData\Roaming\GNU Tools ARM Embedded\7 2017-q4-major\arm-none-eabi\lib\thumb\v6-m\libc_nano.a(lib_a-stdio.o)
_data                                             startup.o
_ebss                                             startup.o
_edata                                            startup.o
_etext                                            startup.o
_execve                                           newlib_stubs.o
_exit                                             newlib_stubs.o
_fflush_r                                         D:\Users\hunti_000\AppData\Roaming\GNU Tools ARM Embedded\7 2017-q4-major\arm-none-eabi\lib\thumb\v6-m\libc_nano.a(lib_a-fflush.o)
                                                  D:\Users\hunti_000\AppData\Roaming\GNU Tools ARM Embedded\7 2017-q4-major\arm-none-eabi\lib\thumb\v6-m\libc_nano.a(lib_a-refill.o)
                                                  D:\Users\hunti_000\AppData\Roaming\GNU Tools ARM Embedded\7 2017-q4-major\arm-none-eabi\lib\thumb\v6-m\libc_nano.a(lib_a-fvwrite.o)
                                                  D:\Users\hunti_000\AppData\Roaming\GNU Tools ARM Embedded\7 2017-q4-major\arm-none-eabi\lib\thumb\v6-m\libc_nano.a(lib_a-findfp.o)
                                                  D:\Users\hunti_000\AppData\Roaming\GNU Tools ARM Embedded\7 2017-q4-major\arm-none-eabi\lib\thumb\v6-m\libc_nano.a(lib_a-wbuf.o)
_fork                                             newlib_stubs.o
_free_r                                           D:\Users\hunti_000\AppData\Roaming\GNU Tools ARM Embedded\7 2017-q4-major\arm-none-eabi\lib\thumb\v6-m\libc_nano.a(lib_a-nano-freer.o)
                                                  D:\Users\hunti_000\AppData\Roaming\GNU Tools ARM Embedded\7 2017-q4-major\arm-none-eabi\lib\thumb\v6-m\libc_nano.a(lib_a-refill.o)
                                                  D:\Users\hunti_000\AppData\Roaming\GNU Tools ARM Embedded\7 2017-q4-major\arm-none-eabi\lib\thumb\v6-m\libc_nano.a(lib_a-nano-reallocr.o)
                                                  D:\Users\hunti_000\AppData\Roaming\GNU Tools ARM Embedded\7 2017-q4-major\arm-none-eabi\lib\thumb\v6-m\libc_nano.a(lib_a-fvwrite.o)
                                                  D:\Users\hunti_000\AppData\Roaming\GNU Tools ARM Embedded\7 2017-q4-major\arm-none-eabi\lib\thumb\v6-m\libc_nano.a(lib_a-fflush.o)
                                                  D:\Users\hunti_000\AppData\Roaming\GNU Tools ARM Embedded\7 2017-q4-major\arm-none-eabi\lib\thumb\v6-m\libc_nano.a(lib_a-wsetup.o)
                                                  D:\Users\hunti_000\AppData\Roaming\GNU Tools ARM Embedded\7 2017-q4-major\arm-none-eabi\lib\thumb\v6-m\libc_nano.a(lib_a-reent.o)
_fstat                                            newlib_stubs.o
                                                  D:\Users\hunti_000\AppData\Roaming\GNU Tools ARM Embedded\7 2017-q4-major\arm-none-eabi\lib\thumb\v6-m\libc_nano.a(lib_a-fstatr.o)
_fstat_r                                          D:\Users\hunti_000\AppData\Roaming\GNU Tools ARM Embedded\7 2017-q4-major\arm-none-eabi\lib\thumb\v6-m\libc_nano.a(lib_a-fstatr.o)
                                                  D:\Users\hunti_000\AppData\Roaming\GNU Tools ARM Embedded\7 2017-q4-major\arm-none-eabi\lib\thumb\v6-m\libc_nano.a(lib_a-makebuf.o)
_fwalk                                            D:\Users\hunti_000\AppData\Roaming\GNU Tools ARM Embedded\7 2017-q4-major\arm-none-eabi\lib\thumb\v6-m\libc_nano.a(lib_a-fwalk.o)
                                                  D:\Users\hunti_000\AppData\Roaming\GNU Tools ARM Embedded\7 2017-q4-major\arm-none-eabi\lib\thumb\v6-m\libc_nano.a(lib_a-refill.o)
                                                  D:\Users\hunti_000\AppData\Roaming\GNU Tools ARM Embedded\7 2017-q4-major\arm-none-eabi\lib\thumb\v6-m\libc_nano.a(lib_a-findfp.o)
_fwalk_reent                                      D:\Users\hunti_000\AppData\Roaming\GNU Tools ARM Embedded\7 2017-q4-major\arm-none-eabi\lib\thumb\v6-m\libc_nano.a(lib_a-fwalk.o)
                                                  D:\Users\hunti_000\AppData\Roaming\GNU Tools ARM Embedded\7 2017-q4-major\arm-none-eabi\lib\thumb\v6-m\libc_nano.a(lib_a-findfp.o)
                                                  D:\Users\hunti_000\AppData\Roaming\GNU Tools ARM Embedded\7 2017-q4-major\arm-none-eabi\lib\thumb\v6-m\libc_nano.a(lib_a-fflush.o)
_getc_r                                           D:\Users\hunti_000\AppData\Roaming\GNU Tools ARM Embedded\7 2017-q4-major\arm-none-eabi\lib\thumb\v6-m\libc_nano.a(lib_a-getc.o)
                                                  D:\Users\hunti_000\AppData\Roaming\GNU Tools ARM Embedded\7 2017-q4-major\arm-none-eabi\lib\thumb\v6-m\libc_nano.a(lib_a-getchar.o)
_getchar_r                                        D:\Users\hunti_000\AppData\Roaming\GNU Tools ARM Embedded\7 2017-q4-major\arm-none-eabi\lib\thumb\v6-m\libc_nano.a(lib_a-getchar.o)
_getpid                                           newlib_stubs.o
_global_impure_ptr                                D:\Users\hunti_000\AppData\Roaming\GNU Tools ARM Embedded\7 2017-q4-major\arm-none-eabi\lib\thumb\v6-m\libc_nano.a(lib_a-impure.o)
                                                  D:\Users\hunti_000\AppData\Roaming\GNU Tools ARM Embedded\7 2017-q4-major\arm-none-eabi\lib\thumb\v6-m\libc_nano.a(lib_a-refill.o)
                                                  D:\Users\hunti_000\AppData\Roaming\GNU Tools ARM Embedded\7 2017-q4-major\arm-none-eabi\lib\thumb\v6-m\libc_nano.a(lib_a-findfp.o)
                                                  D:\Users\hunti_000\AppData\Roaming\GNU Tools ARM Embedded\7 2017-q4-major\arm-none-eabi\lib\thumb\v6-m\libc_nano.a(lib_a-fflush.o)
_impure_ptr                                       D:\Users\hunti_000\AppData\Roaming\GNU Tools ARM Embedded\7 2017-q4-major\arm-none-eabi\lib\thumb\v6-m\libc_nano.a(lib_a-impure.o)
                                                  D:\Users\hunti_000\AppData\Roaming\GNU Tools ARM Embedded\7 2017-q4-major\arm-none-eabi\lib\thumb\v6-m\libc_nano.a(lib_a-rget.o)
                                                  D:\Users\hunti_000\AppData\Roaming\GNU Tools ARM Embedded\7 2017-q4-major\arm-none-eabi\lib\thumb\v6-m\libc_nano.a(lib_a-nano-vfprintf.o)
                                                  D:\Users\hunti_000\AppData\Roaming\GNU Tools ARM Embedded\7 2017-q4-major\arm-none-eabi\lib\thumb\v6-m\libc_nano.a(lib_a-getc.o)
                                                  D:\Users\hunti_000\AppData\Roaming\GNU Tools ARM Embedded\7 2017-q4-major\arm-none-eabi\lib\thumb\v6-m\libc_nano.a(lib_a-findfp.o)
                                                  D:\Users\hunti_000\AppData\Roaming\GNU Tools ARM Embedded\7 2017-q4-major\arm-none-eabi\lib\thumb\v6-m\libc_nano.a(lib_a-fflush.o)
                                                  D:\Users\hunti_000\AppData\Roaming\GNU Tools ARM Embedded\7 2017-q4-major\arm-none-eabi\lib\thumb\v6-m\libc_nano.a(lib_a-wsetup.o)
                                                  D:\Users\hunti_000\AppData\Roaming\GNU Tools ARM Embedded\7 2017-q4-major\arm-none-eabi\lib\thumb\v6-m\libc_nano.a(lib_a-wbuf.o)
                                                  D:\Users\hunti_000\AppData\Roaming\GNU Tools ARM Embedded\7 2017-q4-major\arm-none-eabi\lib\thumb\v6-m\libc_nano.a(lib_a-reent.o)
                                                  D:\Users\hunti_000\AppData\Roaming\GNU Tools ARM Embedded\7 2017-q4-major\arm-none-eabi\lib\thumb\v6-m\libc_nano.a(lib_a-puts.o)
                                                  D:\Users\hunti_000\AppData\Roaming\GNU Tools ARM Embedded\7 2017-q4-major\arm-none-eabi\lib\thumb\v6-m\libc_nano.a(lib_a-printf.o)
                                                  D:\Users\hunti_000\AppData\Roaming\GNU Tools ARM Embedded\7 2017-q4-major\arm-none-eabi\lib\thumb\v6-m\libc_nano.a(lib_a-getchar.o)