Archive member included to satisfy reference by file (symbol)

C:\Program Files (x86)\GNU Tools ARM Embedded\7 2017-q4-major\lib\gcc\arm-none-eabi\7.2.1\thumb\v6-m\libgcc.a(_divsi3.o)
                              serial.o (__aeabi_idiv)
C:\Program Files (x86)\GNU Tools ARM Embedded\7 2017-q4-major\lib\gcc\arm-none-eabi\7.2.1\thumb\v6-m\libgcc.a(_dvmd_tls.o)
                              C:\Program Files (x86)\GNU Tools ARM Embedded\7 2017-q4-major\lib\gcc\arm-none-eabi\7.2.1\thumb\v6-m\libgcc.a(_divsi3.o) (__aeabi_idiv0)
C:\Program Files (x86)\GNU Tools ARM Embedded\7 2017-q4-major\arm-none-eabi\lib\thumb\v6-m\libc_nano.a(lib_a-getchar.o)
                              Motor_control.o (getchar)
C:\Program Files (x86)\GNU Tools ARM Embedded\7 2017-q4-major\arm-none-eabi\lib\thumb\v6-m\libc_nano.a(lib_a-impure.o)
                              C:\Program Files (x86)\GNU Tools ARM Embedded\7 2017-q4-major\arm-none-eabi\lib\thumb\v6-m\libc_nano.a(lib_a-getchar.o) (_impure_ptr)
C:\Program Files (x86)\GNU Tools ARM Embedded\7 2017-q4-major\arm-none-eabi\lib\thumb\v6-m\libc_nano.a(lib_a-printf.o)
                              main.o (printf)
C:\Program Files (x86)\GNU Tools ARM Embedded\7 2017-q4-major\arm-none-eabi\lib\thumb\v6-m\libc_nano.a(lib_a-puts.o)
                              main.o (puts)
C:\Program Files (x86)\GNU Tools ARM Embedded\7 2017-q4-major\arm-none-eabi\lib\thumb\v6-m\libc_nano.a(lib_a-reent.o)
                              newlib_stubs.o (errno)
C:\Program Files (x86)\GNU Tools ARM Embedded\7 2017-q4-major\arm-none-eabi\lib\thumb\v6-m\libc_nano.a(lib_a-wbuf.o)
                              C:\Program Files (x86)\GNU Tools ARM Embedded\7 2017-q4-major\arm-none-eabi\lib\thumb\v6-m\libc_nano.a(lib_a-puts.o) (__swbuf_r)
C:\Program Files (x86)\GNU Tools ARM Embedded\7 2017-q4-major\arm-none-eabi\lib\thumb\v6-m\libc_nano.a(lib_a-wsetup.o)
                              C:\Program Files (x86)\GNU Tools ARM Embedded\7 2017-q4-major\arm-none-eabi\lib\thumb\v6-m\libc_nano.a(lib_a-puts.o) (__swsetup_r)
C:\Program Files (x86)\GNU Tools ARM Embedded\7 2017-q4-major\arm-none-eabi\lib\thumb\v6-m\libc_nano.a(lib_a-fflush.o)
                              C:\Program Files (x86)\GNU Tools ARM Embedded\7 2017-q4-major\arm-none-eabi\lib\thumb\v6-m\libc_nano.a(lib_a-wbuf.o) (_fflush_r)
C:\Program Files (x86)\GNU Tools ARM Embedded\7 2017-q4-major\arm-none-eabi\lib\thumb\v6-m\libc_nano.a(lib_a-findfp.o)
                              C:\Program Files (x86)\GNU Tools ARM Embedded\7 2017-q4-major\arm-none-eabi\lib\thumb\v6-m\libc_nano.a(lib_a-getchar.o) (__sinit)
C:\Program Files (x86)\GNU Tools ARM Embedded\7 2017-q4-major\arm-none-eabi\lib\thumb\v6-m\libc_nano.a(lib_a-fwalk.o)
                              C:\Program Files (x86)\GNU Tools ARM Embedded\7 2017-q4-major\arm-none-eabi\lib\thumb\v6-m\libc_nano.a(lib_a-findfp.o) (_fwalk)
C:\Program Files (x86)\GNU Tools ARM Embedded\7 2017-q4-major\arm-none-eabi\lib\thumb\v6-m\libc_nano.a(lib_a-getc.o)
                              C:\Program Files (x86)\GNU Tools ARM Embedded\7 2017-q4-major\arm-none-eabi\lib\thumb\v6-m\libc_nano.a(lib_a-getchar.o) (_getc_r)
C:\Program Files (x86)\GNU Tools ARM Embedded\7 2017-q4-major\arm-none-eabi\lib\thumb\v6-m\libc_nano.a(lib_a-makebuf.o)
                              C:\Program Files (x86)\GNU Tools ARM Embedded\7 2017-q4-major\arm-none-eabi\lib\thumb\v6-m\libc_nano.a(lib_a-wsetup.o) (__smakebuf_r)
C:\Program Files (x86)\GNU Tools ARM Embedded\7 2017-q4-major\arm-none-eabi\lib\thumb\v6-m\libc_nano.a(lib_a-memset.o)
                              C:\Program Files (x86)\GNU Tools ARM Embedded\7 2017-q4-major\arm-none-eabi\lib\thumb\v6-m\libc_nano.a(lib_a-findfp.o) (memset)
C:\Program Files (x86)\GNU Tools ARM Embedded\7 2017-q4-major\arm-none-eabi\lib\thumb\v6-m\libc_nano.a(lib_a-nano-freer.o)
                              C:\Program Files (x86)\GNU Tools ARM Embedded\7 2017-q4-major\arm-none-eabi\lib\thumb\v6-m\libc_nano.a(lib_a-reent.o) (_free_r)
C:\Program Files (x86)\GNU Tools ARM Embedded\7 2017-q4-major\arm-none-eabi\lib\thumb\v6-m\libc_nano.a(lib_a-nano-mallocr.o)
                              C:\Program Files (x86)\GNU Tools ARM Embedded\7 2017-q4-major\arm-none-eabi\lib\thumb\v6-m\libc_nano.a(lib_a-findfp.o) (_malloc_r)
C:\Program Files (x86)\GNU Tools ARM Embedded\7 2017-q4-major\arm-none-eabi\lib\thumb\v6-m\libc_nano.a(lib_a-nano-vfprintf.o)
                              C:\Program Files (x86)\GNU Tools ARM Embedded\7 2017-q4-major\arm-none-eabi\lib\thumb\v6-m\libc_nano.a(lib_a-printf.o) (_vfprintf_r)
C:\Program Files (x86)\GNU Tools ARM Embedded\7 2017-q4-major\arm-none-eabi\lib\thumb\v6-m\libc_nano.a(lib_a-nano-vfprintf_i.o)
                              C:\Program Files (x86)\GNU Tools ARM Embedded\7 2017-q4-major\arm-none-eabi\lib\thumb\v6-m\libc_nano.a(lib_a-nano-vfprintf.o) (_printf_i)
C:\Program Files (x86)\GNU Tools ARM Embedded\7 2017-q4-major\arm-none-eabi\lib\thumb\v6-m\libc_nano.a(lib_a-rget.o)
[...]
Memory Configuration

Name             Origin             Length             Attributes
flash            0x08000000         0x00010000
ram              0x20000000         0x00002000
*default*        0x00000000         0xffffffff

Linker script and memory map

LOAD main.o
LOAD serial.o
LOAD startup.o
LOAD newlib_stubs.o
LOAD USART2.o
LOAD Motor_control.o
START GROUP
LOAD C:\Program Files (x86)\GNU Tools ARM Embedded\7 2017-q4-major\lib\gcc\arm-none-eabi\7.2.1\thumb\v6-m\libgcc.a
LOAD C:\Program Files (x86)\GNU Tools ARM Embedded\7 2017-q4-major\arm-none-eabi\lib\thumb\v6-m\libc_nano.a
LOAD C:\Program Files (x86)\GNU Tools ARM Embedded\7 2017-q4-major\arm-none-eabi\lib\thumb\v6-m\libm.a
END GROUP

.text           0x08000000     0x2a0c
 *(.vectors)
 .vectors       0x08000000       0xc0 startup.o
                0x08000000                Vectors
 *(.after_vectors*)
 .after_vectors
                0x080000c0       0x20 startup.o
                0x080000c0                ResetInit
 *(.text*)
 .text          0x080000e0      0x1c8 main.o
                0x080000e0                SysInit
                0x0800017c                Extract_op_val
                0x0800023c                main
 .text          0x080002a8      0x508 serial.o
                0x080002a8                ReadCom
                0x0800031c                WriteCom
                0x080003c0                initUART
                0x08000508                isr_usart1
                0x08000534                usart_rx
                0x08000564                usart_tx
                0x080005dc                PutBuf
                0x0800063a                GetBuf
                0x0800068c                GetBufCount
                0x080006a0                eputs
                0x080006dc                eputc
                0x080006fa                egetc
                0x08000714                egets
 .text          0x080007b0      0x148 startup.o
                0x08000824                initClock
                0x080008d0                Default_Handler
                0x080008e4                Hard_Fault_Handler
 .text          0x080008f8      0x2a8 newlib_stubs.o
                0x080008f8                _exit
                0x08000902                _close
                0x08000916                _execve
                0x08000938                _fork
                0x08000950                _fstat
                0x0800096c                _getpid
                0x08000978                _kill
                0x08000998                _link
                0x080009b8                _lseek
                0x080009ce                _stat
                0x080009ea                _times
                0x080009fe                _unlink
                0x08000a1c                _wait
                0x08000a3c                _isatty
                0x08000a64                _sbrk
                0x08000ad4                _read
                0x08000b4c                _write
 .text          0x08000ba0      0x194 USART2.o
                0x08000ba0                initUSART2
                0x08000c9c                isr_usart2
                0x08000cc8                usart2_rx
                0x08000cf0                usart2_rxo
                0x08000d14                putc2
 .text          0x08000d34      0x138 Motor_control.o
                0x08000d34                getsn
                0x08000da2                Timer1ISR
                0x08000dc0                TogglePins
 .text          0x08000e6c      0x1d4 C:\Program Files (x86)\GNU Tools ARM Embedded\7 2017-q4-major\lib\gcc\arm-none-eabi\7.2.1\thumb\v6-m\libgcc.a(_divsi3.o)
                0x08000e6c                __divsi3
                0x08000e6c                __aeabi_idiv
                0x08001038                __aeabi_idivmod
 .text          0x08001040        0x4 C:\Program Files (x86)\GNU Tools ARM Embedded\7 2017-q4-major\lib\gcc\arm-none-eabi\7.2.1\thumb\v6-m\libgcc.a(_dvmd_tls.o)
                0x08001040                __aeabi_idiv0
                0x08001040                __aeabi_ldiv0
 .text          0x08001044        0x0 C:\Program Files (x86)\GNU Tools ARM Embedded\7 2017-q4-major\arm-none-eabi\lib\thumb\v6-m\libc_nano.a(lib_a-getchar.o)
 .text._getchar_r
                0x08001044       0x1a C:\Program Files (x86)\GNU Tools ARM Embedded\7 2017-q4-major\arm-none-eabi\lib\thumb\v6-m\libc_nano.a(lib_a-getchar.o)
                0x08001044                _getchar_r
 *fill*         0x0800105e        0x2 
 .text.getchar  0x08001060       0x24 C:\Program Files (x86)\GNU Tools ARM Embedded\7 2017-q4-major\arm-none-eabi\lib\thumb\v6-m\libc_nano.a(lib_a-getchar.o)
                0x08001060                getchar
 .text          0x08001084        0x0 C:\Program Files (x86)\GNU Tools ARM Embedded\7 2017-q4-major\arm-none-eabi\lib\thumb\v6-m\libc_nano.a(lib_a-impure.o)
 .text          0x08001084        0x0 C:\Program Files (x86)\GNU Tools ARM Embedded\7 2017-q4-major\arm-none-eabi\lib\thumb\v6-m\libc_nano.a(lib_a-printf.o)
 .text._printf_r
                0x08001084       0x28 C:\Program Files (x86)\GNU Tools ARM Embedded\7 2017-q4-major\arm-none-eabi\lib\thumb\v6-m\libc_nano.a(lib_a-printf.o)
                0x08001084                _iprintf_r
                0x08001084                _printf_r
 .text.printf   0x080010ac       0x34 C:\Program Files (x86)\GNU Tools ARM Embedded\7 2017-q4-major\arm-none-eabi\lib\thumb\v6-m\libc_nano.a(lib_a-printf.o)
                0x080010ac                iprintf
                0x080010ac                printf
 .text          0x080010e0        0x0 C:\Program Files (x86)\GNU Tools ARM Embedded\7 2017-q4-major\arm-none-eabi\lib\thumb\v6-m\libc_nano.a(lib_a-puts.o)
 .text._puts_r  0x080010e0       0xc0 C:\Program Files (x86)\GNU Tools ARM Embedded\7 2017-q4-major\arm-none-eabi\lib\thumb\v6-m\libc_nano.a(lib_a-puts.o)
                0x080010e0                _puts_r
 .text.puts     0x080011a0       0x14 C:\Program Files (x86)\GNU Tools ARM Embedded\7 2017-q4-major\arm-none-eabi\lib\thumb\v6-m\libc_nano.a(lib_a-puts.o)
                0x080011a0                puts
 .text          0x080011b4        0x0 C:\Program Files (x86)\GNU Tools ARM Embedded\7 2017-q4-major\arm-none-eabi\lib\thumb\v6-m\libc_nano.a(lib_a-reent.o)
 .text.cleanup_glue
                0x080011b4       0x1a C:\Program Files (x86)\GNU Tools ARM Embedded\7 2017-q4-major\arm-none-eabi\lib\thumb\v6-m\libc_nano.a(lib_a-reent.o)
                0x080011b4                cleanup_glue
 *fill*         0x080011ce        0x2 
 .text._reclaim_reent
                0x080011d0       0xcc C:\Program Files (x86)\GNU Tools ARM Embedded\7 2017-q4-major\arm-none-eabi\lib\thumb\v6-m\libc_nano.a(lib_a-reent.o)
                0x080011d0                _reclaim_reent
 .text          0x0800129c        0x0 C:\Program Files (x86)\GNU Tools ARM Embedded\7 2017-q4-major\arm-none-eabi\lib\thumb\v6-m\libc_nano.a(lib_a-wbuf.o)
 .text.__swbuf_r
                0x0800129c       0xac C:\Program Files (x86)\GNU Tools ARM Embedded\7 2017-q4-major\arm-none-eabi\lib\thumb\v6-m\libc_nano.a(lib_a-wbuf.o)
                0x0800129c                __swbuf_r
 .text.__swbuf  0x08001348       0x14 C:\Program Files (x86)\GNU Tools ARM Embedded\7 2017-q4-major\arm-none-eabi\lib\thumb\v6-m\libc_nano.a(lib_a-wbuf.o)
                0x08001348                __swbuf
 .text          0x0800135c        0x0 C:\Program Files (x86)\GNU Tools ARM Embedded\7 2017-q4-major\arm-none-eabi\lib\thumb\v6-m\libc_nano.a(lib_a-wsetup.o)
 .text.__swsetup_r
                0x0800135c       0xec C:\Program Files (x86)\GNU Tools ARM Embedded\7 2017-q4-major\arm-none-eabi\lib\thumb\v6-m\libc_nano.a(lib_a-wsetup.o)
                0x0800135c                __swsetup_r
 .text          0x08001448        0x0 C:\Program Files (x86)\GNU Tools ARM Embedded\7 2017-q4-major\arm-none-eabi\lib\thumb\v6-m\libc_nano.a(lib_a-fflush.o)
 .text.__sflush_r
                0x08001448      0x114 C:\Program Files (x86)\GNU Tools ARM Embedded\7 2017-q4-major\arm-none-eabi\lib\thumb\v6-m\libc_nano.a(lib_a-fflush.o)
                0x08001448                __sflush_r
 .text._fflush_r
                0x0800155c       0x58 C:\Program Files (x86)\GNU Tools ARM Embedded\7 2017-q4-major\arm-none-eabi\lib\thumb\v6-m\libc_nano.a(lib_a-fflush.o)
                0x0800155c                _fflush_r
 .text.fflush   0x080015b4       0x28 C:\Program Files (x86)\GNU Tools ARM Embedded\7 2017-q4-major\arm-none-eabi\lib\thumb\v6-m\libc_nano.a(lib_a-fflush.o)
                0x080015b4                fflush
 .text          0x080015dc        0x0 C:\Program Files (x86)\GNU Tools ARM Embedded\7 2017-q4-major\arm-none-eabi\lib\thumb\v6-m\libc_nano.a(lib_a-findfp.o)
 .text.__fp_lock
                0x080015dc        0x4 C:\Program Files (x86)\GNU Tools ARM Embedded\7 2017-q4-major\arm-none-eabi\lib\thumb\v6-m\libc_nano.a(lib_a-findfp.o)
 .text.std      0x080015e0       0x48 C:\Program Files (x86)\GNU Tools ARM Embedded\7 2017-q4-major\arm-none-eabi\lib\thumb\v6-m\libc_nano.a(lib_a-findfp.o)
 .text._cleanup_r
                0x08001628       0x10 C:\Program Files (x86)\GNU Tools ARM Embedded\7 2017-q4-major\arm-none-eabi\lib\thumb\v6-m\libc_nano.a(lib_a-findfp.o)
                0x08001628                _cleanup_r
 .text.__fp_unlock
                0x08001638        0x4 C:\Program Files (x86)\GNU Tools ARM Embedded\7 2017-q4-major\arm-none-eabi\lib\thumb\v6-m\libc_nano.a(lib_a-findfp.o)
 .text.__sfmoreglue
                0x0800163c       0x2c C:\Program Files (x86)\GNU Tools ARM Embedded\7 2017-q4-major\arm-none-eabi\lib\thumb\v6-m\libc_nano.a(lib_a-findfp.o)
                0x0800163c                __sfmoreglue
 .text._cleanup
                0x08001668       0x10 C:\Program Files (x86)\GNU Tools ARM Embedded\7 2017-q4-major\arm-none-eabi\lib\thumb\v6-m\libc_nano.a(lib_a-findfp.o)
                0x08001668                _cleanup
 .text.__sinit  0x08001678       0x68 C:\Program Files (x86)\GNU Tools ARM Embedded\7 2017-q4-major\arm-none-eabi\lib\thumb\v6-m\libc_nano.a(lib_a-findfp.o)
                0x08001678                __sinit
 .text.__sfp    0x080016e0       0x7c C:\Program Files (x86)\GNU Tools ARM Embedded\7 2017-q4-major\arm-none-eabi\lib\thumb\v6-m\libc_nano.a(lib_a-findfp.o)
                0x080016e0                __sfp
 .text.__sfp_lock_acquire
                0x0800175c        0x2 C:\Program Files (x86)\GNU Tools ARM Embedded\7 2017-q4-major\arm-none-eabi\lib\thumb\v6-m\libc_nano.a(lib_a-findfp.o)
                0x0800175c                __sfp_lock_acquire
 .text.__sfp_lock_release
                0x0800175e        0x2 C:\Program Files (x86)\GNU Tools ARM Embedded\7 2017-q4-major\arm-none-eabi\lib\thumb\v6-m\libc_nano.a(lib_a-findfp.o)
                0x0800175e                __sfp_lock_release
 .text.__sinit_lock_acquire
                0x08001760        0x2 C:\Program Files (x86)\GNU Tools ARM Embedded\7 2017-q4-major\arm-none-eabi\lib\thumb\v6-m\libc_nano.a(lib_a-findfp.o)
                0x08001760                __sinit_lock_acquire
 .text.__sinit_lock_release
                0x08001762        0x2 C:\Program Files (x86)\GNU Tools ARM Embedded\7 2017-q4-major\arm-none-eabi\lib\thumb\v6-m\libc_nano.a(lib_a-findfp.o)
                0x08001762                __sinit_lock_release
 .text.__fp_lock_all
                0x08001764       0x18 C:\Program Files (x86)\GNU Tools ARM Embedded\7 2017-q4-major\arm-none-eabi\lib\thumb\v6-m\libc_nano.a(lib_a-findfp.o)
                0x08001764                __fp_lock_all
 .text.__fp_unlock_all
                0x0800177c       0x18 C:\Program Files (x86)\GNU Tools ARM Embedded\7 2017-q4-major\arm-none-eabi\lib\thumb\v6-m\libc_nano.a(lib_a-findfp.o)
                0x0800177c                __fp_unlock_all
 .text          0x08001794        0x0 C:\Program Files (x86)\GNU Tools ARM Embedded\7 2017-q4-major\arm-none-eabi\lib\thumb\v6-m\libc_nano.a(lib_a-fwalk.o)
 .text._fwalk   0x08001794       0x38 C:\Program Files (x86)\GNU Tools ARM Embedded\7 2017-q4-major\arm-none-eabi\lib\thumb\v6-m\libc_nano.a(lib_a-fwalk.o)
                0x08001794                _fwalk
 .text._fwalk_reent
                0x080017cc       0x42 C:\Program Files (x86)\GNU Tools ARM Embedded\7 2017-q4-major\arm-none-eabi\lib\thumb\v6-m\libc_nano.a(lib_a-fwalk.o)
                0x080017cc                _fwalk_reent
 .text          0x0800180e        0x0 C:\Program Files (x86)\GNU Tools ARM Embedded\7 2017-q4-major\arm-none-eabi\lib\thumb\v6-m\libc_nano.a(lib_a-getc.o)
 *fill*         0x0800180e        0x2 
 .text._getc_r  0x08001810       0x5c C:\Program Files (x86)\GNU Tools ARM Embedded\7 2017-q4-major\arm-none-eabi\lib\thumb\v6-m\libc_nano.a(lib_a-getc.o)
                0x08001810                _getc_r
 .text.getc     0x0800186c       0x64 C:\Program Files (x86)\GNU Tools ARM Embedded\7 2017-q4-major\arm-none-eabi\lib\thumb\v6-m\libc_nano.a(lib_a-getc.o)
                0x0800186c                getc
 .text          0x080018d0        0x0 C:\Program Files (x86)\GNU Tools ARM Embedded\7 2017-q4-major\arm-none-eabi\lib\thumb\v6-m\libc_nano.a(lib_a-makebuf.o)
 .text.__swhatbuf_r
                0x080018d0       0x50 C:\Program Files (x86)\GNU Tools ARM Embedded\7 2017-q4-major\arm-none-eabi\lib\thumb\v6-m\libc_nano.a(lib_a-makebuf.o)
                0x080018d0                __swhatbuf_r
 .text.__smakebuf_r
                0x08001920       0x88 C:\Program Files (x86)\GNU Tools ARM Embedded\7 2017-q4-major\arm-none-eabi\lib\thumb\v6-m\libc_nano.a(lib_a-makebuf.o)
                0x08001920                __smakebuf_r
 .text          0x080019a8        0x0 C:\Program Files (x86)\GNU Tools ARM Embedded\7 2017-q4-major\arm-none-eabi\lib\thumb\v6-m\libc_nano.a(lib_a-memset.o)
 .text.memset   0x080019a8       0x10 C:\Program Files (x86)\GNU Tools ARM Embedded\7 2017-q4-major\arm-none-eabi\lib\thumb\v6-m\libc_nano.a(lib_a-memset.o)
                0x080019a8                memset
 .text          0x080019b8        0x0 C:\Program Files (x86)\GNU Tools ARM Embedded\7 2017-q4-major\arm-none-eabi\lib\thumb\v6-m\libc_nano.a(lib_a-nano-freer.o)
 .text._free_r  0x080019b8       0x94 C:\Program Files (x86)\GNU Tools ARM Embedded\7 2017-q4-major\arm-none-eabi\lib\thumb\v6-m\libc_nano.a(lib_a-nano-freer.o)
                0x080019b8                _free_r
 .text          0x08001a4c        0x0 C:\Program Files (x86)\GNU Tools ARM Embedded\7 2017-q4-major\arm-none-eabi\lib\thumb\v6-m\libc_nano.a(lib_a-nano-mallocr.o)
 .text._malloc_r
                0x08001a4c       0xbc C:\Program Files (x86)\GNU Tools ARM Embedded\7 2017-q4-major\arm-none-eabi\lib\thumb\v6-m\libc_nano.a(lib_a-nano-mallocr.o)
                0x08001a4c                _malloc_r
 .text          0x08001b08        0x0 C:\Program Files (x86)\GNU Tools ARM Embedded\7 2017-q4-major\arm-none-eabi\lib\thumb\v6-m\libc_nano.a(lib_a-nano-vfprintf.o)
 .text.__sfputc_r
                0x08001b08       0x2a C:\Program Files (x86)\GNU Tools ARM Embedded\7 2017-q4-major\arm-none-eabi\lib\thumb\v6-m\libc_nano.a(lib_a-nano-vfprintf.o)
 .text.__sfputs_r
                0x08001b32       0x24 C:\Program Files (x86)\GNU Tools ARM Embedded\7 2017-q4-major\arm-none-eabi\lib\thumb\v6-m\libc_nano.a(lib_a-nano-vfprintf.o)
                0x08001b32                __sfputs_r
 .text.__sprint_r
                0x08001b56       0x1c C:\Program Files (x86)\GNU Tools ARM Embedded\7 2017-q4-major\arm-none-eabi\lib\thumb\v6-m\libc_nano.a(lib_a-nano-vfprintf.o)
                0x08001b56                __sprint_r
 *fill*         0x08001b72        0x2 
 .text._vfprintf_r
                0x08001b74      0x22c C:\Program Files (x86)\GNU Tools ARM Embedded\7 2017-q4-major\arm-none-eabi\lib\thumb\v6-m\libc_nano.a(lib_a-nano-vfprintf.o)
                0x08001b74                _vfprintf_r
                0x08001b74                _vfiprintf_r
 .text.vfprintf
                0x08001da0       0x18 C:\Program Files (x86)\GNU Tools ARM Embedded\7 2017-q4-major\arm-none-eabi\lib\thumb\v6-m\libc_nano.a(lib_a-nano-vfprintf.o)
                0x08001da0                vfprintf
                0x08001da0                vfiprintf
 .text          0x08001db8        0x0 C:\Program Files (x86)\GNU Tools ARM Embedded\7 2017-q4-major\arm-none-eabi\lib\thumb\v6-m\libc_nano.a(lib_a-nano-vfprintf_i.o)
 .text._printf_common
                0x08001db8       0xda C:\Program Files (x86)\GNU Tools ARM Embedded\7 2017-q4-major\arm-none-eabi\lib\thumb\v6-m\libc_nano.a(lib_a-nano-vfprintf_i.o)
                0x08001db8                _printf_common
 *fill*         0x08001e92        0x2 
 .text._printf_i
                0x08001e94      0x210 C:\Program Files (x86)\GNU Tools ARM Embedded\7 2017-q4-major\arm-none-eabi\lib\thumb\v6-m\libc_nano.a(lib_a-nano-vfprintf_i.o)
                0x08001e94                _printf_i
 .text          0x080020a4        0x0 C:\Program Files (x86)\GNU Tools ARM Embedded\7 2017-q4-major\arm-none-eabi\lib\thumb\v6-m\libc_nano.a(lib_a-rget.o)
 .text.__srget_r
                0x080020a4       0x60 C:\Program Files (x86)\GNU Tools ARM Embedded\7 2017-q4-major\arm-none-eabi\lib\thumb\v6-m\libc_nano.a(lib_a-rget.o)
                0x080020a4                __srget_r
 .text.__srget  0x08002104       0x14 C:\Program Files (x86)\GNU Tools ARM Embedded\7 2017-q4-major\arm-none-eabi\lib\thumb\v6-m\libc_nano.a(lib_a-rget.o)
                0x08002104                __srget
 .text          0x08002118        0x0 C:\Program Files (x86)\GNU Tools ARM Embedded\7 2017-q4-major\arm-none-eabi\lib\thumb\v6-m\libc_nano.a(lib_a-sbrkr.o)
 .text._sbrk_r  0x08002118       0x24 C:\Program Files (x86)\GNU Tools ARM Embedded\7 2017-q4-major\arm-none-eabi\lib\thumb\v6-m\libc_nano.a(lib_a-sbrkr.o)
                0x08002118                _sbrk_r
 .text          0x0800213c        0x0 C:\Program Files (x86)\GNU Tools ARM Embedded\7 2017-q4-major\arm-none-eabi\lib\thumb\v6-m\libc_nano.a(lib_a-stdio.o)
 .text.__sread  0x0800213c       0x28 C:\Program Files (x86)\GNU Tools ARM Embedded\7 2017-q4-major\arm-none-eabi\lib\thumb\v6-m\libc_nano.a(lib_a-stdio.o)
                0x0800213c                __sread
 .text.__seofread
                0x08002164        0x4 C:\Program Files (x86)\GNU Tools ARM Embedded\7 2017-q4-major\arm-none-eabi\lib\thumb\v6-m\libc_nano.a(lib_a-stdio.o)
                0x08002164                __seofread
 .text.__swrite
                0x08002168       0x38 C:\Program Files (x86)\GNU Tools ARM Embedded\7 2017-q4-major\arm-none-eabi\lib\thumb\v6-m\libc_nano.a(lib_a-stdio.o)
                0x08002168                __swrite
 .text.__sseek  0x080021a0       0x2c C:\Program Files (x86)\GNU Tools ARM Embedded\7 2017-q4-major\arm-none-eabi\lib\thumb\v6-m\libc_nano.a(lib_a-stdio.o)
                0x080021a0                __sseek
 .text.__sclose
                0x080021cc        0xc C:\Program Files (x86)\GNU Tools ARM Embedded\7 2017-q4-major\arm-none-eabi\lib\thumb\v6-m\libc_nano.a(lib_a-stdio.o)
                0x080021cc                __sclose
 .text          0x080021d8        0x0 C:\Program Files (x86)\GNU Tools ARM Embedded\7 2017-q4-major\arm-none-eabi\lib\thumb\v6-m\libc_nano.a(lib_a-writer.o)
 .text._write_r
                0x080021d8       0x28 C:\Program Files (x86)\GNU Tools ARM Embedded\7 2017-q4-major\arm-none-eabi\lib\thumb\v6-m\libc_nano.a(lib_a-writer.o)
                0x080021d8                _write_r
 .text          0x08002200        0x0 C:\Program Files (x86)\GNU Tools ARM Embedded\7 2017-q4-major\arm-none-eabi\lib\thumb\v6-m\libc_nano.a(lib_a-closer.o)
 .text._close_r
                0x08002200       0x24 C:\Program Files (x86)\GNU Tools ARM Embedded\7 2017-q4-major\arm-none-eabi\lib\thumb\v6-m\libc_nano.a(lib_a-closer.o)
                0x08002200                _close_r
 .text          0x08002224        0x0 C:\Program Files (x86)\GNU Tools ARM Embedded\7 2017-q4-major\arm-none-eabi\lib\thumb\v6-m\libc_nano.a(lib_a-fstatr.o)
 .text._fstat_r
                0x08002224       0x24 C:\Program Files (x86)\GNU Tools ARM Embedded\7 2017-q4-major\arm-none-eabi\lib\thumb\v6-m\libc_nano.a(lib_a-fstatr.o)
                0x08002224                _fstat_r
 .text          0x08002248        0x0 C:\Program Files (x86)\GNU Tools ARM Embedded\7 2017-q4-major\arm-none-eabi\lib\thumb\v6-m\libc_nano.a(lib_a-fvwrite.o)
 .text.__sfvwrite_r
                0x08002248      0x2c0 C:\Program Files (x86)\GNU Tools ARM Embedded\7 2017-q4-major\arm-none-eabi\lib\thumb\v6-m\libc_nano.a(lib_a-fvwrite.o)
                0x08002248                __sfvwrite_r
 .text          0x08002508        0x0 C:\Program Files (x86)\GNU Tools ARM Embedded\7 2017-q4-major\arm-none-eabi\lib\thumb\v6-m\libc_nano.a(lib_a-isattyr.o)
 .text._isatty_r
                0x08002508       0x24 C:\Program Files (x86)\GNU Tools ARM Embedded\7 2017-q4-major\arm-none-eabi\lib\thumb\v6-m\libc_nano.a(lib_a-isattyr.o)
                0x08002508                _isatty_r
 .text          0x0800252c        0x0 C:\Program Files (x86)\GNU Tools ARM Embedded\7 2017-q4-major\arm-none-eabi\lib\thumb\v6-m\libc_nano.a(lib_a-lseekr.o)
 .text._lseek_r
                0x0800252c       0x28 C:\Program Files (x86)\GNU Tools ARM Embedded\7 2017-q4-major\arm-none-eabi\lib\thumb\v6-m\libc_nano.a(lib_a-lseekr.o)
                0x0800252c                _lseek_r
 .text          0x08002554        0x0 C:\Program Files (x86)\GNU Tools ARM Embedded\7 2017-q4-major\arm-none-eabi\lib\thumb\v6-m\libc_nano.a(lib_a-memchr-stub.o)
 .text.memchr   0x08002554       0x16 C:\Program Files (x86)\GNU Tools ARM Embedded\7 2017-q4-major\arm-none-eabi\lib\thumb\v6-m\libc_nano.a(lib_a-memchr-stub.o)
                0x08002554                memchr
 .text          0x0800256a        0x0 C:\Program Files (x86)\GNU Tools ARM Embedded\7 2017-q4-major\arm-none-eabi\lib\thumb\v6-m\libc_nano.a(lib_a-memcpy-stub.o)
 .text.memcpy   0x0800256a       0x12 C:\Program Files (x86)\GNU Tools ARM Embedded\7 2017-q4-major\arm-none-eabi\lib\thumb\v6-m\libc_nano.a(lib_a-memcpy-stub.o)
                0x0800256a                memcpy
 .text          0x0800257c        0x0 C:\Program Files (x86)\GNU Tools ARM Embedded\7 2017-q4-major\arm-none-eabi\lib\thumb\v6-m\libc_nano.a(lib_a-memmove.o)
 .text.memmove  0x0800257c       0x26 C:\Program Files (x86)\GNU Tools ARM Embedded\7 2017-q4-major\arm-none-eabi\lib\thumb\v6-m\libc_nano.a(lib_a-memmove.o)
                0x0800257c                memmove
 .text          0x080025a2        0x0 C:\Program Files (x86)\GNU Tools ARM Embedded\7 2017-q4-major\arm-none-eabi\lib\thumb\v6-m\libc_nano.a(lib_a-mlock.o)
 .text.__malloc_lock
                0x080025a2        0x2 C:\Program Files (x86)\GNU Tools ARM Embedded\7 2017-q4-major\arm-none-eabi\lib\thumb\v6-m\libc_nano.a(lib_a-mlock.o)
                0x080025a2                __malloc_lock
 .text.__malloc_unlock
                0x080025a4        0x2 C:\Program Files (x86)\GNU Tools ARM Embedded\7 2017-q4-major\arm-none-eabi\lib\thumb\v6-m\libc_nano.a(lib_a-mlock.o)
                0x080025a4                __malloc_unlock
 .text          0x080025a6        0x0 C:\Program Files (x86)\GNU Tools ARM Embedded\7 2017-q4-major\arm-none-eabi\lib\thumb\v6-m\libc_nano.a(lib_a-nano-reallocr.o)
 .text._realloc_r
                0x080025a6       0x4c C:\Program Files (x86)\GNU Tools ARM Embedded\7 2017-q4-major\arm-none-eabi\lib\thumb\v6-m\libc_nano.a(lib_a-nano-reallocr.o)
                0x080025a6                _realloc_r
 .text          0x080025f2        0x0 C:\Program Files (x86)\GNU Tools ARM Embedded\7 2017-q4-major\arm-none-eabi\lib\thumb\v6-m\libc_nano.a(lib_a-readr.o)
 *fill*         0x080025f2        0x2 
 .text._read_r  0x080025f4       0x28 C:\Program Files (x86)\GNU Tools ARM Embedded\7 2017-q4-major\arm-none-eabi\lib\thumb\v6-m\libc_nano.a(lib_a-readr.o)
                0x080025f4                _read_r
 .text          0x0800261c        0x0 C:\Program Files (x86)\GNU Tools ARM Embedded\7 2017-q4-major\arm-none-eabi\lib\thumb\v6-m\libc_nano.a(lib_a-refill.o)
 .text.lflush   0x0800261c       0x18 C:\Program Files (x86)\GNU Tools ARM Embedded\7 2017-q4-major\arm-none-eabi\lib\thumb\v6-m\libc_nano.a(lib_a-refill.o)
 .text.__srefill_r
                0x08002634      0x124 C:\Program Files (x86)\GNU Tools ARM Embedded\7 2017-q4-major\arm-none-eabi\lib\thumb\v6-m\libc_nano.a(lib_a-refill.o)
                0x08002634                __srefill_r
 .text          0x08002758        0x0 C:\Program Files (x86)\GNU Tools ARM Embedded\7 2017-q4-major\arm-none-eabi\lib\thumb\v6-m\libc_nano.a(lib_a-nano-msizer.o)
 .text._malloc_usable_size_r
                0x08002758       0x10 C:\Program Files (x86)\GNU Tools ARM Embedded\7 2017-q4-major\arm-none-eabi\lib\thumb\v6-m\libc_nano.a(lib_a-nano-msizer.o)
                0x08002758                _malloc_usable_size_r
 .text          0x08002768      0x114 C:\Program Files (x86)\GNU Tools ARM Embedded\7 2017-q4-major\lib\gcc\arm-none-eabi\7.2.1\thumb\v6-m\libgcc.a(_udivsi3.o)
                0x08002768                __aeabi_uidiv
                0x08002768                __udivsi3
                0x08002874                __aeabi_uidivmod
 *(.rodata*)
 .rodata        0x0800287c       0xaa main.o
 *fill*         0x08002926        0x2 
 .rodata        0x08002928       0x4c startup.o
 .rodata._global_impure_ptr
                0x08002974        0x4 C:\Program Files (x86)\GNU Tools ARM Embedded\7 2017-q4-major\arm-none-eabi\lib\thumb\v6-m\libc_nano.a(lib_a-impure.o)
                0x08002974                _global_impure_ptr
 .rodata.__sf_fake_stderr
                0x08002978       0x20 C:\Program Files (x86)\GNU Tools ARM Embedded\7 2017-q4-major\arm-none-eabi\lib\thumb\v6-m\libc_nano.a(lib_a-findfp.o)
                0x08002978                __sf_fake_stderr
 .rodata.__sf_fake_stdin
                0x08002998       0x20 C:\Program Files (x86)\GNU Tools ARM Embedded\7 2017-q4-major\arm-none-eabi\lib\thumb\v6-m\libc_nano.a(lib_a-findfp.o)
                0x08002998                __sf_fake_stdin
 .rodata.__sf_fake_stdout
                0x080029b8       0x20 C:\Program Files (x86)\GNU Tools ARM Embedded\7 2017-q4-major\arm-none-eabi\lib\thumb\v6-m\libc_nano.a(lib_a-findfp.o)
                0x080029b8                __sf_fake_stdout
 .rodata._vfprintf_r.str1.1
                0x080029d8       0x11 C:\Program Files (x86)\GNU Tools ARM Embedded\7 2017-q4-major\arm-none-eabi\lib\thumb\v6-m\libc_nano.a(lib_a-nano-vfprintf.o)
 .rodata._printf_i.str1.1
                0x080029e9       0x22 C:\Program Files (x86)\GNU Tools ARM Embedded\7 2017-q4-major\arm-none-eabi\lib\thumb\v6-m\libc_nano.a(lib_a-nano-vfprintf_i.o)
                0x08002a0c                . = ALIGN (0x4)
 *fill*         0x08002a0b        0x1 
                0x08002a0c                PROVIDE (__init_array_start, .)
 *(SORT_BY_NAME(.init_array.*))
 *(.init_array)
                0x08002a0c                PROVIDE (__init_array_end, .)
                0x08002a0c                . = ALIGN (0x4)
                0x08002a0c                _etext = .

.glue_7         0x08002a0c        0x0
 .glue_7        0x08002a0c        0x0 linker stubs

.glue_7t        0x08002a0c        0x0
 .glue_7t       0x08002a0c        0x0 linker stubs

.vfp11_veneer   0x08002a0c        0x0
 .vfp11_veneer  0x08002a0c        0x0 linker stubs

.v4_bx          0x08002a0c        0x0
 .v4_bx         0x08002a0c        0x0 linker stubs

.iplt           0x08002a0c        0x0
 .iplt          0x08002a0c        0x0 main.o

.rel.dyn        0x08002a0c        0x0
 .rel.iplt      0x08002a0c        0x0 main.o

.data           0x20000000       0x6c load address 0x08002a0c
                0x20000000                . = ALIGN (0x4)
                0x20000000                _data = .
 *(.data*)
 .data          0x20000000        0x0 main.o
 .data          0x20000000        0x0 serial.o
 .data          0x20000000        0x0 startup.o
 .data          0x20000000        0x4 newlib_stubs.o
                0x20000000                environ
 .data          0x20000004        0x0 USART2.o
 .data          0x20000004        0x2 Motor_control.o
                0x20000004                duty_cycleLF
                0x20000005                duty_cycleRF
 .data          0x20000006        0x0 C:\Program Files (x86)\GNU Tools ARM Embedded\7 2017-q4-major\lib\gcc\arm-none-eabi\7.2.1\thumb\v6-m\libgcc.a(_divsi3.o)
 .data          0x20000006        0x0 C:\Program Files (x86)\GNU Tools ARM Embedded\7 2017-q4-major\lib\gcc\arm-none-eabi\7.2.1\thumb\v6-m\libgcc.a(_dvmd_tls.o)
 .data          0x20000006        0x0 C:\Program Files (x86)\GNU Tools ARM Embedded\7 2017-q4-major\arm-none-eabi\lib\thumb\v6-m\libc_nano.a(lib_a-getchar.o)
 .data          0x20000006        0x0 C:\Program Files (x86)\GNU Tools ARM Embedded\7 2017-q4-major\arm-none-eabi\lib\thumb\v6-m\libc_nano.a(lib_a-impure.o)
 *fill*         0x20000006        0x2 
 .data._impure_ptr
                0x20000008        0x4 C:\Program Files (x86)\GNU Tools ARM Embedded\7 2017-q4-major\arm-none-eabi\lib\thumb\v6-m\libc_nano.a(lib_a-impure.o)
                0x20000008                _impure_ptr
 .data.impure_data
                0x2000000c       0x60 C:\Program Files (x86)\GNU Tools ARM Embedded\7 2017-q4-major\arm-none-eabi\lib\thumb\v6-m\libc_nano.a(lib_a-impure.o)
 .data          0x2000006c        0x0 C:\Program Files (x86)\GNU Tools ARM Embedded\7 2017-q4-major\arm-none-eabi\lib\thumb\v6-m\libc_nano.a(lib_a-printf.o)
 .data          0x2000006c        0x0 C:\Program Files (x86)\GNU Tools ARM Embedded\7 2017-q4-major\arm-none-eabi\lib\thumb\v6-m\libc_nano.a(lib_a-puts.o)
 .data          0x2000006c        0x0 C:\Program Files (x86)\GNU Tools ARM Embedded\7 2017-q4-major\arm-none-eabi\lib\thumb\v6-m\libc_nano.a(lib_a-reent.o)
 .data          0x2000006c        0x0 C:\Program Files (x86)\GNU Tools ARM Embedded\7 2017-q4-major\arm-none-eabi\lib\thumb\v6-m\libc_nano.a(lib_a-wbuf.o)
 .data          0x2000006c        0x0 C:\Program Files (x86)\GNU Tools ARM Embedded\7 2017-q4-major\arm-none-eabi\lib\thumb\v6-m\libc_nano.a(lib_a-wsetup.o)
 .data          0x2000006c        0x0 C:\Program Files (x86)\GNU Tools ARM Embedded\7 2017-q4-major\arm-none-eabi\lib\thumb\v6-m\libc_nano.a(lib_a-fflush.o)
 .data          0x2000006c        0x0 C:\Program Files (x86)\GNU Tools ARM Embedded\7 2017-q4-major\arm-none-eabi\lib\thumb\v6-m\libc_nano.a(lib_a-findfp.o)
 .data          0x2000006c        0x0 C:\Program Files (x86)\GNU Tools ARM Embedded\7 2017-q4-major\arm-none-eabi\lib\thumb\v6-m\libc_nano.a(lib_a-fwalk.o)
 .data          0x2000006c        0x0 C:\Program Files (x86)\GNU Tools ARM Embedded\7 2017-q4-major\arm-none-eabi\lib\thumb\v6-m\libc_nano.a(lib_a-getc.o)
 .data          0x2000006c        0x0 C:\Program Files (x86)\GNU Tools ARM Embedded\7 2017-q4-major\arm-none-eabi\lib\thumb\v6-m\libc_nano.a(lib_a-makebuf.o)
 .data          0x2000006c        0x0 C:\Program Files (x86)\GNU Tools ARM Embedded\7 2017-q4-major\arm-none-eabi\lib\thumb\v6-m\libc_nano.a(lib_a-memset.o)
 .data          0x2000006c        0x0 C:\Program Files (x86)\GNU Tools ARM Embedded\7 2017-q4-major\arm-none-eabi\lib\thumb\v6-m\libc_nano.a(lib_a-nano-freer.o)
 .data          0x2000006c        0x0 C:\Program Files (x86)\GNU Tools ARM Embedded\7 2017-q4-major\arm-none-eabi\lib\thumb\v6-m\libc_nano.a(lib_a-nano-mallocr.o)
 .data          0x2000006c        0x0 C:\Program Files (x86)\GNU Tools ARM Embedded\7 2017-q4-major\arm-none-eabi\lib\thumb\v6-m\libc_nano.a(lib_a-nano-vfprintf.o)
 .data          0x2000006c        0x0 C:\Program Files (x86)\GNU Tools ARM Embedded\7 2017-q4-major\arm-none-eabi\lib\thumb\v6-m\libc_nano.a(lib_a-nano-vfprintf_i.o)
 .data          0x2000006c        0x0 C:\Program Files (x86)\GNU Tools ARM Embedded\7 2017-q4-major\arm-none-eabi\lib\thumb\v6-m\libc_nano.a(lib_a-rget.o)
 .data          0x2000006c        0x0 C:\Program Files (x86)\GNU Tools ARM Embedded\7 2017-q4-major\arm-none-eabi\lib\thumb\v6-m\libc_nano.a(lib_a-sbrkr.o)
 .data          0x2000006c        0x0 C:\Program Files (x86)\GNU Tools ARM Embedded\7 2017-q4-major\arm-none-eabi\lib\thumb\v6-m\libc_nano.a(lib_a-stdio.o)
 .data          0x2000006c        0x0 C:\Program Files (x86)\GNU Tools ARM Embedded\7 2017-q4-major\arm-none-eabi\lib\thumb\v6-m\libc_nano.a(lib_a-writer.o)
 .data          0x2000006c        0x0 C:\Program Files (x86)\GNU Tools ARM Embedded\7 2017-q4-major\arm-none-eabi\lib\thumb\v6-m\libc_nano.a(lib_a-closer.o)
 .data          0x2000006c        0x0 C:\Program Files (x86)\GNU Tools ARM Embedded\7 2017-q4-major\arm-none-eabi\lib\thumb\v6-m\libc_nano.a(lib_a-fstatr.o)
 .data          0x2000006c        0x0 C:\Program Files (x86)\GNU Tools ARM Embedded\7 2017-q4-major\arm-none-eabi\lib\thumb\v6-m\libc_nano.a(lib_a-fvwrite.o)
 .data          0x2000006c        0x0 C:\Program Files (x86)\GNU Tools ARM Embedded\7 2017-q4-major\arm-none-eabi\lib\thumb\v6-m\libc_nano.a(lib_a-isattyr.o)
 .data          0x2000006c        0x0 C:\Program Files (x86)\GNU Tools ARM Embedded\7 2017-q4-major\arm-none-eabi\lib\thumb\v6-m\libc_nano.a(lib_a-lseekr.o)
 .data          0x2000006c        0x0 C:\Program Files (x86)\GNU Tools ARM Embedded\7 2017-q4-major\arm-none-eabi\lib\thumb\v6-m\libc_nano.a(lib_a-memchr-stub.o)
 .data          0x2000006c        0x0 C:\Program Files (x86)\GNU Tools ARM Embedded\7 2017-q4-major\arm-none-eabi\lib\thumb\v6-m\libc_nano.a(lib_a-memcpy-stub.o)
 .data          0x2000006c        0x0 C:\Program Files (x86)\GNU Tools ARM Embedded\7 2017-q4-major\arm-none-eabi\lib\thumb\v6-m\libc_nano.a(lib_a-memmove.o)
 .data          0x2000006c        0x0 C:\Program Files (x86)\GNU Tools ARM Embedded\7 2017-q4-major\arm-none-eabi\lib\thumb\v6-m\libc_nano.a(lib_a-mlock.o)
 .data          0x2000006c        0x0 C:\Program Files (x86)\GNU Tools ARM Embedded\7 2017-q4-major\arm-none-eabi\lib\thumb\v6-m\libc_nano.a(lib_a-nano-reallocr.o)
 .data          0x2000006c        0x0 C:\Program Files (x86)\GNU Tools ARM Embedded\7 2017-q4-major\arm-none-eabi\lib\thumb\v6-m\libc_nano.a(lib_a-readr.o)
 .data          0x2000006c        0x0 C:\Program Files (x86)\GNU Tools ARM Embedded\7 2017-q4-major\arm-none-eabi\lib\thumb\v6-m\libc_nano.a(lib_a-refill.o)
 .data          0x2000006c        0x0 C:\Program Files (x86)\GNU Tools ARM Embedded\7 2017-q4-major\arm-none-eabi\lib\thumb\v6-m\libc_nano.a(lib_a-nano-msizer.o)
 .data          0x2000006c        0x0 C:\Program Files (x86)\GNU Tools ARM Embedded\7 2017-q4-major\lib\gcc\arm-none-eabi\7.2.1\thumb\v6-m\libgcc.a(_udivsi3.o)
                0x2000006c                . = ALIGN (0x4)
                0x2000006c                _edata = .

.igot.plt       0x2000006c        0x0 load address 0x08002a78
 .igot.plt      0x2000006c        0x0 main.o

.bss            0x2000006c       0xc0 load address 0x08002a78
                0x2000006c                _bss = .
 *(.bss*)
 .bss           0x2000006c        0x0 main.o
 .bss           0x2000006c        0x0 serial.o
 .bss           0x2000006c        0x0 startup.o
 .bss           0x2000006c        0x8 newlib_stubs.o
                0x2000006c                __env
 .bss           0x20000074        0x3 USART2.o
                0x20000074                U2_RX_flag
                0x20000075                U2_RXO_flag
                0x20000076                RX_data
 .bss           0x20000077        0x3 Motor_control.o
                0x20000077                count
                0x20000078                duty_cycleLR
                0x20000079                duty_cycleRR
 .bss           0x2000007a        0x0 C:\Program Files (x86)\GNU Tools ARM Embedded\7 2017-q4-major\lib\gcc\arm-none-eabi\7.2.1\thumb\v6-m\libgcc.a(_divsi3.o)
 .bss           0x2000007a        0x0 C:\Program Files (x86)\GNU Tools ARM Embedded\7 2017-q4-major\lib\gcc\arm-none-eabi\7.2.1\thumb\v6-m\libgcc.a(_dvmd_tls.o)
 .bss           0x2000007a        0x0 C:\Program Files (x86)\GNU Tools ARM Embedded\7 2017-q4-major\arm-none-eabi\lib\thumb\v6-m\libc_nano.a(lib_a-getchar.o)
 .bss           0x2000007a        0x0 C:\Program Files (x86)\GNU Tools ARM Embedded\7 2017-q4-major\arm-none-eabi\lib\thumb\v6-m\libc_nano.a(lib_a-impure.o)
 .bss           0x2000007a        0x0 C:\Program Files (x86)\GNU Tools ARM Embedded\7 2017-q4-major\arm-none-eabi\lib\thumb\v6-m\libc_nano.a(lib_a-printf.o)
 .bss           0x2000007a        0x0 C:\Program Files (x86)\GNU Tools ARM Embedded\7 2017-q4-major\arm-none-eabi\lib\thumb\v6-m\libc_nano.a(lib_a-puts.o)
 .bss           0x2000007a        0x0 C:\Program Files (x86)\GNU Tools ARM Embedded\7 2017-q4-major\arm-none-eabi\lib\thumb\v6-m\libc_nano.a(lib_a-reent.o)
 .bss           0x2000007a        0x0 C:\Program Files (x86)\GNU Tools ARM Embedded\7 2017-q4-major\arm-none-eabi\lib\thumb\v6-m\libc_nano.a(lib_a-wbuf.o)
 .bss           0x2000007a        0x0 C:\Program Files (x86)\GNU Tools ARM Embedded\7 2017-q4-major\arm-none-eabi\lib\thumb\v6-m\libc_nano.a(lib_a-wsetup.o)
 .bss           0x2000007a        0x0 C:\Program Files (x86)\GNU Tools ARM Embedded\7 2017-q4-major\arm-none-eabi\lib\thumb\v6-m\libc_nano.a(lib_a-fflush.o)
 .bss           0x2000007a        0x0 C:\Program Files (x86)\GNU Tools ARM Embedded\7 2017-q4-major\arm-none-eabi\lib\thumb\v6-m\libc_nano.a(lib_a-findfp.o)
 .bss           0x2000007a        0x0 C:\Program Files (x86)\GNU Tools ARM Embedded\7 2017-q4-major\arm-none-eabi\lib\thumb\v6-m\libc_nano.a(lib_a-fwalk.o)
 .bss           0x2000007a        0x0 C:\Program Files (x86)\GNU Tools ARM Embedded\7 2017-q4-major\arm-none-eabi\lib\thumb\v6-m\libc_nano.a(lib_a-getc.o)
 .bss           0x2000007a        0x0 C:\Program Files (x86)\GNU Tools ARM Embedded\7 2017-q4-major\arm-none-eabi\lib\thumb\v6-m\libc_nano.a(lib_a-makebuf.o)
 .bss           0x2000007a        0x0 C:\Program Files (x86)\GNU Tools ARM Embedded\7 2017-q4-major\arm-none-eabi\lib\thumb\v6-m\libc_nano.a(lib_a-memset.o)
 .bss           0x2000007a        0x0 C:\Program Files (x86)\GNU Tools ARM Embedded\7 2017-q4-major\arm-none-eabi\lib\thumb\v6-m\libc_nano.a(lib_a-nano-freer.o)
 .bss           0x2000007a        0x0 C:\Program Files (x86)\GNU Tools ARM Embedded\7 2017-q4-major\arm-none-eabi\lib\thumb\v6-m\libc_nano.a(lib_a-nano-mallocr.o)
 *fill*         0x2000007a        0x2 
 .bss.__malloc_free_list
                0x2000007c        0x4 C:\Program Files (x86)\GNU Tools ARM Embedded\7 2017-q4-major\arm-none-eabi\lib\thumb\v6-m\libc_nano.a(lib_a-nano-mallocr.o)
                0x2000007c                __malloc_free_list
 .bss.__malloc_sbrk_start
                0x20000080        0x4 C:\Program Files (x86)\GNU Tools ARM Embedded\7 2017-q4-major\arm-none-eabi\lib\thumb\v6-m\libc_nano.a(lib_a-nano-mallocr.o)
                0x20000080                __malloc_sbrk_start
 .bss           0x20000084        0x0 C:\Program Files (x86)\GNU Tools ARM Embedded\7 2017-q4-major\arm-none-eabi\lib\thumb\v6-m\libc_nano.a(lib_a-nano-vfprintf.o)
 .bss           0x20000084        0x0 C:\Program Files (x86)\GNU Tools ARM Embedded\7 2017-q4-major\arm-none-eabi\lib\thumb\v6-m\libc_nano.a(lib_a-nano-vfprintf_i.o)
 .bss           0x20000084        0x0 C:\Program Files (x86)\GNU Tools ARM Embedded\7 2017-q4-major\arm-none-eabi\lib\thumb\v6-m\libc_nano.a(lib_a-rget.o)
 .bss           0x20000084        0x0 C:\Program Files (x86)\GNU Tools ARM Embedded\7 2017-q4-major\arm-none-eabi\lib\thumb\v6-m\libc_nano.a(lib_a-sbrkr.o)
 .bss           0x20000084        0x0 C:\Program Files (x86)\GNU Tools ARM Embedded\7 2017-q4-major\arm-none-eabi\lib\thumb\v6-m\libc_nano.a(lib_a-stdio.o)
 .bss           0x20000084        0x0 C:\Program Files (x86)\GNU Tools ARM Embedded\7 2017-q4-major\arm-none-eabi\lib\thumb\v6-m\libc_nano.a(lib_a-writer.o)
 .bss           0x20000084        0x0 C:\Program Files (x86)\GNU Tools ARM Embedded\7 2017-q4-major\arm-none-eabi\lib\thumb\v6-m\libc_nano.a(lib_a-closer.o)
 .bss           0x20000084        0x0 C:\Program Files (x86)\GNU Tools ARM Embedded\7 2017-q4-major\arm-none-eabi\lib\thumb\v6-m\libc_nano.a(lib_a-fstatr.o)
 .bss           0x20000084        0x0 C:\Program Files (x86)\GNU Tools ARM Embedded\7 2017-q4-major\arm-none-eabi\lib\thumb\v6-m\libc_nano.a(lib_a-fvwrite.o)
 .bss           0x20000084        0x0 C:\Program Files (x86)\GNU Tools ARM Embedded\7 2017-q4-major\arm-none-eabi\lib\thumb\v6-m\libc_nano.a(lib_a-isattyr.o)
 .bss           0x20000084        0x0 C:\Program Files (x86)\GNU Tools ARM Embedded\7 2017-q4-major\arm-none-eabi\lib\thumb\v6-m\libc_nano.a(lib_a-lseekr.o)
 .bss           0x20000084        0x0 C:\Program Files (x86)\GNU Tools ARM Embedded\7 2017-q4-major\arm-none-eabi\lib\thumb\v6-m\libc_nano.a(lib_a-memchr-stub.o)
 .bss           0x20000084        0x0 C:\Program Files (x86)\GNU Tools ARM Embedded\7 2017-q4-major\arm-none-eabi\lib\thumb\v6-m\libc_nano.a(lib_a-memcpy-stub.o)
 .bss           0x20000084        0x0 C:\Program Files (x86)\GNU Tools ARM Embedded\7 2017-q4-major\arm-none-eabi\lib\thumb\v6-m\libc_nano.a(lib_a-memmove.o)
 .bss           0x20000084        0x0 C:\Program Files (x86)\GNU Tools ARM Embedded\7 2017-q4-major\arm-none-eabi\lib\thumb\v6-m\libc_nano.a(lib_a-mlock.o)
 .bss           0x20000084        0x0 C:\Program Files (x86)\GNU Tools ARM Embedded\7 2017-q4-major\arm-none-eabi\lib\thumb\v6-m\libc_nano.a(lib_a-nano-reallocr.o)
 .bss           0x20000084        0x0 C:\Program Files (x86)\GNU Tools ARM Embedded\7 2017-q4-major\arm-none-eabi\lib\thumb\v6-m\libc_nano.a(lib_a-readr.o)
 .bss           0x20000084        0x0 C:\Program Files (x86)\GNU Tools ARM Embedded\7 2017-q4-major\arm-none-eabi\lib\thumb\v6-m\libc_nano.a(lib_a-refill.o)
 .bss           0x20000084        0x0 C:\Program Files (x86)\GNU Tools ARM Embedded\7 2017-q4-major\arm-none-eabi\lib\thumb\v6-m\libc_nano.a(lib_a-nano-msizer.o)
 .bss           0x20000084        0x0 C:\Program Files (x86)\GNU Tools ARM Embedded\7 2017-q4-major\lib\gcc\arm-none-eabi\7.2.1\thumb\v6-m\libgcc.a(_udivsi3.o)
 *(COMMON)
 COMMON         0x20000084       0xa4 serial.o
                0x20000084                ComError
                0x20000088                ComRXBuffer
                0x200000d4                ComTXBuffer
                0x20000120                ComOpen
                0x20000124                ComBusy
 COMMON         0x20000128        0x4 C:\Program Files (x86)\GNU Tools ARM Embedded\7 2017-q4-major\arm-none-eabi\lib\thumb\v6-m\libc_nano.a(lib_a-reent.o)
                0x20000128                errno
                0x2000012c                . = ALIGN (0x4)
                0x2000012c                _ebss = .
                [!provide]                PROVIDE (end, .)
                0x2000012c                PROVIDE (_HeapStart, .)
                0x20002000                PROVIDE (_StackTop, (ORIGIN (ram) + LENGTH (ram)))
OUTPUT(main.elf elf32-littlearm)

.debug_info     0x00000000     0x4158
 .debug_info    0x00000000      0x99c main.o
 .debug_info    0x0000099c      0xb77 serial.o
 .debug_info    0x00001513      0x9f9 startup.o
 .debug_info    0x00001f0c      0xf58 newlib_stubs.o
 .debug_info    0x00002e64      0x970 USART2.o
 .debug_info    0x000037d4      0x984 Motor_control.o

.debug_abbrev   0x00000000      0xd58
 .debug_abbrev  0x00000000      0x21e main.o
 .debug_abbrev  0x0000021e      0x27a serial.o
 .debug_abbrev  0x00000498      0x210 startup.o
 .debug_abbrev  0x000006a8      0x26b newlib_stubs.o
 .debug_abbrev  0x00000913      0x232 USART2.o
 .debug_abbrev  0x00000b45      0x213 Motor_control.o

.debug_aranges  0x00000000       0xc8
 .debug_aranges
                0x00000000       0x20 main.o
 .debug_aranges
                0x00000020       0x20 serial.o
 .debug_aranges
                0x00000040       0x28 startup.o
 .debug_aranges
                0x00000068       0x20 newlib_stubs.o
 .debug_aranges
                0x00000088       0x20 USART2.o
 .debug_aranges
                0x000000a8       0x20 Motor_control.o

.debug_line     0x00000000      0xc5e
 .debug_line    0x00000000      0x1c9 main.o
 .debug_line    0x000001c9      0x272 serial.o
 .debug_line    0x0000043b      0x1f7 startup.o
 .debug_line    0x00000632      0x2ab newlib_stubs.o
 .debug_line    0x000008dd      0x1af USART2.o
 .debug_line    0x00000a8c      0x1d2 Motor_control.o

.debug_str      0x00000000      0x965
 .debug_str     0x00000000      0x52f main.o
                                0x5af (size before relaxing)
 .debug_str     0x0000052f       0xd8 serial.o
                                0x609 (size before relaxing)
 .debug_str     0x00000607       0x9a startup.o
                                0x60d (size before relaxing)
 .debug_str     0x000006a1      0x25a newlib_stubs.o
                                0x7e3 (size before relaxing)
 .debug_str     0x000008fb       0x3a USART2.o
                                0x58c (size before relaxing)
 .debug_str     0x00000935       0x30 Motor_control.o
                                0x584 (size before relaxing)

.comment        0x00000000       0x7e
 .comment       0x00000000       0x7e main.o
                                 0x7f (size before relaxing)
 .comment       0x0000007e       0x7f serial.o
 .comment       0x0000007e       0x7f startup.o
 .comment       0x0000007e       0x7f newlib_stubs.o
 .comment       0x0000007e       0x7f USART2.o
 .comment       0x0000007e       0x7f Motor_control.o

.ARM.attributes
                0x00000000       0x31
 .ARM.attributes
                0x00000000       0x31 main.o
 .ARM.attributes
                0x00000031       0x31 serial.o
 .ARM.attributes
                0x00000062       0x31 startup.o
 .ARM.attributes
                0x00000093       0x31 newlib_stubs.o
 .ARM.attributes
                0x000000c4       0x31 USART2.o
 .ARM.attributes
                0x000000f5       0x31 Motor_control.o
 .ARM.attributes
                0x00000126       0x1e C:\Program Files (x86)\GNU Tools ARM Embedded\7 2017-q4-major\lib\gcc\arm-none-eabi\7.2.1\thumb\v6-m\libgcc.a(_divsi3.o)
 .ARM.attributes
                0x00000144       0x1e C:\Program Files (x86)\GNU Tools ARM Embedded\7 2017-q4-major\lib\gcc\arm-none-eabi\7.2.1\thumb\v6-m\libgcc.a(_dvmd_tls.o)
 .ARM.attributes
                0x00000162       0x2c C:\Program Files (x86)\GNU Tools ARM Embedded\7 2017-q4-major\arm-none-eabi\lib\thumb\v6-m\libc_nano.a(lib_a-getchar.o)
 .ARM.attributes
                0x0000018e       0x2c C:\Program Files (x86)\GNU Tools ARM Embedded\7 2017-q4-major\arm-none-eabi\lib\thumb\v6-m\libc_nano.a(lib_a-impure.o)
 .ARM.attributes
                0x000001ba       0x2c C:\Program Files (x86)\GNU Tools ARM Embedded\7 2017-q4-major\arm-none-eabi\lib\thumb\v6-m\libc_nano.a(lib_a-printf.o)
 .ARM.attributes
                0x000001e6       0x2c C:\Program Files (x86)\GNU Tools ARM Embedded\7 2017-q4-major\arm-none-eabi\lib\thumb\v6-m\libc_nano.a(lib_a-puts.o)
 .ARM.attributes
                0x00000212       0x2c C:\Program Files (x86)\GNU Tools ARM Embedded\7 2017-q4-major\arm-none-eabi\lib\thumb\v6-m\libc_nano.a(lib_a-reent.o)
 .ARM.attributes
                0x0000023e       0x2c C:\Program Files (x86)\GNU Tools ARM Embedded\7 2017-q4-major\arm-none-eabi\lib\thumb\v6-m\libc_nano.a(lib_a-wbuf.o)
 .ARM.attributes
                0x0000026a       0x2c C:\Program Files (x86)\GNU Tools ARM Embedded\7 2017-q4-major\arm-none-eabi\lib\thumb\v6-m\libc_nano.a(lib_a-wsetup.o)
 .ARM.attributes
                0x00000296       0x2c C:\Program Files (x86)\GNU Tools ARM Embedded\7 2017-q4-major\arm-none-eabi\lib\thumb\v6-m\libc_nano.a(lib_a-fflush.o)
 .ARM.attributes
                0x000002c2       0x2c C:\Program Files (x86)\GNU Tools ARM Embedded\7 2017-q4-major\arm-none-eabi\lib\thumb\v6-m\libc_nano.a(lib_a-findfp.o)
 .ARM.attributes
                0x000002ee       0x2c C:\Program Files (x86)\GNU Tools ARM Embedded\7 2017-q4-major\arm-none-eabi\lib\thumb\v6-m\libc_nano.a(lib_a-fwalk.o)
 .ARM.attributes
                0x0000031a       0x2c C:\Program Files (x86)\GNU Tools ARM Embedded\7 2017-q4-major\arm-none-eabi\lib\thumb\v6-m\libc_nano.a(lib_a-getc.o)
 .ARM.attributes
                0x00000346       0x2c C:\Program Files (x86)\GNU Tools ARM Embedded\7 2017-q4-major\arm-none-eabi\lib\thumb\v6-m\libc_nano.a(lib_a-makebuf.o)
 .ARM.attributes
                0x00000372       0x2c C:\Program Files (x86)\GNU Tools ARM Embedded\7 2017-q4-major\arm-none-eabi\lib\thumb\v6-m\libc_nano.a(lib_a-memset.o)
 .ARM.attributes
                0x0000039e       0x2c C:\Program Files (x86)\GNU Tools ARM Embedded\7 2017-q4-major\arm-none-eabi\lib\thumb\v6-m\libc_nano.a(lib_a-nano-freer.o)
 .ARM.attributes
                0x000003ca       0x2c C:\Program Files (x86)\GNU Tools ARM Embedded\7 2017-q4-major\arm-none-eabi\lib\thumb\v6-m\libc_nano.a(lib_a-nano-mallocr.o)
 .ARM.attributes
                0x000003f6       0x2c C:\Program Files (x86)\GNU Tools ARM Embedded\7 2017-q4-major\arm-none-eabi\lib\thumb\v6-m\libc_nano.a(lib_a-nano-vfprintf.o)
 .ARM.attributes
                0x00000422       0x2c C:\Program Files (x86)\GNU Tools ARM Embedded\7 2017-q4-major\arm-none-eabi\lib\thumb\v6-m\libc_nano.a(lib_a-nano-vfprintf_i.o)
 .ARM.attributes
                0x0000044e       0x2c C:\Program Files (x86)\GNU Tools ARM Embedded\7 2017-q4-major\arm-none-eabi\lib\thumb\v6-m\libc_nano.a(lib_a-rget.o)
 .ARM.attributes
                0x0000047a       0x2c C:\Program Files (x86)\GNU Tools ARM Embedded\7 2017-q4-major\arm-none-eabi\lib\thumb\v6-m\libc_nano.a(lib_a-sbrkr.o)
 .ARM.attributes
                0x000004a6       0x2c C:\Program Files (x86)\GNU Tools ARM Embedded\7 2017-q4-major\arm-none-eabi\lib\thumb\v6-m\libc_nano.a(lib_a-stdio.o)
 .ARM.attributes
                0x000004d2       0x2c C:\Program Files (x86)\GNU Tools ARM Embedded\7 2017-q4-major\arm-none-eabi\lib\thumb\v6-m\libc_nano.a(lib_a-writer.o)
 .ARM.attributes
                0x000004fe       0x2c C:\Program Files (x86)\GNU Tools ARM Embedded\7 2017-q4-major\arm-none-eabi\lib\thumb\v6-m\libc_nano.a(lib_a-closer.o)
 .ARM.attributes
                0x0000052a       0x2c C:\Program Files (x86)\GNU Tools ARM Embedded\7 2017-q4-major\arm-none-eabi\lib\thumb\v6-m\libc_nano.a(lib_a-fstatr.o)
 .ARM.attributes
                0x00000556       0x2c C:\Program Files (x86)\GNU Tools ARM Embedded\7 2017-q4-major\arm-none-eabi\lib\thumb\v6-m\libc_nano.a(lib_a-fvwrite.o)
 .ARM.attributes
                0x00000582       0x2c C:\Program Files (x86)\GNU Tools ARM Embedded\7 2017-q4-major\arm-none-eabi\lib\thumb\v6-m\libc_nano.a(lib_a-isattyr.o)
 .ARM.attributes
                0x000005ae       0x2c C:\Program Files (x86)\GNU Tools ARM Embedded\7 2017-q4-major\arm-none-eabi\lib\thumb\v6-m\libc_nano.a(lib_a-lseekr.o)
 .ARM.attributes
                0x000005da       0x2c C:\Program Files (x86)\GNU Tools ARM Embedded\7 2017-q4-major\arm-none-eabi\lib\thumb\v6-m\libc_nano.a(lib_a-memchr-stub.o)
 .ARM.attributes
                0x00000606       0x2c C:\Program Files (x86)\GNU Tools ARM Embedded\7 2017-q4-major\arm-none-eabi\lib\thumb\v6-m\libc_nano.a(lib_a-memcpy-stub.o)
 .ARM.attributes
                0x00000632       0x2c C:\Program Files (x86)\GNU Tools ARM Embedded\7 2017-q4-major\arm-none-eabi\lib\thumb\v6-m\libc_nano.a(lib_a-memmove.o)
 .ARM.attributes
                0x0000065e       0x2c C:\Program Files (x86)\GNU Tools ARM Embedded\7 2017-q4-major\arm-none-eabi\lib\thumb\v6-m\libc_nano.a(lib_a-mlock.o)
 .ARM.attributes
                0x0000068a       0x2c C:\Program Files (x86)\GNU Tools ARM Embedded\7 2017-q4-major\arm-none-eabi\lib\thumb\v6-m\libc_nano.a(lib_a-nano-reallocr.o)
 .ARM.attributes
                0x000006b6       0x2c C:\Program Files (x86)\GNU Tools ARM Embedded\7 2017-q4-major\arm-none-eabi\lib\thumb\v6-m\libc_nano.a(lib_a-readr.o)
 .ARM.attributes
                0x000006e2       0x2c C:\Program Files (x86)\GNU Tools ARM Embedded\7 2017-q4-major\arm-none-eabi\lib\thumb\v6-m\libc_nano.a(lib_a-refill.o)
 .ARM.attributes
                0x0000070e       0x2c C:\Program Files (x86)\GNU Tools ARM Embedded\7 2017-q4-major\arm-none-eabi\lib\thumb\v6-m\libc_nano.a(lib_a-nano-msizer.o)
 .ARM.attributes
                0x0000073a       0x1e C:\Program Files (x86)\GNU Tools ARM Embedded\7 2017-q4-major\lib\gcc\arm-none-eabi\7.2.1\thumb\v6-m\libgcc.a(_udivsi3.o)

.debug_frame    0x00000000      0xf20
 .debug_frame   0x00000000       0x70 main.o
 .debug_frame   0x00000070      0x1a4 serial.o
 .debug_frame   0x00000214       0x94 startup.o
 .debug_frame   0x000002a8      0x228 newlib_stubs.o
 .debug_frame   0x000004d0       0xa4 USART2.o
 .debug_frame   0x00000574       0x68 Motor_control.o
 .debug_frame   0x000005dc       0x20 C:\Program Files (x86)\GNU Tools ARM Embedded\7 2017-q4-major\lib\gcc\arm-none-eabi\7.2.1\thumb\v6-m\libgcc.a(_divsi3.o)
 .debug_frame   0x000005fc       0x40 C:\Program Files (x86)\GNU Tools ARM Embedded\7 2017-q4-major\arm-none-eabi\lib\thumb\v6-m\libc_nano.a(lib_a-getchar.o)
 .debug_frame   0x0000063c       0x50 C:\Program Files (x86)\GNU Tools ARM Embedded\7 2017-q4-major\arm-none-eabi\lib\thumb\v6-m\libc_nano.a(lib_a-printf.o)
 .debug_frame   0x0000068c       0x44 C:\Program Files (x86)\GNU Tools ARM Embedded\7 2017-q4-major\arm-none-eabi\lib\thumb\v6-m\libc_nano.a(lib_a-puts.o)
 .debug_frame   0x000006d0       0x48 C:\Program Files (x86)\GNU Tools ARM Embedded\7 2017-q4-major\arm-none-eabi\lib\thumb\v6-m\libc_nano.a(lib_a-reent.o)
 .debug_frame   0x00000718       0x48 C:\Program Files (x86)\GNU Tools ARM Embedded\7 2017-q4-major\arm-none-eabi\lib\thumb\v6-m\libc_nano.a(lib_a-wbuf.o)
 .debug_frame   0x00000760       0x2c C:\Program Files (x86)\GNU Tools ARM Embedded\7 2017-q4-major\arm-none-eabi\lib\thumb\v6-m\libc_nano.a(lib_a-wsetup.o)
 .debug_frame   0x0000078c       0x68 C:\Program Files (x86)\GNU Tools ARM Embedded\7 2017-q4-major\arm-none-eabi\lib\thumb\v6-m\libc_nano.a(lib_a-fflush.o)
 .debug_frame   0x000007f4      0x140 C:\Program Files (x86)\GNU Tools ARM Embedded\7 2017-q4-major\arm-none-eabi\lib\thumb\v6-m\libc_nano.a(lib_a-findfp.o)
 .debug_frame   0x00000934       0x58 C:\Program Files (x86)\GNU Tools ARM Embedded\7 2017-q4-major\arm-none-eabi\lib\thumb\v6-m\libc_nano.a(lib_a-fwalk.o)
 .debug_frame   0x0000098c       0x48 C:\Program Files (x86)\GNU Tools ARM Embedded\7 2017-q4-major\arm-none-eabi\lib\thumb\v6-m\libc_nano.a(lib_a-getc.o)
 .debug_frame   0x000009d4       0x54 C:\Program Files (x86)\GNU Tools ARM Embedded\7 2017-q4-major\arm-none-eabi\lib\thumb\v6-m\libc_nano.a(lib_a-makebuf.o)
 .debug_frame   0x00000a28       0x20 C:\Program Files (x86)\GNU Tools ARM Embedded\7 2017-q4-major\arm-none-eabi\lib\thumb\v6-m\libc_nano.a(lib_a-memset.o)
 .debug_frame   0x00000a48       0x2c C:\Program Files (x86)\GNU Tools ARM Embedded\7 2017-q4-major\arm-none-eabi\lib\thumb\v6-m\libc_nano.a(lib_a-nano-freer.o)
 .debug_frame   0x00000a74       0x2c C:\Program Files (x86)\GNU Tools ARM Embedded\7 2017-q4-major\arm-none-eabi\lib\thumb\v6-m\libc_nano.a(lib_a-nano-mallocr.o)
 .debug_frame   0x00000aa0       0x9c C:\Program Files (x86)\GNU Tools ARM Embedded\7 2017-q4-major\arm-none-eabi\lib\thumb\v6-m\libc_nano.a(lib_a-nano-vfprintf.o)
 .debug_frame   0x00000b3c       0x54 C:\Program Files (x86)\GNU Tools ARM Embedded\7 2017-q4-major\arm-none-eabi\lib\thumb\v6-m\libc_nano.a(lib_a-nano-vfprintf_i.o)
 .debug_frame   0x00000b90       0x44 C:\Program Files (x86)\GNU Tools ARM Embedded\7 2017-q4-major\arm-none-eabi\lib\thumb\v6-m\libc_nano.a(lib_a-rget.o)
 .debug_frame   0x00000bd4       0x2c C:\Program Files (x86)\GNU Tools ARM Embedded\7 2017-q4-major\arm-none-eabi\lib\thumb\v6-m\libc_nano.a(lib_a-sbrkr.o)
 .debug_frame   0x00000c00       0x90 C:\Program Files (x86)\GNU Tools ARM Embedded\7 2017-q4-major\arm-none-eabi\lib\thumb\v6-m\libc_nano.a(lib_a-stdio.o)
 .debug_frame   0x00000c90       0x2c C:\Program Files (x86)\GNU Tools ARM Embedded\7 2017-q4-major\arm-none-eabi\lib\thumb\v6-m\libc_nano.a(lib_a-writer.o)
 .debug_frame   0x00000cbc       0x2c C:\Program Files (x86)\GNU Tools ARM Embedded\7 2017-q4-major\arm-none-eabi\lib\thumb\v6-m\libc_nano.a(lib_a-closer.o)
 .debug_frame   0x00000ce8       0x2c C:\Program Files (x86)\GNU Tools ARM Embedded\7 2017-q4-major\arm-none-eabi\lib\thumb\v6-m\libc_nano.a(lib_a-fstatr.o)
 .debug_frame   0x00000d14       0x30 C:\Program Files (x86)\GNU Tools ARM Embedded\7 2017-q4-major\arm-none-eabi\lib\thumb\v6-m\libc_nano.a(lib_a-fvwrite.o)
 .debug_frame   0x00000d44       0x2c C:\Program Files (x86)\GNU Tools ARM Embedded\7 2017-q4-major\arm-none-eabi\lib\thumb\v6-m\libc_nano.a(lib_a-isattyr.o)
 .debug_frame   0x00000d70       0x2c C:\Program Files (x86)\GNU Tools ARM Embedded\7 2017-q4-major\arm-none-eabi\lib\thumb\v6-m\libc_nano.a(lib_a-lseekr.o)
 .debug_frame   0x00000d9c       0x20 C:\Program Files (x86)\GNU Tools ARM Embedded\7 2017-q4-major\arm-none-eabi\lib\thumb\v6-m\libc_nano.a(lib_a-memchr-stub.o)
 .debug_frame   0x00000dbc       0x28 C:\Program Files (x86)\GNU Tools ARM Embedded\7 2017-q4-major\arm-none-eabi\lib\thumb\v6-m\libc_nano.a(lib_a-memcpy-stub.o)
 .debug_frame   0x00000de4       0x28 C:\Program Files (x86)\GNU Tools ARM Embedded\7 2017-q4-major\arm-none-eabi\lib\thumb\v6-m\libc_nano.a(lib_a-memmove.o)
 .debug_frame   0x00000e0c       0x30 C:\Program Files (x86)\GNU Tools ARM Embedded\7 2017-q4-major\arm-none-eabi\lib\thumb\v6-m\libc_nano.a(lib_a-mlock.o)
 .debug_frame   0x00000e3c       0x30 C:\Program Files (x86)\GNU Tools ARM Embedded\7 2017-q4-major\arm-none-eabi\lib\thumb\v6-m\libc_nano.a(lib_a-nano-reallocr.o)
 .debug_frame   0x00000e6c       0x2c C:\Program Files (x86)\GNU Tools ARM Embedded\7 2017-q4-major\arm-none-eabi\lib\thumb\v6-m\libc_nano.a(lib_a-readr.o)
 .debug_frame   0x00000e98       0x48 C:\Program Files (x86)\GNU Tools ARM Embedded\7 2017-q4-major\arm-none-eabi\lib\thumb\v6-m\libc_nano.a(lib_a-refill.o)
 .debug_frame   0x00000ee0       0x20 C:\Program Files (x86)\GNU Tools ARM Embedded\7 2017-q4-major\arm-none-eabi\lib\thumb\v6-m\libc_nano.a(lib_a-nano-msizer.o)
 .debug_frame   0x00000f00       0x20 C:\Program Files (x86)\GNU Tools ARM Embedded\7 2017-q4-major\lib\gcc\arm-none-eabi\7.2.1\thumb\v6-m\libgcc.a(_udivsi3.o)

.debug_ranges   0x00000000       0x18
 .debug_ranges  0x00000000       0x18 startup.o

Cross Reference Table

Symbol                                            File
ComBusy                                           serial.o
ComError                                          serial.o
ComOpen                                           serial.o
ComRXBuffer                                       serial.o
ComTXBuffer                                       serial.o
Default_Handler                                   startup.o
Extract_op_val                                    main.o
GetBuf                                            serial.o
GetBufCount                                       serial.o
Hard_Fault_Handler                                startup.o
PutBuf                                            serial.o
RX_data                                           USART2.o
                                                  main.o
ReadCom                                           serial.o
ResetInit                                         startup.o
SysInit                                           main.o
Timer1ISR                                         Motor_control.o
                                                  startup.o
TogglePins                                        Motor_control.o
U2_RXO_flag                                       USART2.o
                                                  main.o
U2_RX_flag                                        USART2.o
                                                  main.o
Vectors                                           startup.o
WriteCom                                          serial.o
_HeapStart                                        newlib_stubs.o
_StackTop                                         newlib_stubs.o
                                                  startup.o
__aeabi_idiv                                      C:\Program Files (x86)\GNU Tools ARM Embedded\7 2017-q4-major\lib\gcc\arm-none-eabi\7.2.1\thumb\v6-m\libgcc.a(_divsi3.o)
                                                  C:\Program Files (x86)\GNU Tools ARM Embedded\7 2017-q4-major\arm-none-eabi\lib\thumb\v6-m\libc_nano.a(lib_a-fvwrite.o)
                                                  USART2.o
                                                  serial.o
__aeabi_idiv0                                     C:\Program Files (x86)\GNU Tools ARM Embedded\7 2017-q4-major\lib\gcc\arm-none-eabi\7.2.1\thumb\v6-m\libgcc.a(_dvmd_tls.o)
                                                  C:\Program Files (x86)\GNU Tools ARM Embedded\7 2017-q4-major\lib\gcc\arm-none-eabi\7.2.1\thumb\v6-m\libgcc.a(_udivsi3.o)
                                                  C:\Program Files (x86)\GNU Tools ARM Embedded\7 2017-q4-major\lib\gcc\arm-none-eabi\7.2.1\thumb\v6-m\libgcc.a(_divsi3.o)
__aeabi_idivmod                                   C:\Program Files (x86)\GNU Tools ARM Embedded\7 2017-q4-major\lib\gcc\arm-none-eabi\7.2.1\thumb\v6-m\libgcc.a(_divsi3.o)
__aeabi_ldiv0                                     C:\Program Files (x86)\GNU Tools ARM Embedded\7 2017-q4-major\lib\gcc\arm-none-eabi\7.2.1\thumb\v6-m\libgcc.a(_dvmd_tls.o)
__aeabi_uidiv                                     C:\Program Files (x86)\GNU Tools ARM Embedded\7 2017-q4-major\lib\gcc\arm-none-eabi\7.2.1\thumb\v6-m\libgcc.a(_udivsi3.o)
__aeabi_uidivmod                                  C:\Program Files (x86)\GNU Tools ARM Embedded\7 2017-q4-major\lib\gcc\arm-none-eabi\7.2.1\thumb\v6-m\libgcc.a(_udivsi3.o)
                                                  C:\Program Files (x86)\GNU Tools ARM Embedded\7 2017-q4-major\arm-none-eabi\lib\thumb\v6-m\libc_nano.a(lib_a-nano-vfprintf_i.o)
__divsi3                                          C:\Program Files (x86)\GNU Tools ARM Embedded\7 2017-q4-major\lib\gcc\arm-none-eabi\7.2.1\thumb\v6-m\libgcc.a(_divsi3.o)
__env                                             newlib_stubs.o
__fp_lock_all                                     C:\Program Files (x86)\GNU Tools ARM Embedded\7 2017-q4-major\arm-none-eabi\lib\thumb\v6-m\libc_nano.a(lib_a-findfp.o)
__fp_unlock_all                                   C:\Program Files (x86)\GNU Tools ARM Embedded\7 2017-q4-major\arm-none-eabi\lib\thumb\v6-m\libc_nano.a(lib_a-findfp.o)
__init_array_end                                  startup.o
__init_array_start                                startup.o
__malloc_free_list                                C:\Program Files (x86)\GNU Tools ARM Embedded\7 2017-q4-major\arm-none-eabi\lib\thumb\v6-m\libc_nano.a(lib_a-nano-mallocr.o)
                                                  C:\Program Files (x86)\GNU Tools ARM Embedded\7 2017-q4-major\arm-none-eabi\lib\thumb\v6-m\libc_nano.a(lib_a-nano-freer.o)
__malloc_lock                                     C:\Program Files (x86)\GNU Tools ARM Embedded\7 2017-q4-major\arm-none-eabi\lib\thumb\v6-m\libc_nano.a(lib_a-mlock.o)
                                                  C:\Program Files (x86)\GNU Tools ARM Embedded\7 2017-q4-major\arm-none-eabi\lib\thumb\v6-m\libc_nano.a(lib_a-nano-mallocr.o)
                                                  C:\Program Files (x86)\GNU Tools ARM Embedded\7 2017-q4-major\arm-none-eabi\lib\thumb\v6-m\libc_nano.a(lib_a-nano-freer.o)
__malloc_sbrk_start                               C:\Program Files (x86)\GNU Tools ARM Embedded\7 2017-q4-major\arm-none-eabi\lib\thumb\v6-m\libc_nano.a(lib_a-nano-mallocr.o)
__malloc_unlock                                   C:\Program Files (x86)\GNU Tools ARM Embedded\7 2017-q4-major\arm-none-eabi\lib\thumb\v6-m\libc_nano.a(lib_a-mlock.o)
                                                  C:\Program Files (x86)\GNU Tools ARM Embedded\7 2017-q4-major\arm-none-eabi\lib\thumb\v6-m\libc_nano.a(lib_a-nano-mallocr.o)
                                                  C:\Program Files (x86)\GNU Tools ARM Embedded\7 2017-q4-major\arm-none-eabi\lib\thumb\v6-m\libc_nano.a(lib_a-nano-freer.o)
__sclose                                          C:\Program Files (x86)\GNU Tools ARM Embedded\7 2017-q4-major\arm-none-eabi\lib\thumb\v6-m\libc_nano.a(lib_a-stdio.o)
                                                  C:\Program Files (x86)\GNU Tools ARM Embedded\7 2017-q4-major\arm-none-eabi\lib\thumb\v6-m\libc_nano.a(lib_a-findfp.o)
__seofread                                        C:\Program Files (x86)\GNU Tools ARM Embedded\7 2017-q4-major\arm-none-eabi\lib\thumb\v6-m\libc_nano.a(lib_a-stdio.o)
__sf_fake_stderr                                  C:\Program Files (x86)\GNU Tools ARM Embedded\7 2017-q4-major\arm-none-eabi\lib\thumb\v6-m\libc_nano.a(lib_a-findfp.o)
                                                  C:\Program Files (x86)\GNU Tools ARM Embedded\7 2017-q4-major\arm-none-eabi\lib\thumb\v6-m\libc_nano.a(lib_a-refill.o)
                                                  C:\Program Files (x86)\GNU Tools ARM Embedded\7 2017-q4-major\arm-none-eabi\lib\thumb\v6-m\libc_nano.a(lib_a-rget.o)
                                                  C:\Program Files (x86)\GNU Tools ARM Embedded\7 2017-q4-major\arm-none-eabi\lib\thumb\v6-m\libc_nano.a(lib_a-nano-vfprintf.o)
                                                  C:\Program Files (x86)\GNU Tools ARM Embedded\7 2017-q4-major\arm-none-eabi\lib\thumb\v6-m\libc_nano.a(lib_a-getc.o)
                                                  C:\Program Files (x86)\GNU Tools ARM Embedded\7 2017-q4-major\arm-none-eabi\lib\thumb\v6-m\libc_nano.a(lib_a-fflush.o)
                                                  C:\Program Files (x86)\GNU Tools ARM Embedded\7 2017-q4-major\arm-none-eabi\lib\thumb\v6-m\libc_nano.a(lib_a-wsetup.o)
                                                  C:\Program Files (x86)\GNU Tools ARM Embedded\7 2017-q4-major\arm-none-eabi\lib\thumb\v6-m\libc_nano.a(lib_a-wbuf.o)
                                                  C:\Program Files (x86)\GNU Tools ARM Embedded\7 2017-q4-major\arm-none-eabi\lib\thumb\v6-m\libc_nano.a(lib_a-puts.o)
                                                  C:\Program Files (x86)\GNU Tools ARM Embedded\7 2017-q4-major\arm-none-eabi\lib\thumb\v6-m\libc_nano.a(lib_a-impure.o)
__sf_fake_stdin                                   C:\Program Files (x86)\GNU Tools ARM Embedded\7 2017-q4-major\arm-none-eabi\lib\thumb\v6-m\libc_nano.a(lib_a-findfp.o)
                                                  C:\Program Files (x86)\GNU Tools ARM Embedded\7 2017-q4-major\arm-none-eabi\lib\thumb\v6-m\libc_nano.a(lib_a-refill.o)
                                                  C:\Program Files (x86)\GNU Tools ARM Embedded\7 2017-q4-major\arm-none-eabi\lib\thumb\v6-m\libc_nano.a(lib_a-rget.o)
                                                  C:\Program Files (x86)\GNU Tools ARM Embedded\7 2017-q4-major\arm-none-eabi\lib\thumb\v6-m\libc_nano.a(lib_a-nano-vfprintf.o)
                                                  C:\Program Files (x86)\GNU Tools ARM Embedded\7 2017-q4-major\arm-none-eabi\lib\thumb\v6-m\libc_nano.a(lib_a-getc.o)
                                                  C:\Program Files (x86)\GNU Tools ARM Embedded\7 2017-q4-major\arm-none-eabi\lib\thumb\v6-m\libc_nano.a(lib_a-fflush.o)
                                                  C:\Program Files (x86)\GNU Tools ARM Embedded\7 2017-q4-major\arm-none-eabi\lib\thumb\v6-m\libc_nano.a(lib_a-wsetup.o)
                                                  C:\Program Files (x86)\GNU Tools ARM Embedded\7 2017-q4-major\arm-none-eabi\lib\thumb\v6-m\libc_nano.a(lib_a-wbuf.o)
                                                  C:\Program Files (x86)\GNU Tools ARM Embedded\7 2017-q4-major\arm-none-eabi\lib\thumb\v6-m\libc_nano.a(lib_a-puts.o)
                                                  C:\Program Files (x86)\GNU Tools ARM Embedded\7 2017-q4-major\arm-none-eabi\lib\thumb\v6-m\libc_nano.a(lib_a-impure.o)
__sf_fake_stdout                                  C:\Program Files (x86)\GNU Tools ARM Embedded\7 2017-q4-major\arm-none-eabi\lib\thumb\v6-m\libc_nano.a(lib_a-findfp.o)
                                                  C:\Program Files (x86)\GNU Tools ARM Embedded\7 2017-q4-major\arm-none-eabi\lib\thumb\v6-m\libc_nano.a(lib_a-refill.o)
                                                  C:\Program Files (x86)\GNU Tools ARM Embedded\7 2017-q4-major\arm-none-eabi\lib\thumb\v6-m\libc_nano.a(lib_a-rget.o)
                                                  C:\Program Files (x86)\GNU Tools ARM Embedded\7 2017-q4-major\arm-none-eabi\lib\thumb\v6-m\libc_nano.a(lib_a-nano-vfprintf.o)
                                                  C:\Program Files (x86)\GNU Tools ARM Embedded\7 2017-q4-major\arm-none-eabi\lib\thumb\v6-m\libc_nano.a(lib_a-getc.o)
                                                  C:\Program Files (x86)\GNU Tools ARM Embedded\7 2017-q4-major\arm-none-eabi\lib\thumb\v6-m\libc_nano.a(lib_a-fflush.o)
                                                  C:\Program Files (x86)\GNU Tools ARM Embedded\7 2017-q4-major\arm-none-eabi\lib\thumb\v6-m\libc_nano.a(lib_a-wsetup.o)
                                                  C:\Program Files (x86)\GNU Tools ARM Embedded\7 2017-q4-major\arm-none-eabi\lib\thumb\v6-m\libc_nano.a(lib_a-wbuf.o)
                                                  C:\Program Files (x86)\GNU Tools ARM Embedded\7 2017-q4-major\arm-none-eabi\lib\thumb\v6-m\libc_nano.a(lib_a-puts.o)
                                                  C:\Program Files (x86)\GNU Tools ARM Embedded\7 2017-q4-major\arm-none-eabi\lib\thumb\v6-m\libc_nano.a(lib_a-impure.o)
__sflush_r                                        C:\Program Files (x86)\GNU Tools ARM Embedded\7 2017-q4-major\arm-none-eabi\lib\thumb\v6-m\libc_nano.a(lib_a-fflush.o)
                                                  C:\Program Files (x86)\GNU Tools ARM Embedded\7 2017-q4-major\arm-none-eabi\lib\thumb\v6-m\libc_nano.a(lib_a-refill.o)
__sfmoreglue                                      C:\Program Files (x86)\GNU Tools ARM Embedded\7 2017-q4-major\arm-none-eabi\lib\thumb\v6-m\libc_nano.a(lib_a-findfp.o)
__sfp                                             C:\Program Files (x86)\GNU Tools ARM Embedded\7 2017-q4-major\arm-none-eabi\lib\thumb\v6-m\libc_nano.a(lib_a-findfp.o)
__sfp_lock_acquire                                C:\Program Files (x86)\GNU Tools ARM Embedded\7 2017-q4-major\arm-none-eabi\lib\thumb\v6-m\libc_nano.a(lib_a-findfp.o)
__sfp_lock_release                                C:\Program Files (x86)\GNU Tools ARM Embedded\7 2017-q4-major\arm-none-eabi\lib\thumb\v6-m\libc_nano.a(lib_a-findfp.o)
__sfputs_r                                        C:\Program Files (x86)\GNU Tools ARM Embedded\7 2017-q4-major\arm-none-eabi\lib\thumb\v6-m\libc_nano.a(lib_a-nano-vfprintf.o)
__sfvwrite_r                                      C:\Program Files (x86)\GNU Tools ARM Embedded\7 2017-q4-major\arm-none-eabi\lib\thumb\v6-m\libc_nano.a(lib_a-fvwrite.o)
                                                  C:\Program Files (x86)\GNU Tools ARM Embedded\7 2017-q4-major\arm-none-eabi\lib\thumb\v6-m\libc_nano.a(lib_a-nano-vfprintf.o)
__sinit                                           C:\Program Files (x86)\GNU Tools ARM Embedded\7 2017-q4-major\arm-none-eabi\lib\thumb\v6-m\libc_nano.a(lib_a-findfp.o)
                                                  C:\Program Files (x86)\GNU Tools ARM Embedded\7 2017-q4-major\arm-none-eabi\lib\thumb\v6-m\libc_nano.a(lib_a-refill.o)
                                                  C:\Program Files (x86)\GNU Tools ARM Embedded\7 2017-q4-major\arm-none-eabi\lib\thumb\v6-m\libc_nano.a(lib_a-rget.o)
                                                  C:\Program Files (x86)\GNU Tools ARM Embedded\7 2017-q4-major\arm-none-eabi\lib\thumb\v6-m\libc_nano.a(lib_a-nano-vfprintf.o)
                                                  C:\Program Files (x86)\GNU Tools ARM Embedded\7 2017-q4-major\arm-none-eabi\lib\thumb\v6-m\libc_nano.a(lib_a-getc.o)
                                                  C:\Program Files (x86)\GNU Tools ARM Embedded\7 2017-q4-major\arm-none-eabi\lib\thumb\v6-m\libc_nano.a(lib_a-fflush.o)
                                                  C:\Program Files (x86)\GNU Tools ARM Embedded\7 2017-q4-major\arm-none-eabi\lib\thumb\v6-m\libc_nano.a(lib_a-wsetup.o)
                                                  C:\Program Files (x86)\GNU Tools ARM Embedded\7 2017-q4-major\arm-none-eabi\lib\thumb\v6-m\libc_nano.a(lib_a-wbuf.o)
                                                  C:\Program Files (x86)\GNU Tools ARM Embedded\7 2017-q4-major\arm-none-eabi\lib\thumb\v6-m\libc_nano.a(lib_a-puts.o)
                                                  C:\Program Files (x86)\GNU Tools ARM Embedded\7 2017-q4-major\arm-none-eabi\lib\thumb\v6-m\libc_nano.a(lib_a-printf.o)
                                                  C:\Program Files (x86)\GNU Tools ARM Embedded\7 2017-q4-major\arm-none-eabi\lib\thumb\v6-m\libc_nano.a(lib_a-getchar.o)
__sinit_lock_acquire                              C:\Program Files (x86)\GNU Tools ARM Embedded\7 2017-q4-major\arm-none-eabi\lib\thumb\v6-m\libc_nano.a(lib_a-findfp.o)
__sinit_lock_release                              C:\Program Files (x86)\GNU Tools ARM Embedded\7 2017-q4-major\arm-none-eabi\lib\thumb\v6-m\libc_nano.a(lib_a-findfp.o)
__smakebuf_r                                      C:\Program Files (x86)\GNU Tools ARM Embedded\7 2017-q4-major\arm-none-eabi\lib\thumb\v6-m\libc_nano.a(lib_a-makebuf.o)
                                                  C:\Program Files (x86)\GNU Tools ARM Embedded\7 2017-q4-major\arm-none-eabi\lib\thumb\v6-m\libc_nano.a(lib_a-refill.o)
                                                  C:\Program Files (x86)\GNU Tools ARM Embedded\7 2017-q4-major\arm-none-eabi\lib\thumb\v6-m\libc_nano.a(lib_a-wsetup.o)
__sprint_r                                        C:\Program Files (x86)\GNU Tools ARM Embedded\7 2017-q4-major\arm-none-eabi\lib\thumb\v6-m\libc_nano.a(lib_a-nano-vfprintf.o)
__sread                                           C:\Program Files (x86)\GNU Tools ARM Embedded\7 2017-q4-major\arm-none-eabi\lib\thumb\v6-m\libc_nano.a(lib_a-stdio.o)
                                                  C:\Program Files (x86)\GNU Tools ARM Embedded\7 2017-q4-major\arm-none-eabi\lib\thumb\v6-m\libc_nano.a(lib_a-findfp.o)
__srefill_r                                       C:\Program Files (x86)\GNU Tools ARM Embedded\7 2017-q4-major\arm-none-eabi\lib\thumb\v6-m\libc_nano.a(lib_a-refill.o)
                                                  C:\Program Files (x86)\GNU Tools ARM Embedded\7 2017-q4-major\arm-none-eabi\lib\thumb\v6-m\libc_nano.a(lib_a-rget.o)
__srget                                           C:\Program Files (x86)\GNU Tools ARM Embedded\7 2017-q4-major\arm-none-eabi\lib\thumb\v6-m\libc_nano.a(lib_a-rget.o)
__srget_r                                         C:\Program Files (x86)\GNU Tools ARM Embedded\7 2017-q4-major\arm-none-eabi\lib\thumb\v6-m\libc_nano.a(lib_a-rget.o)
                                                  C:\Program Files (x86)\GNU Tools ARM Embedded\7 2017-q4-major\arm-none-eabi\lib\thumb\v6-m\libc_nano.a(lib_a-getc.o)
__sseek                                           C:\Program Files (x86)\GNU Tools ARM Embedded\7 2017-q4-major\arm-none-eabi\lib\thumb\v6-m\libc_nano.a(lib_a-stdio.o)
                                                  C:\Program Files (x86)\GNU Tools ARM Embedded\7 2017-q4-major\arm-none-eabi\lib\thumb\v6-m\libc_nano.a(lib_a-findfp.o)
__swbuf                                           C:\Program Files (x86)\GNU Tools ARM Embedded\7 2017-q4-major\arm-none-eabi\lib\thumb\v6-m\libc_nano.a(lib_a-wbuf.o)
__swbuf_r                                         C:\Program Files (x86)\GNU Tools ARM Embedded\7 2017-q4-major\arm-none-eabi\lib\thumb\v6-m\libc_nano.a(lib_a-wbuf.o)
                                                  C:\Program Files (x86)\GNU Tools ARM Embedded\7 2017-q4-major\arm-none-eabi\lib\thumb\v6-m\libc_nano.a(lib_a-nano-vfprintf.o)
                                                  C:\Program Files (x86)\GNU Tools ARM Embedded\7 2017-q4-major\arm-none-eabi\lib\thumb\v6-m\libc_nano.a(lib_a-puts.o)
__swhatbuf_r                                      C:\Program Files (x86)\GNU Tools ARM Embedded\7 2017-q4-major\arm-none-eabi\lib\thumb\v6-m\libc_nano.a(lib_a-makebuf.o)
__swrite                                          C:\Program Files (x86)\GNU Tools ARM Embedded\7 2017-q4-major\arm-none-eabi\lib\thumb\v6-m\libc_nano.a(lib_a-stdio.o)
                                                  C:\Program Files (x86)\GNU Tools ARM Embedded\7 2017-q4-major\arm-none-eabi\lib\thumb\v6-m\libc_nano.a(lib_a-findfp.o)
__swsetup_r                                       C:\Program Files (x86)\GNU Tools ARM Embedded\7 2017-q4-major\arm-none-eabi\lib\thumb\v6-m\libc_nano.a(lib_a-wsetup.o)
                                                  C:\Program Files (x86)\GNU Tools ARM Embedded\7 2017-q4-major\arm-none-eabi\lib\thumb\v6-m\libc_nano.a(lib_a-fvwrite.o)
                                                  C:\Program Files (x86)\GNU Tools ARM Embedded\7 2017-q4-major\arm-none-eabi\lib\thumb\v6-m\libc_nano.a(lib_a-nano-vfprintf.o)
                                                  C:\Program Files (x86)\GNU Tools ARM Embedded\7 2017-q4-major\arm-none-eabi\lib\thumb\v6-m\libc_nano.a(lib_a-wbuf.o)
                                                  C:\Program Files (x86)\GNU Tools ARM Embedded\7 2017-q4-major\arm-none-eabi\lib\thumb\v6-m\libc_nano.a(lib_a-puts.o)
__udivsi3                                         C:\Program Files (x86)\GNU Tools ARM Embedded\7 2017-q4-major\lib\gcc\arm-none-eabi\7.2.1\thumb\v6-m\libgcc.a(_udivsi3.o)
_cleanup                                          C:\Program Files (x86)\GNU Tools ARM Embedded\7 2017-q4-major\arm-none-eabi\lib\thumb\v6-m\libc_nano.a(lib_a-findfp.o)
_cleanup_r                                        C:\Program Files (x86)\GNU Tools ARM Embedded\7 2017-q4-major\arm-none-eabi\lib\thumb\v6-m\libc_nano.a(lib_a-findfp.o)
                                                  C:\Program Files (x86)\GNU Tools ARM Embedded\7 2017-q4-major\arm-none-eabi\lib\thumb\v6-m\libc_nano.a(lib_a-makebuf.o)
_close                                            newlib_stubs.o
                                                  C:\Program Files (x86)\GNU Tools ARM Embedded\7 2017-q4-major\arm-none-eabi\lib\thumb\v6-m\libc_nano.a(lib_a-closer.o)
_close_r                                          C:\Program Files (x86)\GNU Tools ARM Embedded\7 2017-q4-major\arm-none-eabi\lib\thumb\v6-m\libc_nano.a(lib_a-closer.o)
                                                  C:\Program Files (x86)\GNU Tools ARM Embedded\7 2017-q4-major\arm-none-eabi\lib\thumb\v6-m\libc_nano.a(lib_a-stdio.o)
_data                                             startup.o
_ebss                                             startup.o
_edata                                            startup.o
_etext                                            startup.o
_execve                                           newlib_stubs.o
_exit                                             newlib_stubs.o
_fflush_r                                         C:\Program Files (x86)\GNU Tools ARM Embedded\7 2017-q4-major\arm-none-eabi\lib\thumb\v6-m\libc_nano.a(lib_a-fflush.o)
                                                  C:\Program Files (x86)\GNU Tools ARM Embedded\7 2017-q4-major\arm-none-eabi\lib\thumb\v6-m\libc_nano.a(lib_a-refill.o)
                                                  C:\Program Files (x86)\GNU Tools ARM Embedded\7 2017-q4-major\arm-none-eabi\lib\thumb\v6-m\libc_nano.a(lib_a-fvwrite.o)
                                                  C:\Program Files (x86)\GNU Tools ARM Embedded\7 2017-q4-major\arm-none-eabi\lib\thumb\v6-m\libc_nano.a(lib_a-findfp.o)
                                                  C:\Program Files (x86)\GNU Tools ARM Embedded\7 2017-q4-major\arm-none-eabi\lib\thumb\v6-m\libc_nano.a(lib_a-wbuf.o)
_fork                                             newlib_stubs.o
_free_r                                           C:\Program Files (x86)\GNU Tools ARM Embedded\7 2017-q4-major\arm-none-eabi\lib\thumb\v6-m\libc_nano.a(lib_a-nano-freer.o)
                                                  C:\Program Files (x86)\GNU Tools ARM Embedded\7 2017-q4-major\arm-none-eabi\lib\thumb\v6-m\libc_nano.a(lib_a-refill.o)
                                                  C:\Program Files (x86)\GNU Tools ARM Embedded\7 2017-q4-major\arm-none-eabi\lib\thumb\v6-m\libc_nano.a(lib_a-nano-reallocr.o)
                                                  C:\Program Files (x86)\GNU Tools ARM Embedded\7 2017-q4-major\arm-none-eabi\lib\thumb\v6-m\libc_nano.a(lib_a-fvwrite.o)
                                                  C:\Program Files (x86)\GNU Tools ARM Embedded\7 2017-q4-major\arm-none-eabi\lib\thumb\v6-m\libc_nano.a(lib_a-fflush.o)
                                                  C:\Program Files (x86)\GNU Tools ARM Embedded\7 2017-q4-major\arm-none-eabi\lib\thumb\v6-m\libc_nano.a(lib_a-wsetup.o)
                                                  C:\Program Files (x86)\GNU Tools ARM Embedded\7 2017-q4-major\arm-none-eabi\lib\thumb\v6-m\libc_nano.a(lib_a-reent.o)
_fstat                                            newlib_stubs.o
                                                  C:\Program Files (x86)\GNU Tools ARM Embedded\7 2017-q4-major\arm-none-eabi\lib\thumb\v6-m\libc_nano.a(lib_a-fstatr.o)
_fstat_r                                          C:\Program Files (x86)\GNU Tools ARM Embedded\7 2017-q4-major\arm-none-eabi\lib\thumb\v6-m\libc_nano.a(lib_a-fstatr.o)
                                                  C:\Program Files (x86)\GNU Tools ARM Embedded\7 2017-q4-major\arm-none-eabi\lib\thumb\v6-m\libc_nano.a(lib_a-makebuf.o)
_fwalk                                            C:\Program Files (x86)\GNU Tools ARM Embedded\7 2017-q4-major\arm-none-eabi\lib\thumb\v6-m\libc_nano.a(lib_a-fwalk.o)
                                                  C:\Program Files (x86)\GNU Tools ARM Embedded\7 2017-q4-major\arm-none-eabi\lib\thumb\v6-m\libc_nano.a(lib_a-refill.o)
                                                  C:\Program Files (x86)\GNU Tools ARM Embedded\7 2017-q4-major\arm-none-eabi\lib\thumb\v6-m\libc_nano.a(lib_a-findfp.o)
_fwalk_reent                                      C:\Program Files (x86)\GNU Tools ARM Embedded\7 2017-q4-major\arm-none-eabi\lib\thumb\v6-m\libc_nano.a(lib_a-fwalk.o)
                                                  C:\Program Files (x86)\GNU Tools ARM Embedded\7 2017-q4-major\arm-none-eabi\lib\thumb\v6-m\libc_nano.a(lib_a-findfp.o)
                                                  C:\Program Files (x86)\GNU Tools ARM Embedded\7 2017-q4-major\arm-none-eabi\lib\thumb\v6-m\libc_nano.a(lib_a-fflush.o)
_getc_r                                           C:\Program Files (x86)\GNU Tools ARM Embedded\7 2017-q4-major\arm-none-eabi\lib\thumb\v6-m\libc_nano.a(lib_a-getc.o)
                                                  C:\Program Files (x86)\GNU Tools ARM Embedded\7 2017-q4-major\arm-none-eabi\lib\thumb\v6-m\libc_nano.a(lib_a-getchar.o)
_getchar_r                                        C:\Program Files (x86)\GNU Tools ARM Embedded\7 2017-q4-major\arm-none-eabi\lib\thumb\v6-m\libc_nano.a(lib_a-getchar.o)
_getpid                                           newlib_stubs.o
_global_impure_ptr                                C:\Program Files (x86)\GNU Tools ARM Embedded\7 2017-q4-major\arm-none-eabi\lib\thumb\v6-m\libc_nano.a(lib_a-impure.o)
                                                  C:\Program Files (x86)\GNU Tools ARM Embedded\7 2017-q4-major\arm-none-eabi\lib\thumb\v6-m\libc_nano.a(lib_a-refill.o)
                                                  C:\Program Files (x86)\GNU Tools ARM Embedded\7 2017-q4-major\arm-none-eabi\lib\thumb\v6-m\libc_nano.a(lib_a-findfp.o)
                                                  C:\Program Files (x86)\GNU Tools ARM Embedded\7 2017-q4-major\arm-none-eabi\lib\thumb\v6-m\libc_nano.a(lib_a-fflush.o)
_impure_ptr                                       C:\Program Files (x86)\GNU Tools ARM Embedded\7 2017-q4-major\arm-none-eabi\lib\thumb\v6-m\libc_nano.a(lib_a-impure.o)
                                                  C:\Program Files (x86)\GNU Tools ARM Embedded\7 2017-q4-major\arm-none-eabi\lib\thumb\v6-m\libc_nano.a(lib_a-rget.o)
                                                  C:\Program Files (x86)\GNU Tools ARM Embedded\7 2017-q4-major\arm-none-eabi\lib\thumb\v6-m\libc_nano.a(lib_a-nano-vfprintf.o)
                                                  C:\Program Files (x86)\GNU Tools ARM Embedded\7 2017-q4-major\arm-none-eabi\lib\thumb\v6-m\libc_nano.a(lib_a-getc.o)
                                                  C:\Program Files (x86)\GNU Tools ARM Embedded\7 2017-q4-major\arm-none-eabi\lib\thumb\v6-m\libc_nano.a(lib_a-findfp.o)
                                                  C:\Program Files (x86)\GNU Tools ARM Embedded\7 2017-q4-major\arm-none-eabi\lib\thumb\v6-m\libc_nano.a(lib_a-fflush.o)
                                                  C:\Program Files (x86)\GNU Tools ARM Embedded\7 2017-q4-major\arm-none-eabi\lib\thumb\v6-m\libc_nano.a(lib_a-wsetup.o)
                                                  C:\Program Files (x86)\GNU Tools ARM Embedded\7 2017-q4-major\arm-none-eabi\lib\thumb\v6-m\libc_nano.a(lib_a-wbuf.o)
                                                  C:\Program Files (x86)\GNU Tools ARM Embedded\7 2017-q4-major\arm-none-eabi\lib\thumb\v6-m\libc_nano.a(lib_a-reent.o)
                                                  C:\Program Files (x86)\GNU Tools ARM Embedded\7 2017-q4-major\arm-none-eabi\lib\thumb\v6-m\libc_nano.a(lib_a-puts.o)
                                                  C:\Program Files (x86)\GNU Tools ARM Embedded\7 2017-q4-major\arm-none-eabi\lib\thumb\v6-m\libc_nano.a(lib_a-printf.o)
                                                  C:\Program Files (x86)\GNU Tools ARM Embedded\7 2017-q4-major\arm-none-eabi\lib\thumb\v6-m\libc_nano.a(lib_a-getchar.o)
_iprintf_r                                        C:\Program Files (x86)\GNU Tools ARM Embedded\7 2017-q4-major\arm-none-eabi\lib\thumb\v6-m\libc_nano.a(lib_a-printf.o)
_isatty                                           newlib_stubs.o
                                                  C:\Program Files (x86)\GNU Tools ARM Embedded\7 2017-q4-major\arm-none-eabi\lib\thumb\v6-m\libc_nano.a(lib_a-isattyr.o)
_isatty_r                                         C:\Program Files (x86)\GNU Tools ARM Embedded\7 2017-q4-major\arm-none-eabi\lib\thumb\v6-m\libc_nano.a(lib_a-isattyr.o)
                                                  C:\Program Files (x86)\GNU Tools ARM Embedded\7 2017-q4-major\arm-none-eabi\lib\thumb\v6-m\libc_nano.a(lib_a-makebuf.o)
_kill                                             newlib_stubs.o
_link                                             newlib_stubs.o
_lseek                                            newlib_stubs.o
                                                  C:\Program Files (x86)\GNU Tools ARM Embedded\7 2017-q4-major\arm-none-eabi\lib\thumb\v6-m\libc_nano.a(lib_a-lseekr.o)
_lseek_r                                          C:\Program Files (x86)\GNU Tools ARM Embedded\7 2017-q4-major\arm-none-eabi\lib\thumb\v6-m\libc_nano.a(lib_a-lseekr.o)
                                                  C:\Program Files (x86)\GNU Tools ARM Embedded\7 2017-q4-major\arm-none-eabi\lib\thumb\v6-m\libc_nano.a(lib_a-stdio.o)
_malloc_r                                         C:\Program Files (x86)\GNU Tools ARM Embedded\7 2017-q4-major\arm-none-eabi\lib\thumb\v6-m\libc_nano.a(lib_a-nano-mallocr.o)
                                                  C:\Program Files (x86)\GNU Tools ARM Embedded\7 2017-q4-major\arm-none-eabi\lib\thumb\v6-m\libc_nano.a(lib_a-nano-reallocr.o)
                                                  C:\Program Files (x86)\GNU Tools ARM Embedded\7 2017-q4-major\arm-none-eabi\lib\thumb\v6-m\libc_nano.a(lib_a-fvwrite.o)
                                                  C:\Program Files (x86)\GNU Tools ARM Embedded\7 2017-q4-major\arm-none-eabi\lib\thumb\v6-m\libc_nano.a(lib_a-makebuf.o)
                                                  C:\Program Files (x86)\GNU Tools ARM Embedded\7 2017-q4-major\arm-none-eabi\lib\thumb\v6-m\libc_nano.a(lib_a-findfp.o)
_malloc_usable_size_r                             C:\Program Files (x86)\GNU Tools ARM Embedded\7 2017-q4-major\arm-none-eabi\lib\thumb\v6-m\libc_nano.a(lib_a-nano-msizer.o)
                                                  C:\Program Files (x86)\GNU Tools ARM Embedded\7 2017-q4-major\arm-none-eabi\lib\thumb\v6-m\libc_nano.a(lib_a-nano-reallocr.o)
_printf_common                                    C:\Program Files (x86)\GNU Tools ARM Embedded\7 2017-q4-major\arm-none-eabi\lib\thumb\v6-m\libc_nano.a(lib_a-nano-vfprintf_i.o)
_printf_float                                     C:\Program Files (x86)\GNU Tools ARM Embedded\7 2017-q4-major\arm-none-eabi\lib\thumb\v6-m\libc_nano.a(lib_a-nano-vfprintf.o)
_printf_i                                         C:\Program Files (x86)\GNU Tools ARM Embedded\7 2017-q4-major\arm-none-eabi\lib\thumb\v6-m\libc_nano.a(lib_a-nano-vfprintf_i.o)
                                                  C:\Program Files (x86)\GNU Tools ARM Embedded\7 2017-q4-major\arm-none-eabi\lib\thumb\v6-m\libc_nano.a(lib_a-nano-vfprintf.o)
_printf_r                                         C:\Program Files (x86)\GNU Tools ARM Embedded\7 2017-q4-major\arm-none-eabi\lib\thumb\v6-m\libc_nano.a(lib_a-printf.o)
_puts_r                                           C:\Program Files (x86)\GNU Tools ARM Embedded\7 2017-q4-major\arm-none-eabi\lib\thumb\v6-m\libc_nano.a(lib_a-puts.o)
_read                                             newlib_stubs.o
                                                  C:\Program Files (x86)\GNU Tools ARM Embedded\7 2017-q4-major\arm-none-eabi\lib\thumb\v6-m\libc_nano.a(lib_a-readr.o)
_read_r                                           C:\Program Files (x86)\GNU Tools ARM Embedded\7 2017-q4-major\arm-none-eabi\lib\thumb\v6-m\libc_nano.a(lib_a-readr.o)
                                                  C:\Program Files (x86)\GNU Tools ARM Embedded\7 2017-q4-major\arm-none-eabi\lib\thumb\v6-m\libc_nano.a(lib_a-stdio.o)
_realloc_r                                        C:\Program Files (x86)\GNU Tools ARM Embedded\7 2017-q4-major\arm-none-eabi\lib\thumb\v6-m\libc_nano.a(lib_a-nano-reallocr.o)
                                                  C:\Program Files (x86)\GNU Tools ARM Embedded\7 2017-q4-major\arm-none-eabi\lib\thumb\v6-m\libc_nano.a(lib_a-fvwrite.o)
_reclaim_reent                                    C:\Program Files (x86)\GNU Tools ARM Embedded\7 2017-q4-major\arm-none-eabi\lib\thumb\v6-m\libc_nano.a(lib_a-reent.o)
_sbrk                                             newlib_stubs.o
                                                  C:\Program Files (x86)\GNU Tools ARM Embedded\7 2017-q4-major\arm-none-eabi\lib\thumb\v6-m\libc_nano.a(lib_a-sbrkr.o)
_sbrk_r                                           C:\Program Files (x86)\GNU Tools ARM Embedded\7 2017-q4-major\arm-none-eabi\lib\thumb\v6-m\libc_nano.a(lib_a-sbrkr.o)
                                                  C:\Program Files (x86)\GNU Tools ARM Embedded\7 2017-q4-major\arm-none-eabi\lib\thumb\v6-m\libc_nano.a(lib_a-nano-mallocr.o)
_stat                                             newlib_stubs.o
_times                                            newlib_stubs.o
_unlink                                           newlib_stubs.o
_vfiprintf_r                                      C:\Program Files (x86)\GNU Tools ARM Embedded\7 2017-q4-major\arm-none-eabi\lib\thumb\v6-m\libc_nano.a(lib_a-nano-vfprintf.o)
_vfprintf_r                                       C:\Program Files (x86)\GNU Tools ARM Embedded\7 2017-q4-major\arm-none-eabi\lib\thumb\v6-m\libc_nano.a(lib_a-nano-vfprintf.o)
                                                  C:\Program Files (x86)\GNU Tools ARM Embedded\7 2017-q4-major\arm-none-eabi\lib\thumb\v6-m\libc_nano.a(lib_a-printf.o)
_wait                                             newlib_stubs.o
_write                                            newlib_stubs.o
                                                  C:\Program Files (x86)\GNU Tools ARM Embedded\7 2017-q4-major\arm-none-eabi\lib\thumb\v6-m\libc_nano.a(lib_a-writer.o)
_write_r                                          C:\Program Files (x86)\GNU Tools ARM Embedded\7 2017-q4-major\arm-none-eabi\lib\thumb\v6-m\libc_nano.a(lib_a-writer.o)
                                                  C:\Program Files (x86)\GNU Tools ARM Embedded\7 2017-q4-major\arm-none-eabi\lib\thumb\v6-m\libc_nano.a(lib_a-stdio.o)
cleanup_glue                                      C:\Program Files (x86)\GNU Tools ARM Embedded\7 2017-q4-major\arm-none-eabi\lib\thumb\v6-m\libc_nano.a(lib_a-reent.o)
count                                             Motor_control.o
duty_cycleLF                                      Motor_control.o
duty_cycleLR                                      Motor_control.o
duty_cycleRF                                      Motor_control.o
duty_cycleRR                                      Motor_control.o
egetc                                             serial.o
                                                  newlib_stubs.o
egets                                             serial.o
environ                                           newlib_stubs.o
eputc                                             serial.o
                                                  newlib_stubs.o
eputs                                             serial.o
                                                  startup.o
errno                                             C:\Program Files (x86)\GNU Tools ARM Embedded\7 2017-q4-major\arm-none-eabi\lib\thumb\v6-m\libc_nano.a(lib_a-reent.o)
                                                  C:\Program Files (x86)\GNU Tools ARM Embedded\7 2017-q4-major\arm-none-eabi\lib\thumb\v6-m\libc_nano.a(lib_a-readr.o)
                                                  C:\Program Files (x86)\GNU Tools ARM Embedded\7 2017-q4-major\arm-none-eabi\lib\thumb\v6-m\libc_nano.a(lib_a-lseekr.o)
                                                  C:\Program Files (x86)\GNU Tools ARM Embedded\7 2017-q4-major\arm-none-eabi\lib\thumb\v6-m\libc_nano.a(lib_a-isattyr.o)
                                                  C:\Program Files (x86)\GNU Tools ARM Embedded\7 2017-q4-major\arm-none-eabi\lib\thumb\v6-m\libc_nano.a(lib_a-fstatr.o)
                                                  C:\Program Files (x86)\GNU Tools ARM Embedded\7 2017-q4-major\arm-none-eabi\lib\thumb\v6-m\libc_nano.a(lib_a-closer.o)