                 -1   $MODLP51
0000              1   ;--------------------------------------------------------
0000              2   ; Special Function Registers
0000              3   ;--------------------------------------------------------
0000              4   ACC            DATA 0xe0
0000              5   B              DATA 0xf0
0000              6   PSW            DATA 0xd0
0000              7   SP             DATA 0x81
0000              8   SPX            DATA 0xef
0000              9   DPL            DATA 0x82
0000             10   DPH            DATA 0x83
0000             11   DPLB           DATA 0xd4
0000             12   DPHB           DATA 0xd5
0000             13   PAGE           DATA 0xf6
0000             14   AX             DATA 0xe1
0000             15   BX             DATA 0xf7
0000             16   DSPR           DATA 0xe2
0000             17   FIRD           DATA 0xe3
0000             18   MACL           DATA 0xe4
0000             19   MACH           DATA 0xe5
0000             20   PCON           DATA 0x87
0000             21   AUXR           DATA 0x8e
0000             22   AUXR1          DATA 0xa2
0000             23   DPCF           DATA 0xa1
0000             24   CKRL           DATA 0x97
0000             25   CKCKON0        DATA 0x8f
0000             26   CKCKON1        DATA 0xaf
0000             27   CKSEL          DATA 0x85
0000             28   CLKREG         DATA 0xae
0000             29   OSCCON         DATA 0x85
0000             30   IE             DATA 0xa8
0000             31   IEN0           DATA 0xa8
0000             32   IEN1           DATA 0xb1
0000             33   IPH0           DATA 0xb7
0000             34   IP             DATA 0xb8
0000             35   IPL0           DATA 0xb8
0000             36   IPH1           DATA 0xb3
0000             37   IPL1           DATA 0xb2
0000             38   P0             DATA 0x80
0000             39   P1             DATA 0x90
0000             40   P2             DATA 0xa0
0000             41   P3             DATA 0xb0
0000             42   P4             DATA 0xc0
0000             43   P0M0           DATA 0xe6
0000             44   P0M1           DATA 0xe7
0000             45   P1M0           DATA 0xd6
0000             46   P1M1           DATA 0xd7
0000             47   P2M0           DATA 0xce
0000             48   P2M1           DATA 0xcf
0000             49   P3M0           DATA 0xc6
0000             50   P3M1           DATA 0xc7
0000             51   P4M0           DATA 0xbe
0000             52   P4M1           DATA 0xbf
0000             53   SCON           DATA 0x98
0000             54   SBUF           DATA 0x99
0000             55   SADEN          DATA 0xb9
0000             56   SADDR          DATA 0xa9
0000             57   BDRCON         DATA 0x9b
0000             58   BRL            DATA 0x9a
0000             59   TCON           DATA 0x88
0000             60   TMOD           DATA 0x89
0000             61   TCONB          DATA 0x91
0000             62   TL0            DATA 0x8a
0000             63   TH0            DATA 0x8c
0000             64   TL1            DATA 0x8b
0000             65   TH1            DATA 0x8d
0000             66   RL0            DATA 0xf2
0000             67   RL1            DATA 0xf3
0000             68   RH0            DATA 0xf4
0000             69   RH1            DATA 0xf5
0000             70   WDTRST         DATA 0xa6
0000             71   WDTPRG         DATA 0xa7
0000             72   T2CON          DATA 0xc8
0000             73   T2MOD          DATA 0xc9
0000             74   RCAP2H         DATA 0xcb
0000             75   RCAP2L         DATA 0xca
0000             76   TH2            DATA 0xcd
0000             77   TL2            DATA 0xcc
0000             78   SPCON          DATA 0xc3
0000             79   SPSTA          DATA 0xc4
0000             80   SPDAT          DATA 0xc5
0000             81   SSCON          DATA 0x93
0000             82   SSCS           DATA 0x94
0000             83   SSDAT          DATA 0x95
0000             84   SSADR          DATA 0x96
0000             85   KBLS           DATA 0x9c
0000             86   KBE            DATA 0x9d
0000             87   KBF            DATA 0x9e
0000             88   KBMOD          DATA 0x9f
0000             89   BMSEL          DATA 0x92
0000             90   FCON           DATA 0xd2
0000             91   EECON          DATA 0xd2
0000             92   ACSRA          DATA 0xa3
0000             93   ACSRB          DATA 0xab
0000             94   AREF           DATA 0xbd
0000             95   DADC           DATA 0xa4
0000             96   DADI           DATA 0xa5
0000             97   DADL           DATA 0xac
0000             98   DADH           DATA 0xad
0000             99   CCON           DATA 0xd8
0000            100   CMOD           DATA 0xd9
0000            101   CL             DATA 0xe9
0000            102   CH             DATA 0xf9
0000            103   CCAPM0         DATA 0xda
0000            104   CCAPM1         DATA 0xdb
0000            105   CCAPM2         DATA 0xdc
0000            106   CCAPM3         DATA 0xdd
0000            107   CCAPM4         DATA 0xde
0000            108   CCAP0H         DATA 0xfa
0000            109   CCAP1H         DATA 0xfb
0000            110   CCAP2H         DATA 0xfc
0000            111   CCAP3H         DATA 0xfd
0000            112   CCAP4H         DATA 0xfe
0000            113   CCAP0L         DATA 0xea
0000            114   CCAP1L         DATA 0xeb
0000            115   CCAP2L         DATA 0xec
0000            116   CCAP3L         DATA 0xed
0000            117   CCAP4L         DATA 0xee
0000            118   ;--------------------------------------------------------
0000            119   ; special function bits
0000            120   ;--------------------------------------------------------
0000            121   P              BIT 0xd0
0000            122   F1             BIT 0xd1
0000            123   OV             BIT 0xd2
0000            124   RS0            BIT 0xd3
0000            125   RS1            BIT 0xd4
0000            126   F0             BIT 0xd5
0000            127   AC             BIT 0xd6
0000            128   CY             BIT 0xd7
0000            129   EX0            BIT 0xa8
0000            130   ET0            BIT 0xa9
0000            131   EX1            BIT 0xaa
0000            132   ET1            BIT 0xab
0000            133   ES             BIT 0xac
0000            134   ET2            BIT 0xad
0000            135   EC             BIT 0xae
0000            136   EA             BIT 0xaf
0000            137   PX0            BIT 0xb8
0000            138   PT0            BIT 0xb9
0000            139   PX1            BIT 0xba
0000            140   PT1            BIT 0xbb
0000            141   PS             BIT 0xbc
0000            142   PT2            BIT 0xbd
0000            143   IP0D           BIT 0xbf
0000            144   PPCL           BIT 0xbe
0000            145   PT2L           BIT 0xbd
0000            146   PLS            BIT 0xbc
0000            147   PT1L           BIT 0xbb
0000            148   PX1L           BIT 0xba
0000            149   PT0L           BIT 0xb9
0000            150   PX0L           BIT 0xb8
0000            151   RXD            BIT 0xb0
0000            152   TXD            BIT 0xb1
0000            153   INT0           BIT 0xb2
0000            154   INT1           BIT 0xb3
0000            155   T0             BIT 0xb4
0000            156   T1             BIT 0xb5
0000            157   WR             BIT 0xb6
0000            158   RD             BIT 0xb7
0000            159   RI             BIT 0x98
0000            160   TI             BIT 0x99
0000            161   RB8            BIT 0x9a
0000            162   TB8            BIT 0x9b
0000            163   REN            BIT 0x9c
0000            164   SM2            BIT 0x9d
0000            165   SM1            BIT 0x9e
0000            166   SM0            BIT 0x9f
0000            167   IT0            BIT 0x88
0000            168   IE0            BIT 0x89
0000            169   IT1            BIT 0x8a
0000            170   IE1            BIT 0x8b
0000            171   TR0            BIT 0x8c
0000            172   TF0            BIT 0x8d
0000            173   TR1            BIT 0x8e
0000            174   TF1            BIT 0x8f
0000            175   CP_RL2         BIT 0xc8
0000            176   C_T2           BIT 0xc9
0000            177   TR2            BIT 0xca
0000            178   EXEN2          BIT 0xcb
0000            179   TCLK           BIT 0xcc
0000            180   RCLK           BIT 0xcd
0000            181   EXF2           BIT 0xce
0000            182   TF2            BIT 0xcf
0000            183   CF             BIT 0xdf
0000            184   CR             BIT 0xde
0000            185   CCF4           BIT 0xdc
0000            186   CCF3           BIT 0xdb
0000            187   CCF2           BIT 0xda
0000            188   CCF1           BIT 0xd9
0000            189   CCF0           BIT 0xd8
0000              2   
0000              3   ; There is a couple of typos in MODLP51 in the definition of the timer 0/1 reload
0000              4   ; special function registers (SFRs), so:
0000              5   
0000              6   TIMER0_RELOAD_L DATA 0xf2
0000              7   TIMER1_RELOAD_L DATA 0xf3
0000              8   TIMER0_RELOAD_H DATA 0xf4
0000              9   TIMER1_RELOAD_H DATA 0xf5
0000             10   
0000             11   CLK              EQU 22118400 ; Microcontroller system crystal frequency in Hz
0000             12   TIMER0_RATE      EQU 4096     ; 2048Hz squarewave (peak amplitude of CEM-1203 speaker)
0000             13   TIMER0_RELOAD    EQU ((65536-(CLK/TIMER0_RATE)))
0000             14   TIMER2_RATE      EQU 1000     ; 1000Hz, for a timer tick of 1ms
0000             15   TIMER2_RELOAD    EQU ((65536-(CLK/TIMER2_RATE)))
0000             16   MAX_TEMP              EQU 250
0000             17   TIMEOUT_TIME     EQU 60
0000             18   BAUD             EQU 115200
0000             19   BRG_VAL          EQU (0x100-(CLK/(16*BAUD)))
0000             20   MILLISECOND_WAIT EQU 200                 ; how many milliseconds between temp samples
0000             21   
0000             22   DUTY_0           EQU 0
0000             23   DUTY_20          EQU 51   ;256 * 0.2
0000             24   DUTY_50          EQU 128  ;256 * 0.5
0000             25   DUTY_80          EQU 204  ;256 * 0.8
0000             26   DUTY_100         EQU 255
0000             27   
0000             28   org 0x0000
0000 021C63      29      ljmp MainProgram
0003             30   
0003             31   ; External interrupt 0 vector (not used in this code)
0003             32   org 0x0003
0003 32          33            reti
0004             34   
0004             35   ; Timer/Counter 0 overflow interrupt vector
000B             36   org 0x000B
000B 0219F0      37            ljmp Timer0_ISR
000E             38   
000E             39   ; External interrupt 1 vector (not used in this code)
0013             40   org 0x0013
0013 32          41            reti
0014             42   
0014             43   ; Timer/Counter 1 overflow interrupt vector (not used in this code)
001B             44   org 0x001B
001B 32          45            reti
001C             46   
001C             47   ; Serial port receive/transmit interrupt vector (not used in this code)
0023             48   org 0x0023 
0023 32          49            reti
0024             50            
0024             51   ; Timer/Counter 2 overflow interrupt vector
002B             52   org 0x002B
002B 021A2B      53            ljmp Timer2_ISR
002E             54   
002E             55   ;Edge triggered keyboard interrupt vector
003B             56   org 0x003B
003B 021A78      57            ljmp Start_stop_ISR
003E             58   
003E             59   ; These ’EQU’ must match the wiring between the microcontroller and ADC
003E             60   SOUND_OUT     EQU P3.7
003E             61   CE_ADC        EQU P2.0
003E             62   MY_MOSI       EQU P2.1
003E             63   MY_MISO       EQU P2.2
003E             64   MY_SCLK       EQU P2.3
003E             65   
003E             66   UP_BUTTON          EQU P2.6 
003E             67   DOWN_BUTTON   EQU P2.5
003E             68   SELECT_BUTTON equ P2.4
003E             69   BACK_BUTTON   EQU #11110000B
003E             70   
003E             71   MASTER_START  EQU #10100000B 
003E             72   
003E             73   MASTER_STOP   EQU #10110000B
003E             74   
003E             75   ; pins to be used on the MPC 3008
003E             76   adc_zero                 equ #10000000B               ; LM355 temp sensor 
003E             77   adc_one                  equ #10010000B               ; thermocouple
003E             78   adc_two                  equ #10100000B               ;  start
003E             79   adc_three                equ #10110000B               ;  stop
003E             80   adc_four                 equ #11000000B               ;  
003E             81   adc_five                 equ #11010000B               ;  
003E             82   adc_six                  equ #11100000B               ; 
003E             83   adc_seven                equ #11110000B                           ; back
003E             84   
0030             85   DSEG at 0x30
0030             86   Count1ms:       ds 2 ; Used to determine when half second has passed
0032             87   Result:         ds 2 ; Temp from lm355
0034             88   Result_Thermo:  ds 2 ; Temp from Thermocoupler
0036             89   ADC_Result:     ds 2 ; Temp from ADC channel 2
0038             90   
0038             91   BCD_temp:       ds 2 ; Used to diplay temp on the 7-segment display
003A             92   seconds:        ds 1
003B             93   x:              ds 4 ; Used in math32
003F             94   y:              ds 4 ; Used in math32
0043             95   bcd:            ds 5
0048             96   soaktime:       ds 2
004A             97   soaktemp:       ds 2
004C             98   reflowtime:     ds 2
004E             99   reflowtemp:     ds 2
0050            100   soaktemp3digit: ds 2
0052            101   reflow_state:   ds 1
0053            102   pwm:            ds 1
0054            103   temp:           ds 1
0055            104   sec:            ds 1 ; seconds variable for reflow FSM (to be incremented every second)
0056            105   cooled_temp:    ds 1
0057            106   ; 7-segment vars
0057            107   Disp1:          ds 1 ; Least significant digit
0058            108   Disp2:          ds 1
0059            109   Disp3:          ds 1 ; Most significant digit
005A            110   seg_state:      ds 1 ; state of 7_seg fsm
005B            111   
005B            112   
005B            113   
0000            114   BSEG
0000            115   mf: dbit 1
0001            116   one_second_flag: dbit 1 
0002            117   
0002            118   
003E            119   CSEG
003E            120   LCD_RS equ P1.1
003E            121   LCD_RW equ P1.2
003E            122   LCD_E  equ P1.3
003E            123   LCD_D4 equ P3.2
003E            124   LCD_D5 equ P3.3
003E            125   LCD_D6 equ P3.4
003E            126   LCD_D7 equ P3.6
003E            127                    ;                        1234567890123456
003E 20202020   128   Ramp_to_Soak:    db       '         Preheat', 0
     20202020
     20507265
     68656174
     00
004F 20202020   129   Soak:                    db   '         Soak   ', 0
     20202020
     20536F61
     6B202020
     00
0060 20202020   130   Ramp_to_Peak:    db       '         Ramp2pk', 0
     20202020
     2052616D
     7032706B
     00
0071 20202020   131   Reflow:                  db       '         Reflow ', 0
     20202020
     20526566
     6C6F7720
     00
0082 20202020   132   Cooling:                 db       '         Cooling', 0
     20202020
     20436F6F
     6C696E67
     00
0093 7300       133   secondsss:               db   's'                , 0
0095            134   ;                     1234567890123456    <- This helps determine the location of the counter
0095 57656C63   135   Welcome:                   db 'Welcome!        ', 0
     6F6D6521
     20202020
     20202020
     00
00A6 53656C65   136   Choose_option:     db 'Select option   ', 0
     6374206F
     7074696F
     6E202020
     00
00B7 50726573   137   Preset_menu_msg:  db 'Preset Profile  ', 0
     65742050
     726F6669
     6C652020
     00
00C8 43757374   138   Custom_menu_msg:  db 'Custom Profile  ', 0
     6F6D2050
     726F6669
     6C652020
     00
00D9 536F616B   139   Soak_temp:                 db 'Soak Temp       ', 0
     2054656D
     70202020
     20202020
     00
00EA 536F616B   140   Soak_time:                 db 'Soak Time       ', 0
     2054696D
     65202020
     20202020
     00
00FB 5265666C   141   Reflow_time:       db 'Reflow Time     ', 0
     6F772054
     696D6520
     20202020
     00
010C 5265666C   142   Reflow_temp:       db 'Reflow Temp     ', 0
     6F772054
     656D7020
     20202020
     00
011D 53414333   143   Pb_free_solder:    db 'SAC305 solder   ', 0
     30352073
     6F6C6465
     72202020
     00
012E 50622D73   144   Pb_solder:                 db 'Pb-solder paste ', 0
     6F6C6465
     72207061
     73746520
     00
013F 53686868   145   Pizza_msg0:        db 'Shhh! No pizza  ', 0
     21204E6F
     2070697A
     7A612020
     00
0150 616C6C6F   146   Pizza_msg1:        db 'allowed in here.', 0
     77656420
     696E2068
     6572652E
     00
0161 70726F66   147   Profile_loaded:   db 'profile loaded  ', 0
     696C6520
     6C6F6164
     65642020
     00
0172 53797374   148   Is_ready:                  db 'System Ready    ', 0
     656D2052
     65616479
     20202020
     00
0183 50726573   149   Press_start:       db 'Press Start     ', 0
     73205374
     61727420
     20202020
     00
0194 78782020   150   Set_Value:                 db 'xx              ', 0
     20202020
     20202020
     20202020
     00
01A5 20202020   151   Clear_Row:                 db '                ', 0
     20202020
     20202020
     20202020
     00
01B6 41542050   152   PRESETMENUMSG:     db 'AT PRESET MENU  ', 0
     52455345
     54204D45
     4E552020
     00
01C7 41542043   153   CUSTOMMENUMSG:     db 'AT CUSTOM MENU  ', 0
     5553544F
     4D204D45
     4E552020
     00
01D8 41726520   154   Are_you_sure:      db 'Are you sure?   ', 0
     796F7520
     73757265
     3F202020
     00
01E9 4572726F   155   Error_msg1:        db 'Error, profiles ', 0
     722C2070
     726F6669
     6C657320
     00
01FA 6E6F7420   156   Error_msg2:       db 'not loaded      ', 0
     6C6F6164
     65642020
     20202020
     00
020B 50726F63   157   Abort_string:      db 'Process aborted ', 0
     65737320
     61626F72
     74656420
     00
021C 57616974   158   Waiting_to_cool:  db 'Wait to cool    ', 0
     20746F20
     636F6F6C
     20202020
     00
022D 49535220   159   ISR_is_running:   db 'ISR is running  ', 0
     69732072
     756E6E69
     6E672020
     00
023E            160   
023E 53746174   161   State_0: db 'State 0', 0
     65203000
0246 53746174   162   State_1: db 'State 1', 0
     65203100
024E            163   
024E            164   
                166   	$LIST
02FC            168   
                546   $LIST
                170   $LIST
056C            172   
                174   $LIST
12E7            176   
                178   $LIST
16D3            180   
                182   $LIST
1957            184   
1957            185   
                187   $LIST
19D7            189   
19D7            190   ;----------------------------------------MACRO LOCATION----------------------------------------------
19D7            191   
19D7            192   
19D7            193   
19D7            194   
19D7            195   ;---------------------------------;
19D7            196   ; Routine to initialize the ISR   ;
19D7            197   ; for timer 0                     ;
19D7            198   ;---------------------------------;
19D7            199   Timer0_Init:
19D7 E589       200            mov a, TMOD
19D9 54F0       201            anl a, #0xf0 ; Clear the bits for timer 0
19DB 4401       202            orl a, #0x01 ; Configure timer 0 as 16-timer
19DD F589       203            mov TMOD, a
19DF 758CEA     204            mov TH0, #high(TIMER0_RELOAD)
19E2 758AE8     205            mov TL0, #low(TIMER0_RELOAD)
19E5            206            ; Set autoreload value
19E5 75F4EA     207            mov TIMER0_RELOAD_H, #high(TIMER0_RELOAD)
19E8 75F2E8     208            mov TIMER0_RELOAD_L, #low(TIMER0_RELOAD)
19EB            209            ; Enable the timer and interrupts
19EB D2A9       210       setb ET0  ; Enable timer 0 interrupt
19ED D28C       211       setb TR0  ; Start timer 0
19EF 22         212            ret
19F0            213   
19F0            214   ;---------------------------------;
19F0            215   ; ISR for timer 0.  Set to execute;
19F0            216   ; every 1/4096Hz to generate a    ;
19F0            217   ; 2048 Hz square wave at pin P3.7 ;
19F0            218   ;---------------------------------;
19F0            219   Timer0_ISR:
19F0            220            ;clr TF0  ; According to the data sheet this is done for us already.
19F0 8000       221            sjmp no_beep
19F2            222   beep_on:
19F2            223            ;cpl SOUND_OUT ; Connect speaker to P3.7!
19F2            224   no_beep:
19F2 32         225            reti
19F3            226            
19F3            227   ;---------------------------------;
19F3            228   ; Routine to initialize the ISR   ;
19F3            229   ; for timer 1 in PWM mode         ;
19F3            230   ;---------------------------------;
19F3            231   
19F3            232   Timer1_Init:
19F3 E589       233            mov a, TMOD
19F5 540F       234            anl a, #00001111B       ;Clears timer 1 settings but keeps timer 0 settings
19F7 4410       235            orl a, #00010000B       ;Gate = 0, TC1 = 0, mode = 01 (mode 1)
19F9 F589       236            mov TMOD, a
19FB            237            
19FB E591       238            mov a, TCONB            ;load TCONB for PWM settings
19FD 5400       239            anl a, #00000000B       ;clear TCONB
19FF 4480       240            orl a, #10000000B       ;Set PWM1 = 1
1A01 F591       241            mov TCONB, a
1A03            242            
1A03 758D00     243            mov TH1, #0             ;Current count value
1A06 758B00     244            mov TL1, #0             ;Linear Prescaling
1A09            245            
1A09 75F500     246            mov TIMER1_RELOAD_H, #DUTY_0 ;Duty cycle percentage. Replace this value to change the duty cycle
1A0C 75F300     247            mov TIMER1_RELOAD_L, #0      ;Frequency scaling/adjust f_out = f_sys/(256 * (256 - TL))
1A0F            248            
1A0F D28E       249            setb TR1
1A11 32         250            reti
1A12            251   
1A12            252   ;---------------------------------;
1A12            253   ; Routine to initialize the ISR   ;
1A12            254   ; for timer 2                     ;
1A12            255   ;---------------------------------;
1A12            256   Timer2_Init:
1A12 75C800     257            mov T2CON, #0 ; Stop timer/counter.  Autoreload mode.
1A15 75CDA9     258            mov TH2, #high(TIMER2_RELOAD)
1A18 75CC9A     259            mov TL2, #low(TIMER2_RELOAD)
1A1B            260            ; Set the reload value
1A1B 75CBA9     261            mov RCAP2H, #high(TIMER2_RELOAD)
1A1E 75CA9A     262            mov RCAP2L, #low(TIMER2_RELOAD)
1A21            263            ; Init One millisecond interrupt counter.  It is a 16-bit variable made with two 8-bit parts
1A21 E4         264            clr a
1A22 F530       265            mov Count1ms+0, a
1A24 F531       266            mov Count1ms+1, a
1A26            267            ; Enable the timer and interrupts
1A26 D2AD       268       setb ET2  ; Enable timer 2 interrupt
1A28 D2CA       269       setb TR2  ; Enable timer 2
1A2A 22         270            ret
1A2B            271   
1A2B            272   ;---------------------------------;
1A2B            273   ; ISR for timer 2                 ;
1A2B            274   ;---------------------------------;
1A2B            275   Timer2_ISR:
1A2B C2CF       276            clr TF2  ; Timer 2 doesn't clear TF2 automatically. Do it in ISR
1A2D            277            
1A2D            278            ; The two registers used in the ISR must be saved in the stack
1A2D C0E0       279            push acc
1A2F C0D0       280            push psw
1A31            281            
1A31            282            ; Increment the 16-bit one mili second counter
1A31            283                            ;       inc Count1ms+0    ; Increment the low 8-bits first
1A31            284                                    ;mov a, Count1ms+0
1A31            285                            ;       cjne a, #10h, Timer2_ISR_done
1A31            286                            ;       mov Count1ms+0, #0h
1A31 0530       287            inc Count1ms+0    ; Increment the low 8-bits first
1A33 E530       288            mov a, Count1ms+0 ; If the low 8-bits overflow, then increment high 8-bits
1A35 7015       289            jnz Inc_Done
1A37 0531       290            inc Count1ms+1
1A39            291            
1A39 C000       292            push ar0
1A3B A843       292            mov r0, bcd
1A3D 121575     292            lcall ?Send_BCD
1A40 740D       292            mov a, #'\r'
1A42 1212FF     292       lcall putchar
1A45 740A       292       mov a, #'\n'
1A47 1212FF     292       lcall putchar
1A4A D000       292            pop ar0
1A4C            293            Inc_Done:
1A4C            294            ; Check if a second has passed
1A4C            295   
1A4C E530       296            mov a, Count1ms+0
1A4E B4C815     297            cjne a, #low(MILLISECOND_WAIT), Timer2_ISR_done ; Warning: this instruction changes the carry flag!
1A51 E531       298            mov a, Count1ms+1
1A53 B40010     299            cjne a, #high(MILLISECOND_WAIT), Timer2_ISR_done
1A56            300            
1A56            301            ; 1000 milliseconds have passed.  Set a flag so the main program knows
1A56 D201       302            setb one_second_flag ; Let the main program know one second had passed
1A58 B28C       303            cpl TR0 ; Enable/disable timer/counter 0. This line creates a beep-silence-beep-silence sound.
1A5A            304            ; Reset to zero the milli-seconds counter, it is a 16-bit variable
1A5A E4         305            clr a
1A5B F530       306            mov Count1ms+0, a
1A5D F531       307            mov Count1ms+1, a
1A5F            308            ; Increment the BCD counter
1A5F E53A       309            mov a, seconds
1A61 2401       310            add a, #0x01
1A63 D4         311            da a ; Decimal adjust instruction.  Check datasheet for more details!
1A64 F53A       312            mov seconds, a
1A66            313            
1A66            314            
1A66            315   Timer2_ISR_done:
1A66 121978     316            lcall seg_state_machine
1A69            317   
1A69 D0D0       318            pop psw
1A6B D0E0       319            pop acc
1A6D 32         320            reti
1A6E            321   
1A6E            322   
1A6E            323   ;-------------------------------------
1A6E            324   ; To start or ABORT the reflow cycle
1A6E            325   ;------------------------------------
1A6E            326   Start_stop_Init: 
1A6E            327            
1A6E 759F01     328            mov KBMOD, #0x01        ; enable edge triggered for P0.0 and P0.1
1A71 759C00     329            mov KBLS, #0x00         ; watch for negative edge (0->1)
1A74 759D01     330            mov KBE, #0x01  ; enable interrupt for p0.0 and p0.1
1A77            331   ;        mov KBF, #0x01 ; interrupt active, must clear at start of ISR and setb at end. 
1A77            332   
1A77 22         333            ret
1A78            334   
1A78            335   Start_stop_ISR: 
1A78 759E00     336            mov KBF, #0             ; masks interrupt 
1A7B C0E0       337            push acc
1A7D            338   
1A7D C2A0       339            clr CE_ADC         ; selects 
1A7F 7801       339       mov R0, #00000001B ; Start bit: 1
1A81 121317     339       lcall DO_SPI_G
1A84            339       
1A84 78B0       339       mov R0, MASTER_STOP ; Read channel
1A86 121317     339       lcall DO_SPI_G
1A89 E9         339       mov a, R1
1A8A 5403       339       anl a, #00000011B
1A8C F537       339       mov ADC_Result+1, a    ; Save high result
1A8E            339       
1A8E 7855       339       mov R0, #55H
1A90 121317     339       lcall DO_SPI_G
1A93 8936       339       mov ADC_Result+0, R1     ; Save low result
1A95            339       
1A95 D2A0       339       setb CE_ADC        ; deselects
1A97            339       
1A97            339       ;V_OUT = ADC_voltage*4.096V/1023
1A97 85363B     339       mov x+0, ADC_Result
1A9A 85373C     339       mov x+1, ADC_Result+1
1A9D 753D00     339       mov x+2, #0
1AA0 753E00     339       mov x+3, #0
1AA3            339       
1AA3 753FFB     339            mov y+0, #low (4091 % 0x10000) 
1AA6 75400F     339            mov y+1, #high(4091 % 0x10000) 
1AA9 754100     339            mov y+2, #low (4091 / 0x10000) 
1AAC 754200     339            mov y+3, #high(4091 / 0x10000) 
1AAF 120476     339       lcall mul32 ;multiplies x *= y
1AB2            339       
1AB2 753FFF     339            mov y+0, #low (1023 % 0x10000) 
1AB5 754003     339            mov y+1, #high(1023 % 0x10000) 
1AB8 754100     339            mov y+2, #low (1023 / 0x10000) 
1ABB 754200     339            mov y+3, #high(1023 / 0x10000) 
1ABE 120503     339       lcall div32 ;divides x /= y
1AC1            339       
1AC1 753FE8     339            mov y+0, #low (1000 % 0x10000) 
1AC4 754003     339            mov y+1, #high(1000 % 0x10000) 
1AC7 754100     339            mov y+2, #low (1000 / 0x10000) 
1ACA 754200     339            mov y+3, #high(1000 / 0x10000) 
1ACD 120503     339       lcall div32
1AD0            339       
1AD0 853C37     339       mov ADC_Result+1, x+1
1AD3 853B36     339       mov ADC_Result+0, x+0
1AD6            339            ; loads ADC_Result (16 bit) with voltage value of pressed button 
1AD6 E536       339            mov a, ADC_Result+0
1AD8 B40002     339            cjne a, #0, wait_release_294
1ADB            339   
1ADB 8061       339            sjmp endhere_294
1ADD            339   wait_release_294:
1ADD C2A0       339            clr CE_ADC         ; selects 
1ADF 7801       339       mov R0, #00000001B ; Start bit: 1
1AE1 121317     339       lcall DO_SPI_G
1AE4            339       
1AE4 78B0       339       mov R0, MASTER_STOP ; Read channel
1AE6 121317     339       lcall DO_SPI_G
1AE9 E9         339       mov a, R1
1AEA 5403       339       anl a, #00000011B
1AEC F537       339       mov ADC_Result+1, a    ; Save high result
1AEE            339       
1AEE 7855       339       mov R0, #55H
1AF0 121317     339       lcall DO_SPI_G
1AF3 8936       339       mov ADC_Result+0, R1     ; Save low result
1AF5            339       
1AF5 D2A0       339       setb CE_ADC        ; deselects
1AF7            339       
1AF7            339       ;V_OUT = ADC_voltage*4.096V/1023
1AF7 85363B     339       mov x+0, ADC_Result
1AFA 85373C     339       mov x+1, ADC_Result+1
1AFD 753D00     339       mov x+2, #0
1B00 753E00     339       mov x+3, #0
1B03            339       
1B03 753FFB     339            mov y+0, #low (4091 % 0x10000) 
1B06 75400F     339            mov y+1, #high(4091 % 0x10000) 
1B09 754100     339            mov y+2, #low (4091 / 0x10000) 
1B0C 754200     339            mov y+3, #high(4091 / 0x10000) 
1B0F 120476     339       lcall mul32 ;multiplies x *= y
1B12            339       
1B12 753FFF     339            mov y+0, #low (1023 % 0x10000) 
1B15 754003     339            mov y+1, #high(1023 % 0x10000) 
1B18 754100     339            mov y+2, #low (1023 / 0x10000) 
1B1B 754200     339            mov y+3, #high(1023 / 0x10000) 
1B1E 120503     339       lcall div32 ;divides x /= y
1B21            339       
1B21 753FE8     339            mov y+0, #low (1000 % 0x10000) 
1B24 754003     339            mov y+1, #high(1000 % 0x10000) 
1B27 754100     339            mov y+2, #low (1000 / 0x10000) 
1B2A 754200     339            mov y+3, #high(1000 / 0x10000) 
1B2D 120503     339       lcall div32
1B30            339       
1B30 853C37     339       mov ADC_Result+1, x+1
1B33 853B36     339       mov ADC_Result+0, x+0
1B36            339            ; loads ADC_Result (16 bit) with voltage value of pressed button 
1B36 E536       339            mov a, ADC_Result+0
1B38 B400A2     339            cjne a, #0,wait_release_294
1B3B 021C23     339            ljmp STOP_ROUTINE
1B3E            339            endhere_294:    ; if master stop has been pressed, change to state 5
1B3E C2A0       340            clr CE_ADC         ; selects 
1B40 7801       340       mov R0, #00000001B ; Start bit: 1
1B42 121317     340       lcall DO_SPI_G
1B45            340       
1B45 78A0       340       mov R0, MASTER_START ; Read channel
1B47 121317     340       lcall DO_SPI_G
1B4A E9         340       mov a, R1
1B4B 5403       340       anl a, #00000011B
1B4D F537       340       mov ADC_Result+1, a    ; Save high result
1B4F            340       
1B4F 7855       340       mov R0, #55H
1B51 121317     340       lcall DO_SPI_G
1B54 8936       340       mov ADC_Result+0, R1     ; Save low result
1B56            340       
1B56 D2A0       340       setb CE_ADC        ; deselects
1B58            340       
1B58            340       ;V_OUT = ADC_voltage*4.096V/1023
1B58 85363B     340       mov x+0, ADC_Result
1B5B 85373C     340       mov x+1, ADC_Result+1
1B5E 753D00     340       mov x+2, #0
1B61 753E00     340       mov x+3, #0
1B64            340       
1B64 753FFB     340            mov y+0, #low (4091 % 0x10000) 
1B67 75400F     340            mov y+1, #high(4091 % 0x10000) 
1B6A 754100     340            mov y+2, #low (4091 / 0x10000) 
1B6D 754200     340            mov y+3, #high(4091 / 0x10000) 
1B70            340   
1B70 120476     340       lcall mul32 ;multiplies x *= y
1B73            340       
1B73 753FFF     340            mov y+0, #low (1023 % 0x10000) 
1B76 754003     340            mov y+1, #high(1023 % 0x10000) 
1B79 754100     340            mov y+2, #low (1023 / 0x10000) 
1B7C 754200     340            mov y+3, #high(1023 / 0x10000) 
1B7F 120503     340       lcall div32 ;divides x /= y
1B82            340       
1B82 753FE8     340            mov y+0, #low (1000 % 0x10000) 
1B85 754003     340            mov y+1, #high(1000 % 0x10000) 
1B88 754100     340            mov y+2, #low (1000 / 0x10000) 
1B8B 754200     340            mov y+3, #high(1000 / 0x10000) 
1B8E 120503     340       lcall div32
1B91            340       
1B91 853C37     340       mov ADC_Result+1, x+1
1B94 853B36     340       mov ADC_Result+0, x+0
1B97            340            ; loads ADC_Result (16 bit) with voltage value of pressed button 
1B97 E536       340            mov a, ADC_Result+0
1B99 B40002     340            cjne a, #0, wait_release_303
1B9C            340   
1B9C 8061       340            sjmp endhere_303
1B9E            340   wait_release_303:
1B9E C2A0       340            clr CE_ADC         ; selects 
1BA0 7801       340       mov R0, #00000001B ; Start bit: 1
1BA2 121317     340       lcall DO_SPI_G
1BA5            340       
1BA5 78A0       340       mov R0, MASTER_START ; Read channel
1BA7 121317     340       lcall DO_SPI_G
1BAA E9         340       mov a, R1
1BAB 5403       340       anl a, #00000011B
1BAD F537       340       mov ADC_Result+1, a    ; Save high result
1BAF            340       
1BAF 7855       340       mov R0, #55H
1BB1 121317     340       lcall DO_SPI_G
1BB4 8936       340       mov ADC_Result+0, R1     ; Save low result
1BB6            340       
1BB6 D2A0       340       setb CE_ADC        ; deselects
1BB8            340       
1BB8            340       ;V_OUT = ADC_voltage*4.096V/1023
1BB8 85363B     340       mov x+0, ADC_Result
1BBB 85373C     340       mov x+1, ADC_Result+1
1BBE 753D00     340       mov x+2, #0
1BC1 753E00     340       mov x+3, #0
1BC4            340       
1BC4 753FFB     340            mov y+0, #low (4091 % 0x10000) 
1BC7 75400F     340            mov y+1, #high(4091 % 0x10000) 
1BCA 754100     340            mov y+2, #low (4091 / 0x10000) 
1BCD 754200     340            mov y+3, #high(4091 / 0x10000) 
1BD0            340   
1BD0 120476     340       lcall mul32 ;multiplies x *= y
1BD3            340       
1BD3 753FFF     340            mov y+0, #low (1023 % 0x10000) 
1BD6 754003     340            mov y+1, #high(1023 % 0x10000) 
1BD9 754100     340            mov y+2, #low (1023 / 0x10000) 
1BDC 754200     340            mov y+3, #high(1023 / 0x10000) 
1BDF 120503     340       lcall div32 ;divides x /= y
1BE2            340       
1BE2 753FE8     340            mov y+0, #low (1000 % 0x10000) 
1BE5 754003     340            mov y+1, #high(1000 % 0x10000) 
1BE8 754100     340            mov y+2, #low (1000 / 0x10000) 
1BEB 754200     340            mov y+3, #high(1000 / 0x10000) 
1BEE 120503     340       lcall div32
1BF1            340       
1BF1 853C37     340       mov ADC_Result+1, x+1
1BF4 853B36     340       mov ADC_Result+0, x+0
1BF7            340            ; loads ADC_Result (16 bit) with voltage value of pressed button 
1BF7 E536       340            mov a, ADC_Result+0
1BF9 B400A2     340            cjne a, #0,wait_release_303
1BFC 021BFF     340            ljmp START_ROUTINE
1BFF            340            endhere_303: ; if master start has been pressed, change to state 1
1BFF            341   
1BFF            342   START_ROUTINE: 
1BFF            343            ; We should add some code here that 
1BFF E4         344            clr a
1C00 C0E0       345            push acc
1C02 7401       345            mov a, #1
1C04 14         345            dec a
1C05 1202DF     345            lcall ?Set_Cursor_2 ; Select column and row
1C08 D0E0       345            pop acc
1C0A C083       346            push dph
1C0C C082       346            push dpl
1C0E C0E0       346            push acc
1C10 90022D     346            mov dptr, #ISR_is_running
1C13 1202D4     346            lcall ?Send_Constant_String
1C16 D0E0       346            pop acc
1C18 D082       346            pop dpl
1C1A D083       346            pop dph
1C1C E552       347            mov a, reflow_state
1C1E            348            ;cjne a, #0x00, End_master_ISR
1C1E 755201     349            mov reflow_state, #0x01
1C21 803D       350            sjmp End_master_ISR
1C23            351   
1C23            352   
1C23            353   
1C23            354   STOP_ROUTINE: 
1C23 755205     355            mov reflow_state, #5    
1C26            356            ; any other things we want to do, ie, statements we want to make 
1C26            357   
1C26 C0E0       358            push acc
1C28 7401       358            mov a, #1
1C2A 14         358            dec a
1C2B 1202E1     358            lcall ?Set_Cursor_1 ; Select column and row
1C2E D0E0       358            pop acc
1C30 C083       359            push dph
1C32 C082       359            push dpl
1C34 C0E0       359            push acc
1C36 90020B     359            mov dptr, #Abort_string
1C39 1202D4     359            lcall ?Send_Constant_String
1C3C D0E0       359            pop acc
1C3E D082       359            pop dpl
1C40 D083       359            pop dph
1C42            360   
1C42 C0E0       361            push acc
1C44 7401       361            mov a, #1
1C46 14         361            dec a
1C47 1202DF     361            lcall ?Set_Cursor_2 ; Select column and row
1C4A D0E0       361            pop acc
1C4C C083       362            push dph
1C4E C082       362            push dpl
1C50 C0E0       362            push acc
1C52 90021C     362            mov dptr, #Waiting_to_cool
1C55 1202D4     362            lcall ?Send_Constant_String
1C58 D0E0       362            pop acc
1C5A D082       362            pop dpl
1C5C D083       362            pop dph
1C5E            363   
1C5E 8000       364            sjmp End_master_ISR
1C60            365   
1C60            366   
1C60            367   End_master_ISR: 
1C60            368   ;        mov KBF, #1             ; enables interrupt
1C60 D0E0       369            pop acc
1C62            370   
1C62 32         371            reti
1C63            372   
1C63            373   
1C63            374   MainProgram:
1C63 75817F     375       mov SP, #7FH ; Set the stack pointer to the begining of idata
1C66 121A6E     376       lcall Start_stop_Init
1C69 1219D7     377       lcall Timer0_Init
1C6C 1219F3     378            lcall Timer1_Init
1C6F 121A12     379       lcall Timer2_Init
1C72 1219B9     380            lcall seg_state_init
1C75 755200     381            mov reflow_state, #0x00
1C78            382       ; In case you decide to use the pins of P0, configure the port in bidirectional mode:
1C78 75E600     383       mov P0M0, #0
1C7B 75E700     384       mov P0M1, #0
1C7E            385            
1C7E 758E11     386            mov AUXR, #00010001B ; Max memory.  P4.4 is a general purpose IO pin
1C81            387   
1C81 D2AF       388       setb EA   ; Enable Global interrupts
1C83            389            
1C83 121312     390            lcall INIT_SPI
1C86 1202A8     391       lcall LCD_4BIT
1C89            392       
1C89            393   menu_forever:
1C89 020579     394       ljmp Main_Menu_Program
1C8C 1216C4     395            lcall GET_TEMP_DATA      ;This is the lab3 derivative loop that grabs the data from the thermocouple, 
1C8F            396            
1C8F            397   forever:
1C8F 1216C4     398            lcall GET_TEMP_DATA      ;This is the lab3 derivative loop that grabs the data from the thermocouple, 
1C92 0216D3     399            ljmp reflow_state_machine       ; go do some stuff in the state_machine
1C95            400   
1C95            401   
1C95 021C8F     402       ljmp forever ; This is equivalent to 'forever: sjmp forever'
1C98            403   
1C98            404       
1C98            405   EN
